Archive member included to satisfy reference by file (symbol)

C:/ST/STM32CubeIDE_1.14.1/STM32CubeIDE/plugins/com.st.stm32cube.ide.mcu.externaltools.gnu-tools-for-stm32.11.3.rel1.win32_1.1.100.202309141235/tools/bin/../lib/gcc/arm-none-eabi/11.3.1/../../../../arm-none-eabi/lib/thumb/v6-m/nofp\libc.a(libc_a-atof.o)
                              BOS\BOS_CLI.o (atof)
C:/ST/STM32CubeIDE_1.14.1/STM32CubeIDE/plugins/com.st.stm32cube.ide.mcu.externaltools.gnu-tools-for-stm32.11.3.rel1.win32_1.1.100.202309141235/tools/bin/../lib/gcc/arm-none-eabi/11.3.1/../../../../arm-none-eabi/lib/thumb/v6-m/nofp\libc.a(libc_a-atoi.o)
                              BOS\BOS_CLI.o (atoi)
C:/ST/STM32CubeIDE_1.14.1/STM32CubeIDE/plugins/com.st.stm32cube.ide.mcu.externaltools.gnu-tools-for-stm32.11.3.rel1.win32_1.1.100.202309141235/tools/bin/../lib/gcc/arm-none-eabi/11.3.1/../../../../arm-none-eabi/lib/thumb/v6-m/nofp\libc.a(libc_a-atol.o)
                              BOS\BOS.o (atol)
C:/ST/STM32CubeIDE_1.14.1/STM32CubeIDE/plugins/com.st.stm32cube.ide.mcu.externaltools.gnu-tools-for-stm32.11.3.rel1.win32_1.1.100.202309141235/tools/bin/../lib/gcc/arm-none-eabi/11.3.1/../../../../arm-none-eabi/lib/thumb/v6-m/nofp\libc.a(libc_a-exit.o)
                              C:/ST/STM32CubeIDE_1.14.1/STM32CubeIDE/plugins/com.st.stm32cube.ide.mcu.externaltools.gnu-tools-for-stm32.11.3.rel1.win32_1.1.100.202309141235/tools/bin/../lib/gcc/arm-none-eabi/11.3.1/../../../../arm-none-eabi/lib/thumb/v6-m/nofp/crt0.o (exit)
C:/ST/STM32CubeIDE_1.14.1/STM32CubeIDE/plugins/com.st.stm32cube.ide.mcu.externaltools.gnu-tools-for-stm32.11.3.rel1.win32_1.1.100.202309141235/tools/bin/../lib/gcc/arm-none-eabi/11.3.1/../../../../arm-none-eabi/lib/thumb/v6-m/nofp\libc.a(libc_a-malloc.o)
                              BOS\BOS.o (malloc)
C:/ST/STM32CubeIDE_1.14.1/STM32CubeIDE/plugins/com.st.stm32cube.ide.mcu.externaltools.gnu-tools-for-stm32.11.3.rel1.win32_1.1.100.202309141235/tools/bin/../lib/gcc/arm-none-eabi/11.3.1/../../../../arm-none-eabi/lib/thumb/v6-m/nofp\libc.a(libc_a-mallocr.o)
                              C:/ST/STM32CubeIDE_1.14.1/STM32CubeIDE/plugins/com.st.stm32cube.ide.mcu.externaltools.gnu-tools-for-stm32.11.3.rel1.win32_1.1.100.202309141235/tools/bin/../lib/gcc/arm-none-eabi/11.3.1/../../../../arm-none-eabi/lib/thumb/v6-m/nofp\libc.a(libc_a-malloc.o) (_malloc_r)
C:/ST/STM32CubeIDE_1.14.1/STM32CubeIDE/plugins/com.st.stm32cube.ide.mcu.externaltools.gnu-tools-for-stm32.11.3.rel1.win32_1.1.100.202309141235/tools/bin/../lib/gcc/arm-none-eabi/11.3.1/../../../../arm-none-eabi/lib/thumb/v6-m/nofp\libc.a(libc_a-mlock.o)
                              C:/ST/STM32CubeIDE_1.14.1/STM32CubeIDE/plugins/com.st.stm32cube.ide.mcu.externaltools.gnu-tools-for-stm32.11.3.rel1.win32_1.1.100.202309141235/tools/bin/../lib/gcc/arm-none-eabi/11.3.1/../../../../arm-none-eabi/lib/thumb/v6-m/nofp\libc.a(libc_a-mallocr.o) (__malloc_lock)
C:/ST/STM32CubeIDE_1.14.1/STM32CubeIDE/plugins/com.st.stm32cube.ide.mcu.externaltools.gnu-tools-for-stm32.11.3.rel1.win32_1.1.100.202309141235/tools/bin/../lib/gcc/arm-none-eabi/11.3.1/../../../../arm-none-eabi/lib/thumb/v6-m/nofp\libc.a(libc_a-rand.o)
                              BOS\BOS_CLIcommands.o (rand)
C:/ST/STM32CubeIDE_1.14.1/STM32CubeIDE/plugins/com.st.stm32cube.ide.mcu.externaltools.gnu-tools-for-stm32.11.3.rel1.win32_1.1.100.202309141235/tools/bin/../lib/gcc/arm-none-eabi/11.3.1/../../../../arm-none-eabi/lib/thumb/v6-m/nofp\libc.a(libc_a-realloc.o)
                              BOS\BOS_CLI.o (realloc)
C:/ST/STM32CubeIDE_1.14.1/STM32CubeIDE/plugins/com.st.stm32cube.ide.mcu.externaltools.gnu-tools-for-stm32.11.3.rel1.win32_1.1.100.202309141235/tools/bin/../lib/gcc/arm-none-eabi/11.3.1/../../../../arm-none-eabi/lib/thumb/v6-m/nofp\libc.a(libc_a-reallocr.o)
                              C:/ST/STM32CubeIDE_1.14.1/STM32CubeIDE/plugins/com.st.stm32cube.ide.mcu.externaltools.gnu-tools-for-stm32.11.3.rel1.win32_1.1.100.202309141235/tools/bin/../lib/gcc/arm-none-eabi/11.3.1/../../../../arm-none-eabi/lib/thumb/v6-m/nofp\libc.a(libc_a-realloc.o) (_realloc_r)
C:/ST/STM32CubeIDE_1.14.1/STM32CubeIDE/plugins/com.st.stm32cube.ide.mcu.externaltools.gnu-tools-for-stm32.11.3.rel1.win32_1.1.100.202309141235/tools/bin/../lib/gcc/arm-none-eabi/11.3.1/../../../../arm-none-eabi/lib/thumb/v6-m/nofp\libc.a(libc_a-strtod.o)
                              C:/ST/STM32CubeIDE_1.14.1/STM32CubeIDE/plugins/com.st.stm32cube.ide.mcu.externaltools.gnu-tools-for-stm32.11.3.rel1.win32_1.1.100.202309141235/tools/bin/../lib/gcc/arm-none-eabi/11.3.1/../../../../arm-none-eabi/lib/thumb/v6-m/nofp\libc.a(libc_a-atof.o) (strtod)
C:/ST/STM32CubeIDE_1.14.1/STM32CubeIDE/plugins/com.st.stm32cube.ide.mcu.externaltools.gnu-tools-for-stm32.11.3.rel1.win32_1.1.100.202309141235/tools/bin/../lib/gcc/arm-none-eabi/11.3.1/../../../../arm-none-eabi/lib/thumb/v6-m/nofp\libc.a(libc_a-strtol.o)
[...]
Memory Configuration

Name             Origin             Length             Attributes
RAM              0x0000000020000000 0x0000000000024000 xrw
FLASH            0x0000000008000000 0x0000000000080000 xr
*default*        0x0000000000000000 0xffffffffffffffff

Linker script and memory map

LOAD C:/ST/STM32CubeIDE_1.14.1/STM32CubeIDE/plugins/com.st.stm32cube.ide.mcu.externaltools.gnu-tools-for-stm32.11.3.rel1.win32_1.1.100.202309141235/tools/bin/../lib/gcc/arm-none-eabi/11.3.1/thumb/v6-m/nofp/crti.o
LOAD C:/ST/STM32CubeIDE_1.14.1/STM32CubeIDE/plugins/com.st.stm32cube.ide.mcu.externaltools.gnu-tools-for-stm32.11.3.rel1.win32_1.1.100.202309141235/tools/bin/../lib/gcc/arm-none-eabi/11.3.1/thumb/v6-m/nofp/crtbegin.o
LOAD C:/ST/STM32CubeIDE_1.14.1/STM32CubeIDE/plugins/com.st.stm32cube.ide.mcu.externaltools.gnu-tools-for-stm32.11.3.rel1.win32_1.1.100.202309141235/tools/bin/../lib/gcc/arm-none-eabi/11.3.1/../../../../arm-none-eabi/lib/thumb/v6-m/nofp/crt0.o
LOAD BOS\BOS.o
LOAD BOS\BOS_CLI.o
LOAD BOS\BOS_CLIcommands.o
LOAD BOS\BOS_dma.o
LOAD BOS\BOS_freertos.o
LOAD BOS\BOS_messaging.o
LOAD BOS\BOS_msgparser.o
LOAD H1FR5\H1FR5.o
LOAD H1FR5\H1FR5_dma.o
LOAD H1FR5\H1FR5_eeprom.o
LOAD H1FR5\H1FR5_gpio.o
LOAD H1FR5\H1FR5_inputs.o
LOAD H1FR5\H1FR5_it.o
LOAD H1FR5\H1FR5_rtc.o
LOAD H1FR5\H1FR5_timers.o
LOAD H1FR5\H1FR5_uart.o
LOAD H1FR5\startup_stm32g0b1ceuxn.o
LOAD Thirdparty\CMSIS\STM32G0xx\Device\ST\STM32G0xx\Source\Templates\system_stm32g0xx.o
LOAD Thirdparty\Middleware\STM32G0xx\FreeRTOS\Source\CMSIS_RTOS\cmsis_os.o
LOAD Thirdparty\Middleware\STM32G0xx\FreeRTOS\Source\FreeRTOS_CLI.o
LOAD Thirdparty\Middleware\STM32G0xx\FreeRTOS\Source\croutine.o
LOAD Thirdparty\Middleware\STM32G0xx\FreeRTOS\Source\event_groups.o
LOAD Thirdparty\Middleware\STM32G0xx\FreeRTOS\Source\list.o
LOAD Thirdparty\Middleware\STM32G0xx\FreeRTOS\Source\portable\GCC\ARM_CM0\port.o
LOAD Thirdparty\Middleware\STM32G0xx\FreeRTOS\Source\portable\MemMang\heap_4.o
LOAD Thirdparty\Middleware\STM32G0xx\FreeRTOS\Source\queue.o
LOAD Thirdparty\Middleware\STM32G0xx\FreeRTOS\Source\stream_buffer.o
LOAD Thirdparty\Middleware\STM32G0xx\FreeRTOS\Source\tasks.o
LOAD Thirdparty\Middleware\STM32G0xx\FreeRTOS\Source\timers.o
LOAD Thirdparty\SAM_M10Q\SAM_M10Q.o
LOAD Thirdparty\STM32G0xx_HAL_Driver\Src\stm32g0xx_hal.o
LOAD Thirdparty\STM32G0xx_HAL_Driver\Src\stm32g0xx_hal_adc.o
LOAD Thirdparty\STM32G0xx_HAL_Driver\Src\stm32g0xx_hal_adc_ex.o
LOAD Thirdparty\STM32G0xx_HAL_Driver\Src\stm32g0xx_hal_cec.o
LOAD Thirdparty\STM32G0xx_HAL_Driver\Src\stm32g0xx_hal_comp.o
LOAD Thirdparty\STM32G0xx_HAL_Driver\Src\stm32g0xx_hal_cortex.o
LOAD Thirdparty\STM32G0xx_HAL_Driver\Src\stm32g0xx_hal_crc.o
LOAD Thirdparty\STM32G0xx_HAL_Driver\Src\stm32g0xx_hal_crc_ex.o
LOAD Thirdparty\STM32G0xx_HAL_Driver\Src\stm32g0xx_hal_cryp.o
LOAD Thirdparty\STM32G0xx_HAL_Driver\Src\stm32g0xx_hal_cryp_ex.o
LOAD Thirdparty\STM32G0xx_HAL_Driver\Src\stm32g0xx_hal_dac.o
LOAD Thirdparty\STM32G0xx_HAL_Driver\Src\stm32g0xx_hal_dac_ex.o
LOAD Thirdparty\STM32G0xx_HAL_Driver\Src\stm32g0xx_hal_dma.o
LOAD Thirdparty\STM32G0xx_HAL_Driver\Src\stm32g0xx_hal_dma_ex.o
LOAD Thirdparty\STM32G0xx_HAL_Driver\Src\stm32g0xx_hal_exti.o
LOAD Thirdparty\STM32G0xx_HAL_Driver\Src\stm32g0xx_hal_fdcan.o
LOAD Thirdparty\STM32G0xx_HAL_Driver\Src\stm32g0xx_hal_flash.o
LOAD Thirdparty\STM32G0xx_HAL_Driver\Src\stm32g0xx_hal_flash_ex.o
LOAD Thirdparty\STM32G0xx_HAL_Driver\Src\stm32g0xx_hal_gpio.o
LOAD Thirdparty\STM32G0xx_HAL_Driver\Src\stm32g0xx_hal_hcd.o
LOAD Thirdparty\STM32G0xx_HAL_Driver\Src\stm32g0xx_hal_i2c.o
LOAD Thirdparty\STM32G0xx_HAL_Driver\Src\stm32g0xx_hal_i2c_ex.o
LOAD Thirdparty\STM32G0xx_HAL_Driver\Src\stm32g0xx_hal_i2s.o
LOAD Thirdparty\STM32G0xx_HAL_Driver\Src\stm32g0xx_hal_irda.o
LOAD Thirdparty\STM32G0xx_HAL_Driver\Src\stm32g0xx_hal_iwdg.o
LOAD Thirdparty\STM32G0xx_HAL_Driver\Src\stm32g0xx_hal_lptim.o
LOAD Thirdparty\STM32G0xx_HAL_Driver\Src\stm32g0xx_hal_msp_template.o
LOAD Thirdparty\STM32G0xx_HAL_Driver\Src\stm32g0xx_hal_pcd.o
LOAD Thirdparty\STM32G0xx_HAL_Driver\Src\stm32g0xx_hal_pcd_ex.o
LOAD Thirdparty\STM32G0xx_HAL_Driver\Src\stm32g0xx_hal_pwr.o
LOAD Thirdparty\STM32G0xx_HAL_Driver\Src\stm32g0xx_hal_pwr_ex.o
LOAD Thirdparty\STM32G0xx_HAL_Driver\Src\stm32g0xx_hal_rcc.o
LOAD Thirdparty\STM32G0xx_HAL_Driver\Src\stm32g0xx_hal_rcc_ex.o
LOAD Thirdparty\STM32G0xx_HAL_Driver\Src\stm32g0xx_hal_rng.o
LOAD Thirdparty\STM32G0xx_HAL_Driver\Src\stm32g0xx_hal_rtc.o
LOAD Thirdparty\STM32G0xx_HAL_Driver\Src\stm32g0xx_hal_rtc_ex.o
LOAD Thirdparty\STM32G0xx_HAL_Driver\Src\stm32g0xx_hal_smartcard.o
LOAD Thirdparty\STM32G0xx_HAL_Driver\Src\stm32g0xx_hal_smartcard_ex.o
LOAD Thirdparty\STM32G0xx_HAL_Driver\Src\stm32g0xx_hal_smbus.o
LOAD Thirdparty\STM32G0xx_HAL_Driver\Src\stm32g0xx_hal_smbus_ex.o
LOAD Thirdparty\STM32G0xx_HAL_Driver\Src\stm32g0xx_hal_spi.o
LOAD Thirdparty\STM32G0xx_HAL_Driver\Src\stm32g0xx_hal_spi_ex.o
LOAD Thirdparty\STM32G0xx_HAL_Driver\Src\stm32g0xx_hal_tim.o
LOAD Thirdparty\STM32G0xx_HAL_Driver\Src\stm32g0xx_hal_tim_ex.o
LOAD Thirdparty\STM32G0xx_HAL_Driver\Src\stm32g0xx_hal_uart.o
LOAD Thirdparty\STM32G0xx_HAL_Driver\Src\stm32g0xx_hal_uart_ex.o
LOAD Thirdparty\STM32G0xx_HAL_Driver\Src\stm32g0xx_hal_usart.o
LOAD Thirdparty\STM32G0xx_HAL_Driver\Src\stm32g0xx_hal_usart_ex.o
LOAD Thirdparty\STM32G0xx_HAL_Driver\Src\stm32g0xx_hal_wwdg.o
LOAD Thirdparty\STM32G0xx_HAL_Driver\Src\stm32g0xx_ll_adc.o
LOAD Thirdparty\STM32G0xx_HAL_Driver\Src\stm32g0xx_ll_comp.o
LOAD Thirdparty\STM32G0xx_HAL_Driver\Src\stm32g0xx_ll_crc.o
LOAD Thirdparty\STM32G0xx_HAL_Driver\Src\stm32g0xx_ll_crs.o
LOAD Thirdparty\STM32G0xx_HAL_Driver\Src\stm32g0xx_ll_dac.o
LOAD Thirdparty\STM32G0xx_HAL_Driver\Src\stm32g0xx_ll_dma.o
LOAD Thirdparty\STM32G0xx_HAL_Driver\Src\stm32g0xx_ll_exti.o
LOAD Thirdparty\STM32G0xx_HAL_Driver\Src\stm32g0xx_ll_gpio.o
LOAD Thirdparty\STM32G0xx_HAL_Driver\Src\stm32g0xx_ll_i2c.o
LOAD Thirdparty\STM32G0xx_HAL_Driver\Src\stm32g0xx_ll_lptim.o
LOAD Thirdparty\STM32G0xx_HAL_Driver\Src\stm32g0xx_ll_lpuart.o
LOAD Thirdparty\STM32G0xx_HAL_Driver\Src\stm32g0xx_ll_pwr.o
LOAD Thirdparty\STM32G0xx_HAL_Driver\Src\stm32g0xx_ll_rcc.o
LOAD Thirdparty\STM32G0xx_HAL_Driver\Src\stm32g0xx_ll_rng.o
LOAD Thirdparty\STM32G0xx_HAL_Driver\Src\stm32g0xx_ll_rtc.o
LOAD Thirdparty\STM32G0xx_HAL_Driver\Src\stm32g0xx_ll_spi.o
LOAD Thirdparty\STM32G0xx_HAL_Driver\Src\stm32g0xx_ll_tim.o
LOAD Thirdparty\STM32G0xx_HAL_Driver\Src\stm32g0xx_ll_ucpd.o
LOAD Thirdparty\STM32G0xx_HAL_Driver\Src\stm32g0xx_ll_usart.o
LOAD Thirdparty\STM32G0xx_HAL_Driver\Src\stm32g0xx_ll_usb.o
LOAD Thirdparty\STM32G0xx_HAL_Driver\Src\stm32g0xx_ll_utils.o
LOAD User\main.o
START GROUP
LOAD C:/ST/STM32CubeIDE_1.14.1/STM32CubeIDE/plugins/com.st.stm32cube.ide.mcu.externaltools.gnu-tools-for-stm32.11.3.rel1.win32_1.1.100.202309141235/tools/bin/../lib/gcc/arm-none-eabi/11.3.1/../../../../arm-none-eabi/lib/thumb/v6-m/nofp\libc.a
LOAD C:/ST/STM32CubeIDE_1.14.1/STM32CubeIDE/plugins/com.st.stm32cube.ide.mcu.externaltools.gnu-tools-for-stm32.11.3.rel1.win32_1.1.100.202309141235/tools/bin/../lib/gcc/arm-none-eabi/11.3.1/../../../../arm-none-eabi/lib/thumb/v6-m/nofp\libm.a
END GROUP
START GROUP
LOAD C:/ST/STM32CubeIDE_1.14.1/STM32CubeIDE/plugins/com.st.stm32cube.ide.mcu.externaltools.gnu-tools-for-stm32.11.3.rel1.win32_1.1.100.202309141235/tools/bin/../lib/gcc/arm-none-eabi/11.3.1/thumb/v6-m/nofp\libgcc.a
LOAD C:/ST/STM32CubeIDE_1.14.1/STM32CubeIDE/plugins/com.st.stm32cube.ide.mcu.externaltools.gnu-tools-for-stm32.11.3.rel1.win32_1.1.100.202309141235/tools/bin/../lib/gcc/arm-none-eabi/11.3.1/../../../../arm-none-eabi/lib/thumb/v6-m/nofp\libc.a
END GROUP
START GROUP
LOAD C:/ST/STM32CubeIDE_1.14.1/STM32CubeIDE/plugins/com.st.stm32cube.ide.mcu.externaltools.gnu-tools-for-stm32.11.3.rel1.win32_1.1.100.202309141235/tools/bin/../lib/gcc/arm-none-eabi/11.3.1/thumb/v6-m/nofp\libgcc.a
LOAD C:/ST/STM32CubeIDE_1.14.1/STM32CubeIDE/plugins/com.st.stm32cube.ide.mcu.externaltools.gnu-tools-for-stm32.11.3.rel1.win32_1.1.100.202309141235/tools/bin/../lib/gcc/arm-none-eabi/11.3.1/../../../../arm-none-eabi/lib/thumb/v6-m/nofp\libc.a
LOAD C:/ST/STM32CubeIDE_1.14.1/STM32CubeIDE/plugins/com.st.stm32cube.ide.mcu.externaltools.gnu-tools-for-stm32.11.3.rel1.win32_1.1.100.202309141235/tools/bin/../lib/gcc/arm-none-eabi/11.3.1/../../../../arm-none-eabi/lib/thumb/v6-m/nofp\libnosys.a
END GROUP
LOAD C:/ST/STM32CubeIDE_1.14.1/STM32CubeIDE/plugins/com.st.stm32cube.ide.mcu.externaltools.gnu-tools-for-stm32.11.3.rel1.win32_1.1.100.202309141235/tools/bin/../lib/gcc/arm-none-eabi/11.3.1/thumb/v6-m/nofp/crtend.o
LOAD C:/ST/STM32CubeIDE_1.14.1/STM32CubeIDE/plugins/com.st.stm32cube.ide.mcu.externaltools.gnu-tools-for-stm32.11.3.rel1.win32_1.1.100.202309141235/tools/bin/../lib/gcc/arm-none-eabi/11.3.1/thumb/v6-m/nofp/crtn.o
                0x0000000020024000                _estack = (ORIGIN (RAM) + LENGTH (RAM))
                0x0000000000000200                _Min_Heap_Size = 0x200
                0x0000000000000400                _Min_Stack_Size = 0x400

.isr_vector     0x0000000008000000       0xbc
                0x0000000008000000                . = ALIGN (0x4)
 *(.isr_vector)
 .isr_vector    0x0000000008000000       0xbc H1FR5\startup_stm32g0b1ceuxn.o
                0x0000000008000000                g_pfnVectors
                0x00000000080000bc                . = ALIGN (0x4)

.text           0x00000000080000c0    0x2a708
                0x00000000080000c0                . = ALIGN (0x4)
 *(.text)
 .text          0x00000000080000c0       0x48 C:/ST/STM32CubeIDE_1.14.1/STM32CubeIDE/plugins/com.st.stm32cube.ide.mcu.externaltools.gnu-tools-for-stm32.11.3.rel1.win32_1.1.100.202309141235/tools/bin/../lib/gcc/arm-none-eabi/11.3.1/thumb/v6-m/nofp/crtbegin.o
 .text          0x0000000008000108       0x14 C:/ST/STM32CubeIDE_1.14.1/STM32CubeIDE/plugins/com.st.stm32cube.ide.mcu.externaltools.gnu-tools-for-stm32.11.3.rel1.win32_1.1.100.202309141235/tools/bin/../lib/gcc/arm-none-eabi/11.3.1/../../../../arm-none-eabi/lib/thumb/v6-m/nofp\libc.a(libc_a-strcmp.o)
                0x0000000008000108                strcmp
 .text          0x000000000800011c        0xe C:/ST/STM32CubeIDE_1.14.1/STM32CubeIDE/plugins/com.st.stm32cube.ide.mcu.externaltools.gnu-tools-for-stm32.11.3.rel1.win32_1.1.100.202309141235/tools/bin/../lib/gcc/arm-none-eabi/11.3.1/../../../../arm-none-eabi/lib/thumb/v6-m/nofp\libc.a(libc_a-strlen.o)
                0x000000000800011c                strlen
 *fill*         0x000000000800012a        0x2 
 .text          0x000000000800012c       0x14 C:/ST/STM32CubeIDE_1.14.1/STM32CubeIDE/plugins/com.st.stm32cube.ide.mcu.externaltools.gnu-tools-for-stm32.11.3.rel1.win32_1.1.100.202309141235/tools/bin/../lib/gcc/arm-none-eabi/11.3.1/thumb/v6-m/nofp\libgcc.a(_thumb1_case_uqi.o)
                0x000000000800012c                __gnu_thumb1_case_uqi
 .text          0x0000000008000140       0x14 C:/ST/STM32CubeIDE_1.14.1/STM32CubeIDE/plugins/com.st.stm32cube.ide.mcu.externaltools.gnu-tools-for-stm32.11.3.rel1.win32_1.1.100.202309141235/tools/bin/../lib/gcc/arm-none-eabi/11.3.1/thumb/v6-m/nofp\libgcc.a(_thumb1_case_uhi.o)
                0x0000000008000140                __gnu_thumb1_case_uhi
 .text          0x0000000008000154      0x114 C:/ST/STM32CubeIDE_1.14.1/STM32CubeIDE/plugins/com.st.stm32cube.ide.mcu.externaltools.gnu-tools-for-stm32.11.3.rel1.win32_1.1.100.202309141235/tools/bin/../lib/gcc/arm-none-eabi/11.3.1/thumb/v6-m/nofp\libgcc.a(_udivsi3.o)
                0x0000000008000154                __aeabi_uidiv
                0x0000000008000154                __udivsi3
                0x0000000008000260                __aeabi_uidivmod
 .text          0x0000000008000268      0x1d4 C:/ST/STM32CubeIDE_1.14.1/STM32CubeIDE/plugins/com.st.stm32cube.ide.mcu.externaltools.gnu-tools-for-stm32.11.3.rel1.win32_1.1.100.202309141235/tools/bin/../lib/gcc/arm-none-eabi/11.3.1/thumb/v6-m/nofp\libgcc.a(_divsi3.o)
                0x0000000008000268                __divsi3
                0x0000000008000268                __aeabi_idiv
                0x0000000008000434                __aeabi_idivmod
 .text          0x000000000800043c        0x4 C:/ST/STM32CubeIDE_1.14.1/STM32CubeIDE/plugins/com.st.stm32cube.ide.mcu.externaltools.gnu-tools-for-stm32.11.3.rel1.win32_1.1.100.202309141235/tools/bin/../lib/gcc/arm-none-eabi/11.3.1/thumb/v6-m/nofp\libgcc.a(_dvmd_tls.o)
                0x000000000800043c                __aeabi_idiv0
                0x000000000800043c                __aeabi_ldiv0
 .text          0x0000000008000440       0x7c C:/ST/STM32CubeIDE_1.14.1/STM32CubeIDE/plugins/com.st.stm32cube.ide.mcu.externaltools.gnu-tools-for-stm32.11.3.rel1.win32_1.1.100.202309141235/tools/bin/../lib/gcc/arm-none-eabi/11.3.1/thumb/v6-m/nofp\libgcc.a(_arm_cmpdf2.o)
                0x0000000008000440                __aeabi_cdrcmple
                0x0000000008000450                __aeabi_cdcmple
                0x0000000008000450                __aeabi_cdcmpeq
                0x0000000008000460                __aeabi_dcmpeq
                0x000000000800046c                __aeabi_dcmplt
                0x0000000008000480                __aeabi_dcmple
                0x0000000008000494                __aeabi_dcmpgt
                0x00000000080004a8                __aeabi_dcmpge
 .text          0x00000000080004bc       0x74 C:/ST/STM32CubeIDE_1.14.1/STM32CubeIDE/plugins/com.st.stm32cube.ide.mcu.externaltools.gnu-tools-for-stm32.11.3.rel1.win32_1.1.100.202309141235/tools/bin/../lib/gcc/arm-none-eabi/11.3.1/thumb/v6-m/nofp\libgcc.a(_arm_cmpsf2.o)
                0x00000000080004bc                __aeabi_cfrcmple
                0x00000000080004c4                __aeabi_cfcmpeq
                0x00000000080004c4                __aeabi_cfcmple
                0x00000000080004d4                __aeabi_fcmpeq
                0x00000000080004e0                __aeabi_fcmplt
                0x00000000080004f4                __aeabi_fcmple
                0x0000000008000508                __aeabi_fcmpgt
                0x000000000800051c                __aeabi_fcmpge
 .text          0x0000000008000530       0x14 C:/ST/STM32CubeIDE_1.14.1/STM32CubeIDE/plugins/com.st.stm32cube.ide.mcu.externaltools.gnu-tools-for-stm32.11.3.rel1.win32_1.1.100.202309141235/tools/bin/../lib/gcc/arm-none-eabi/11.3.1/thumb/v6-m/nofp\libgcc.a(_aeabi_ulcmp.o)
                0x0000000008000530                __aeabi_ulcmp
 .text          0x0000000008000544       0x40 C:/ST/STM32CubeIDE_1.14.1/STM32CubeIDE/plugins/com.st.stm32cube.ide.mcu.externaltools.gnu-tools-for-stm32.11.3.rel1.win32_1.1.100.202309141235/tools/bin/../lib/gcc/arm-none-eabi/11.3.1/thumb/v6-m/nofp\libgcc.a(_aeabi_uldivmod.o)
                0x0000000008000544                __aeabi_uldivmod
 .text          0x0000000008000584       0x5c C:/ST/STM32CubeIDE_1.14.1/STM32CubeIDE/plugins/com.st.stm32cube.ide.mcu.externaltools.gnu-tools-for-stm32.11.3.rel1.win32_1.1.100.202309141235/tools/bin/../lib/gcc/arm-none-eabi/11.3.1/thumb/v6-m/nofp\libgcc.a(_muldi3.o)
                0x0000000008000584                __muldi3
                0x0000000008000584                __aeabi_lmul
 .text          0x00000000080005e0       0x30 C:/ST/STM32CubeIDE_1.14.1/STM32CubeIDE/plugins/com.st.stm32cube.ide.mcu.externaltools.gnu-tools-for-stm32.11.3.rel1.win32_1.1.100.202309141235/tools/bin/../lib/gcc/arm-none-eabi/11.3.1/thumb/v6-m/nofp\libgcc.a(_fixunssfsi.o)
                0x00000000080005e0                __fixunssfsi
                0x00000000080005e0                __aeabi_f2uiz
 .text          0x0000000008000610       0x3c C:/ST/STM32CubeIDE_1.14.1/STM32CubeIDE/plugins/com.st.stm32cube.ide.mcu.externaltools.gnu-tools-for-stm32.11.3.rel1.win32_1.1.100.202309141235/tools/bin/../lib/gcc/arm-none-eabi/11.3.1/thumb/v6-m/nofp\libgcc.a(_fixunsdfsi.o)
                0x0000000008000610                __aeabi_d2uiz
                0x0000000008000610                __fixunsdfsi
 .text          0x000000000800064c       0x3c C:/ST/STM32CubeIDE_1.14.1/STM32CubeIDE/plugins/com.st.stm32cube.ide.mcu.externaltools.gnu-tools-for-stm32.11.3.rel1.win32_1.1.100.202309141235/tools/bin/../lib/gcc/arm-none-eabi/11.3.1/thumb/v6-m/nofp\libgcc.a(_fixdfdi.o)
                0x000000000800064c                __fixdfdi
                0x000000000800064c                __aeabi_d2lz
 .text          0x0000000008000688       0x3c C:/ST/STM32CubeIDE_1.14.1/STM32CubeIDE/plugins/com.st.stm32cube.ide.mcu.externaltools.gnu-tools-for-stm32.11.3.rel1.win32_1.1.100.202309141235/tools/bin/../lib/gcc/arm-none-eabi/11.3.1/thumb/v6-m/nofp\libgcc.a(_fixunsdfdi.o)
                0x0000000008000688                __fixunsdfdi
                0x0000000008000688                __aeabi_d2ulz
 .text          0x00000000080006c4       0x2c C:/ST/STM32CubeIDE_1.14.1/STM32CubeIDE/plugins/com.st.stm32cube.ide.mcu.externaltools.gnu-tools-for-stm32.11.3.rel1.win32_1.1.100.202309141235/tools/bin/../lib/gcc/arm-none-eabi/11.3.1/thumb/v6-m/nofp\libgcc.a(_floatdidf.o)
                0x00000000080006c4                __aeabi_l2d
                0x00000000080006c4                __floatdidf
 .text          0x00000000080006f0      0x198 C:/ST/STM32CubeIDE_1.14.1/STM32CubeIDE/plugins/com.st.stm32cube.ide.mcu.externaltools.gnu-tools-for-stm32.11.3.rel1.win32_1.1.100.202309141235/tools/bin/../lib/gcc/arm-none-eabi/11.3.1/thumb/v6-m/nofp\libgcc.a(_udivmoddi4.o)
                0x00000000080006f0                __udivmoddi4
 .text          0x0000000008000888      0x340 C:/ST/STM32CubeIDE_1.14.1/STM32CubeIDE/plugins/com.st.stm32cube.ide.mcu.externaltools.gnu-tools-for-stm32.11.3.rel1.win32_1.1.100.202309141235/tools/bin/../lib/gcc/arm-none-eabi/11.3.1/thumb/v6-m/nofp\libgcc.a(addsf3.o)
                0x0000000008000888                __aeabi_fadd
 .text          0x0000000008000bc8      0x234 C:/ST/STM32CubeIDE_1.14.1/STM32CubeIDE/plugins/com.st.stm32cube.ide.mcu.externaltools.gnu-tools-for-stm32.11.3.rel1.win32_1.1.100.202309141235/tools/bin/../lib/gcc/arm-none-eabi/11.3.1/thumb/v6-m/nofp\libgcc.a(divsf3.o)
                0x0000000008000bc8                __aeabi_fdiv
 .text          0x0000000008000dfc       0x4c C:/ST/STM32CubeIDE_1.14.1/STM32CubeIDE/plugins/com.st.stm32cube.ide.mcu.externaltools.gnu-tools-for-stm32.11.3.rel1.win32_1.1.100.202309141235/tools/bin/../lib/gcc/arm-none-eabi/11.3.1/thumb/v6-m/nofp\libgcc.a(eqsf2.o)
                0x0000000008000dfc                __eqsf2
                0x0000000008000dfc                __nesf2
 .text          0x0000000008000e48       0x8c C:/ST/STM32CubeIDE_1.14.1/STM32CubeIDE/plugins/com.st.stm32cube.ide.mcu.externaltools.gnu-tools-for-stm32.11.3.rel1.win32_1.1.100.202309141235/tools/bin/../lib/gcc/arm-none-eabi/11.3.1/thumb/v6-m/nofp\libgcc.a(gesf2.o)
                0x0000000008000e48                __gesf2
                0x0000000008000e48                __gtsf2
 .text          0x0000000008000ed4       0x88 C:/ST/STM32CubeIDE_1.14.1/STM32CubeIDE/plugins/com.st.stm32cube.ide.mcu.externaltools.gnu-tools-for-stm32.11.3.rel1.win32_1.1.100.202309141235/tools/bin/../lib/gcc/arm-none-eabi/11.3.1/thumb/v6-m/nofp\libgcc.a(lesf2.o)
                0x0000000008000ed4                __ltsf2
                0x0000000008000ed4                __lesf2
 .text          0x0000000008000f5c      0x29c C:/ST/STM32CubeIDE_1.14.1/STM32CubeIDE/plugins/com.st.stm32cube.ide.mcu.externaltools.gnu-tools-for-stm32.11.3.rel1.win32_1.1.100.202309141235/tools/bin/../lib/gcc/arm-none-eabi/11.3.1/thumb/v6-m/nofp\libgcc.a(mulsf3.o)
                0x0000000008000f5c                __aeabi_fmul
 .text          0x00000000080011f8      0x340 C:/ST/STM32CubeIDE_1.14.1/STM32CubeIDE/plugins/com.st.stm32cube.ide.mcu.externaltools.gnu-tools-for-stm32.11.3.rel1.win32_1.1.100.202309141235/tools/bin/../lib/gcc/arm-none-eabi/11.3.1/thumb/v6-m/nofp\libgcc.a(subsf3.o)
                0x00000000080011f8                __aeabi_fsub
 .text          0x0000000008001538       0x40 C:/ST/STM32CubeIDE_1.14.1/STM32CubeIDE/plugins/com.st.stm32cube.ide.mcu.externaltools.gnu-tools-for-stm32.11.3.rel1.win32_1.1.100.202309141235/tools/bin/../lib/gcc/arm-none-eabi/11.3.1/thumb/v6-m/nofp\libgcc.a(fixsfsi.o)
                0x0000000008001538                __aeabi_f2iz
 .text          0x0000000008001578       0xa4 C:/ST/STM32CubeIDE_1.14.1/STM32CubeIDE/plugins/com.st.stm32cube.ide.mcu.externaltools.gnu-tools-for-stm32.11.3.rel1.win32_1.1.100.202309141235/tools/bin/../lib/gcc/arm-none-eabi/11.3.1/thumb/v6-m/nofp\libgcc.a(floatsisf.o)
                0x0000000008001578                __aeabi_i2f
 .text          0x000000000800161c       0x90 C:/ST/STM32CubeIDE_1.14.1/STM32CubeIDE/plugins/com.st.stm32cube.ide.mcu.externaltools.gnu-tools-for-stm32.11.3.rel1.win32_1.1.100.202309141235/tools/bin/../lib/gcc/arm-none-eabi/11.3.1/thumb/v6-m/nofp\libgcc.a(floatunsisf.o)
                0x000000000800161c                __aeabi_ui2f
 .text          0x00000000080016ac      0x6c0 C:/ST/STM32CubeIDE_1.14.1/STM32CubeIDE/plugins/com.st.stm32cube.ide.mcu.externaltools.gnu-tools-for-stm32.11.3.rel1.win32_1.1.100.202309141235/tools/bin/../lib/gcc/arm-none-eabi/11.3.1/thumb/v6-m/nofp\libgcc.a(adddf3.o)
                0x00000000080016ac                __aeabi_dadd
 .text          0x0000000008001d6c      0x5dc C:/ST/STM32CubeIDE_1.14.1/STM32CubeIDE/plugins/com.st.stm32cube.ide.mcu.externaltools.gnu-tools-for-stm32.11.3.rel1.win32_1.1.100.202309141235/tools/bin/../lib/gcc/arm-none-eabi/11.3.1/thumb/v6-m/nofp\libgcc.a(divdf3.o)
                0x0000000008001d6c                __aeabi_ddiv
 .text          0x0000000008002348       0x84 C:/ST/STM32CubeIDE_1.14.1/STM32CubeIDE/plugins/com.st.stm32cube.ide.mcu.externaltools.gnu-tools-for-stm32.11.3.rel1.win32_1.1.100.202309141235/tools/bin/../lib/gcc/arm-none-eabi/11.3.1/thumb/v6-m/nofp\libgcc.a(eqdf2.o)
                0x0000000008002348                __nedf2
                0x0000000008002348                __eqdf2
 .text          0x00000000080023cc       0xcc C:/ST/STM32CubeIDE_1.14.1/STM32CubeIDE/plugins/com.st.stm32cube.ide.mcu.externaltools.gnu-tools-for-stm32.11.3.rel1.win32_1.1.100.202309141235/tools/bin/../lib/gcc/arm-none-eabi/11.3.1/thumb/v6-m/nofp\libgcc.a(gedf2.o)
                0x00000000080023cc                __gedf2
                0x00000000080023cc                __gtdf2
 .text          0x0000000008002498       0xc8 C:/ST/STM32CubeIDE_1.14.1/STM32CubeIDE/plugins/com.st.stm32cube.ide.mcu.externaltools.gnu-tools-for-stm32.11.3.rel1.win32_1.1.100.202309141235/tools/bin/../lib/gcc/arm-none-eabi/11.3.1/thumb/v6-m/nofp\libgcc.a(ledf2.o)
                0x0000000008002498                __ledf2
                0x0000000008002498                __ltdf2
 .text          0x0000000008002560      0x584 C:/ST/STM32CubeIDE_1.14.1/STM32CubeIDE/plugins/com.st.stm32cube.ide.mcu.externaltools.gnu-tools-for-stm32.11.3.rel1.win32_1.1.100.202309141235/tools/bin/../lib/gcc/arm-none-eabi/11.3.1/thumb/v6-m/nofp\libgcc.a(muldf3.o)
                0x0000000008002560                __aeabi_dmul
 .text          0x0000000008002ae4      0x704 C:/ST/STM32CubeIDE_1.14.1/STM32CubeIDE/plugins/com.st.stm32cube.ide.mcu.externaltools.gnu-tools-for-stm32.11.3.rel1.win32_1.1.100.202309141235/tools/bin/../lib/gcc/arm-none-eabi/11.3.1/thumb/v6-m/nofp\libgcc.a(subdf3.o)
                0x0000000008002ae4                __aeabi_dsub
 .text          0x00000000080031e8       0x3c C:/ST/STM32CubeIDE_1.14.1/STM32CubeIDE/plugins/com.st.stm32cube.ide.mcu.externaltools.gnu-tools-for-stm32.11.3.rel1.win32_1.1.100.202309141235/tools/bin/../lib/gcc/arm-none-eabi/11.3.1/thumb/v6-m/nofp\libgcc.a(unorddf2.o)
                0x00000000080031e8                __aeabi_dcmpun
 .text          0x0000000008003224       0x6c C:/ST/STM32CubeIDE_1.14.1/STM32CubeIDE/plugins/com.st.stm32cube.ide.mcu.externaltools.gnu-tools-for-stm32.11.3.rel1.win32_1.1.100.202309141235/tools/bin/../lib/gcc/arm-none-eabi/11.3.1/thumb/v6-m/nofp\libgcc.a(fixdfsi.o)
                0x0000000008003224                __aeabi_d2iz
 .text          0x0000000008003290       0x60 C:/ST/STM32CubeIDE_1.14.1/STM32CubeIDE/plugins/com.st.stm32cube.ide.mcu.externaltools.gnu-tools-for-stm32.11.3.rel1.win32_1.1.100.202309141235/tools/bin/../lib/gcc/arm-none-eabi/11.3.1/thumb/v6-m/nofp\libgcc.a(floatsidf.o)
                0x0000000008003290                __aeabi_i2d
 .text          0x00000000080032f0       0x4c C:/ST/STM32CubeIDE_1.14.1/STM32CubeIDE/plugins/com.st.stm32cube.ide.mcu.externaltools.gnu-tools-for-stm32.11.3.rel1.win32_1.1.100.202309141235/tools/bin/../lib/gcc/arm-none-eabi/11.3.1/thumb/v6-m/nofp\libgcc.a(floatunsidf.o)
                0x00000000080032f0                __aeabi_ui2d
 .text          0x000000000800333c       0x90 C:/ST/STM32CubeIDE_1.14.1/STM32CubeIDE/plugins/com.st.stm32cube.ide.mcu.externaltools.gnu-tools-for-stm32.11.3.rel1.win32_1.1.100.202309141235/tools/bin/../lib/gcc/arm-none-eabi/11.3.1/thumb/v6-m/nofp\libgcc.a(extendsfdf2.o)
                0x000000000800333c                __aeabi_f2d
 .text          0x00000000080033cc      0x10c C:/ST/STM32CubeIDE_1.14.1/STM32CubeIDE/plugins/com.st.stm32cube.ide.mcu.externaltools.gnu-tools-for-stm32.11.3.rel1.win32_1.1.100.202309141235/tools/bin/../lib/gcc/arm-none-eabi/11.3.1/thumb/v6-m/nofp\libgcc.a(truncdfsf2.o)
                0x00000000080033cc                __aeabi_d2f
 .text          0x00000000080034d8       0x3c C:/ST/STM32CubeIDE_1.14.1/STM32CubeIDE/plugins/com.st.stm32cube.ide.mcu.externaltools.gnu-tools-for-stm32.11.3.rel1.win32_1.1.100.202309141235/tools/bin/../lib/gcc/arm-none-eabi/11.3.1/thumb/v6-m/nofp\libgcc.a(_clzsi2.o)
                0x00000000080034d8                __clzsi2
 .text          0x0000000008003514       0x18 C:/ST/STM32CubeIDE_1.14.1/STM32CubeIDE/plugins/com.st.stm32cube.ide.mcu.externaltools.gnu-tools-for-stm32.11.3.rel1.win32_1.1.100.202309141235/tools/bin/../lib/gcc/arm-none-eabi/11.3.1/thumb/v6-m/nofp\libgcc.a(_clzdi2.o)
                0x0000000008003514                __clzdi2
 *(.text*)
 .text.__NVIC_SystemReset
                0x000000000800352c       0x24 BOS\BOS.o
 .text.Processor_type
                0x0000000008003550       0x6a BOS\BOS.o
                0x0000000008003550                Processor_type
 *fill*         0x00000000080035ba        0x2 
 .text.Get_Module_Name
                0x00000000080035bc       0x2c BOS\BOS.o
                0x00000000080035bc                Get_Module_Name
 .text.Send_BOS_Message
                0x00000000080035e8       0xfc BOS\BOS.o
                0x00000000080035e8                Send_BOS_Message
 .text.LoadEEvars
                0x00000000080036e4       0x26 BOS\BOS.o
                0x00000000080036e4                LoadEEvars
 *fill*         0x000000000800370a        0x2 
 .text.LoadEEportsDir
                0x000000000800370c       0x68 BOS\BOS.o
                0x000000000800370c                LoadEEportsDir
 .text.LoadEEalias
                0x0000000008003774       0xd8 BOS\BOS.o
                0x0000000008003774                LoadEEalias
 .text.LoadEEgroup
                0x000000000800384c      0x120 BOS\BOS.o
                0x000000000800384c                LoadEEgroup
 .text.LoadEEstreams
                0x000000000800396c      0x21c BOS\BOS.o
                0x000000000800396c                LoadEEstreams
 .text.LoadEEparams
                0x0000000008003b88      0x260 BOS\BOS.o
                0x0000000008003b88                LoadEEparams
 .text.LoadEEbuttons
                0x0000000008003de8      0x2ec BOS\BOS.o
                0x0000000008003de8                LoadEEbuttons
 .text.LoadROsnippets
                0x00000000080040d4      0x1d8 BOS\BOS.o
                0x00000000080040d4                LoadROsnippets
 .text.SaveEEportsDir
                0x00000000080042ac       0x78 BOS\BOS.o
                0x00000000080042ac                SaveEEportsDir
 .text.SaveEEalias
                0x0000000008004324       0xd4 BOS\BOS.o
                0x0000000008004324                SaveEEalias
 .text.SaveEEstreams
                0x00000000080043f8       0xdc BOS\BOS.o
                0x00000000080043f8                SaveEEstreams
 .text.SaveEEparams
                0x00000000080044d4       0xf8 BOS\BOS.o
                0x00000000080044d4                SaveEEparams
 .text.ClearEEportsDir
                0x00000000080045cc       0x84 BOS\BOS.o
                0x00000000080045cc                ClearEEportsDir
 .text.EE_FormatForFactoryReset
                0x0000000008004650       0x2c BOS\BOS.o
                0x0000000008004650                EE_FormatForFactoryReset
 .text.IsLowerCLIbaud
                0x000000000800467c       0xe8 BOS\BOS.o
                0x000000000800467c                IsLowerCLIbaud
 .text.IsModuleParameter
                0x0000000008004764       0x64 BOS\BOS.o
                0x0000000008004764                IsModuleParameter
 .text.IsMathOperator
                0x00000000080047c8       0xc4 BOS\BOS.o
                0x00000000080047c8                IsMathOperator
 .text.BOS_Init
                0x000000000800488c      0x190 BOS\BOS.o
                0x000000000800488c                BOS_Init
 .text.Module_Init
                0x0000000008004a1c       0x1e BOS\BOS.o
                0x0000000008004a1c                Module_Init
 *fill*         0x0000000008004a3a        0x2 
 .text.FindBroadcastRoutes
                0x0000000008004a3c      0x39c BOS\BOS.o
                0x0000000008004a3c                FindBroadcastRoutes
 .text.FindRoute
                0x0000000008004dd8      0x2b4 BOS\BOS.o
                0x0000000008004dd8                FindRoute
 .text.minArr   0x000000000800508c       0x88 BOS\BOS.o
                0x000000000800508c                minArr
 .text.QnotEmpty
                0x0000000008005114       0x50 BOS\BOS.o
                0x0000000008005114                QnotEmpty
 .text.DisplayTopology
                0x0000000008005164      0x250 BOS\BOS.o
                0x0000000008005164                DisplayTopology
 .text.DisplayPortsDir
                0x00000000080053b4      0x118 BOS\BOS.o
                0x00000000080053b4                DisplayPortsDir
 .text.DisplayModuleStatus
                0x00000000080054cc      0x3c0 BOS\BOS.o
                0x00000000080054cc                DisplayModuleStatus
 .text.GetID    0x000000000800588c      0x15c BOS\BOS.o
                0x000000000800588c                GetID
 .text.NameModule
                0x00000000080059e8      0x140 BOS\BOS.o
                0x00000000080059e8                NameModule
 .text.AddModuleToGroup
                0x0000000008005b28      0x1b8 BOS\BOS.o
                0x0000000008005b28                AddModuleToGroup
 .text.WriteToRemote
                0x0000000008005ce0      0x460 BOS\BOS.o
                0x0000000008005ce0                WriteToRemote
 .text.GetDateString
                0x0000000008006140       0x5c BOS\BOS.o
                0x0000000008006140                GetDateString
 .text.Bridge   0x000000000800619c       0x4c BOS\BOS.o
                0x000000000800619c                Bridge
 .text.Unbridge
                0x00000000080061e8       0xcc BOS\BOS.o
                0x00000000080061e8                Unbridge
 .text.prvCLITask
                0x00000000080062b4      0x278 BOS\BOS_CLI.o
                0x00000000080062b4                prvCLITask
 .text.CLI_CommandParser
                0x000000000800652c      0x574 BOS\BOS_CLI.o
                0x000000000800652c                CLI_CommandParser
 .text.StringToLowerCase
                0x0000000008006aa0       0x6c BOS\BOS_CLI.o
                0x0000000008006aa0                StringToLowerCase
 .text.AddSnippet
                0x0000000008006b0c      0x1b4 BOS\BOS_CLI.o
                0x0000000008006b0c                AddSnippet
 .text.ParseSnippetCondition
                0x0000000008006cc0      0x7f8 BOS\BOS_CLI.o
                0x0000000008006cc0                ParseSnippetCondition
 .text.ParseSnippetCommand
                0x00000000080074b8       0xc8 BOS\BOS_CLI.o
                0x00000000080074b8                ParseSnippetCommand
 .text.CheckSnippetCondition
                0x0000000008007580      0x1b4 BOS\BOS_CLI.o
                0x0000000008007580                CheckSnippetCondition
 .text.ExecuteSnippet
                0x0000000008007734       0xd0 BOS\BOS_CLI.o
                0x0000000008007734                ExecuteSnippet
 .text.__NVIC_SystemReset
                0x0000000008007804       0x24 BOS\BOS_CLIcommands.o
 .text.RegisterUserCLICommands
                0x0000000008007828        0xa BOS\BOS_CLIcommands.o
                0x0000000008007828                RegisterUserCLICommands
 *fill*         0x0000000008007832        0x2 
 .text.vRegisterCLICommands
                0x0000000008007834      0x19c BOS\BOS_CLIcommands.o
                0x0000000008007834                vRegisterCLICommands
 .text.prvTaskStatsCommand
                0x00000000080079d0       0x40 BOS\BOS_CLIcommands.o
 .text.prvRunTimeStatsCommand
                0x0000000008007a10       0x40 BOS\BOS_CLIcommands.o
 .text.pingCommand
                0x0000000008007a50       0x9c BOS\BOS_CLIcommands.o
 .text.bootloaderUpdateCommand
                0x0000000008007aec      0x1fc BOS\BOS_CLIcommands.o
 .text.resetCommand
                0x0000000008007ce8       0x10 BOS\BOS_CLIcommands.o
 .text.nameCommand
                0x0000000008007cf8       0xe8 BOS\BOS_CLIcommands.o
 .text.groupCommand
                0x0000000008007de0      0x2fc BOS\BOS_CLIcommands.o
 .text.statusCommand
                0x00000000080080dc       0x1c BOS\BOS_CLIcommands.o
 .text.infoCommand
                0x00000000080080f8       0xfc BOS\BOS_CLIcommands.o
 .text.scastCommand
                0x00000000080081f4      0x2dc BOS\BOS_CLIcommands.o
 .text.addbuttonCommand
                0x00000000080084d0      0x150 BOS\BOS_CLIcommands.o
 .text.removebuttonCommand
                0x0000000008008620       0x94 BOS\BOS_CLIcommands.o
 .text.setCommand
                0x00000000080086b4      0xbf8 BOS\BOS_CLIcommands.o
 .text.getCommand
                0x00000000080092ac      0x3b4 BOS\BOS_CLIcommands.o
 .text.defaultCommand
                0x0000000008009660       0xf4 BOS\BOS_CLIcommands.o
 .text.timeCommand
                0x0000000008009754       0xd8 BOS\BOS_CLIcommands.o
 .text.dateCommand
                0x000000000800982c       0x34 BOS\BOS_CLIcommands.o
 .text.setBaudrateCommand
                0x0000000008009860       0xc0 BOS\BOS_CLIcommands.o
 .text.uuidCommand
                0x0000000008009920       0x70 BOS\BOS_CLIcommands.o
 .text.idcodeCommand
                0x0000000008009990       0xe0 BOS\BOS_CLIcommands.o
 .text.flashsizeCommand
                0x0000000008009a70       0x34 BOS\BOS_CLIcommands.o
 .text.snipCommand
                0x0000000008009aa4      0x3ac BOS\BOS_CLIcommands.o
 .text.actSnipCommand
                0x0000000008009e50       0xb8 BOS\BOS_CLIcommands.o
 .text.pauseSnipCommand
                0x0000000008009f08       0xb8 BOS\BOS_CLIcommands.o
 .text.delSnipCommand
                0x0000000008009fc0      0x1d4 BOS\BOS_CLIcommands.o
 .text.bridgeCommand
                0x000000000800a194      0x11c BOS\BOS_CLIcommands.o
 .text.unbridgeCommand
                0x000000000800a2b0      0x11c BOS\BOS_CLIcommands.o
 .text.testportCommand
                0x000000000800a3cc      0x2e8 BOS\BOS_CLIcommands.o
 .text.ADCReadCommand
                0x000000000800a6b4      0x134 BOS\BOS_CLIcommands.o
 .text.ReadTempCommand
                0x000000000800a7e8       0x54 BOS\BOS_CLIcommands.o
 .text.ReadVrefCommand
                0x000000000800a83c       0x54 BOS\BOS_CLIcommands.o
 .text.GetReadPrecentageCommand
                0x000000000800a890       0x98 BOS\BOS_CLIcommands.o
 .text.StartDMAstream
                0x000000000800a928       0xb0 BOS\BOS_dma.o
                0x000000000800a928                StartDMAstream
 .text.ResetUartORE
                0x000000000800a9d8       0x54 BOS\BOS_dma.o
                0x000000000800a9d8                ResetUartORE
 .text.MX_FREERTOS_Init
                0x000000000800aa2c      0x214 BOS\BOS_freertos.o
                0x000000000800aa2c                MX_FREERTOS_Init
 .text.StartDefaultTask
                0x000000000800ac40       0xd4 BOS\BOS_freertos.o
                0x000000000800ac40                StartDefaultTask
 .text.ExecuteMonitor
                0x000000000800ad14      0x4c8 BOS\BOS_freertos.o
                0x000000000800ad14                ExecuteMonitor
 .text.vMainConfigureTimerForRunTimeStats
                0x000000000800b1dc       0x2c BOS\BOS_freertos.o
                0x000000000800b1dc                vMainConfigureTimerForRunTimeStats
 .text.ulMainGetRunTimeCounterValue
                0x000000000800b208       0x90 BOS\BOS_freertos.o
                0x000000000800b208                ulMainGetRunTimeCounterValue
 .text.SetupDMAStreams
                0x000000000800b298      0x27c BOS\BOS_messaging.o
                0x000000000800b298                SetupDMAStreams
 .text.StreamTimerCallback
                0x000000000800b514       0x34 BOS\BOS_messaging.o
                0x000000000800b514                StreamTimerCallback
 .text.ForwardReceivedMessage
                0x000000000800b548       0x78 BOS\BOS_messaging.o
                0x000000000800b548                ForwardReceivedMessage
 .text.BroadcastReceivedMessage
                0x000000000800b5c0       0x70 BOS\BOS_messaging.o
                0x000000000800b5c0                BroadcastReceivedMessage
 .text.NotifyMessagingTask
                0x000000000800b630       0x90 BOS\BOS_messaging.o
                0x000000000800b630                NotifyMessagingTask
 .text.BroadcastMessage
                0x000000000800b6c0       0x94 BOS\BOS_messaging.o
                0x000000000800b6c0                BroadcastMessage
 .text.SendMessageToModule
                0x000000000800b754       0xa0 BOS\BOS_messaging.o
                0x000000000800b754                SendMessageToModule
 .text.SendMessageFromPort
                0x000000000800b7f4      0x6b4 BOS\BOS_messaging.o
                0x000000000800b7f4                SendMessageFromPort
 .text.StartScastDMAStream
                0x000000000800bea8      0x30c BOS\BOS_messaging.o
                0x000000000800bea8                StartScastDMAStream
 .text.__NVIC_SystemReset
                0x000000000800c1b4       0x24 BOS\BOS_msgparser.o
 .text.BackEndTask
                0x000000000800c1d8      0x858 BOS\BOS_msgparser.o
                0x000000000800c1d8                BackEndTask
 .text.PxMessagingTask
                0x000000000800ca30     0x516c BOS\BOS_msgparser.o
                0x000000000800ca30                PxMessagingTask
 .text.User_MessagingParser
                0x0000000008011b9c       0x3a BOS\BOS_msgparser.o
                0x0000000008011b9c                User_MessagingParser
 *fill*         0x0000000008011bd6        0x2 
 .text.SystemClock_Config
                0x0000000008011bd8       0xe8 H1FR5\H1FR5.o
                0x0000000008011bd8                SystemClock_Config
 .text.SaveToRO
                0x0000000008011cc0      0x414 H1FR5\H1FR5.o
                0x0000000008011cc0                SaveToRO
 .text.remoteBootloaderUpdate
                0x00000000080120d4      0x178 H1FR5\H1FR5.o
                0x00000000080120d4                remoteBootloaderUpdate
 .text.SetupPortForRemoteBootloaderUpdate
                0x000000000801224c       0x52 H1FR5\H1FR5.o
                0x000000000801224c                SetupPortForRemoteBootloaderUpdate
 *fill*         0x000000000801229e        0x2 
 .text.Module_Peripheral_Init
                0x00000000080122a0      0x150 H1FR5\H1FR5.o
                0x00000000080122a0                Module_Peripheral_Init
 .text.GetPort  0x00000000080123f0       0x6c H1FR5\H1FR5.o
                0x00000000080123f0                GetPort
 .text.RegisterModuleCLICommands
                0x000000000801245c       0x30 H1FR5\H1FR5.o
                0x000000000801245c                RegisterModuleCLICommands
 .text.PollingSleepCLISafe
                0x000000000801248c      0x100 H1FR5\H1FR5.o
 .text.StreamMemsToCLI
                0x000000000801258c      0x178 H1FR5\H1FR5.o
 .text.GPS      0x0000000008012704      0x160 H1FR5\H1FR5.o
                0x0000000008012704                GPS
 .text.StreamMemsToPort
                0x0000000008012864       0xd0 H1FR5\H1FR5.o
 .text.GPSHandel
                0x0000000008012934        0xe H1FR5\H1FR5.o
                0x0000000008012934                GPSHandel
 *fill*         0x0000000008012942        0x2 
 .text.GetPosition
                0x0000000008012944       0x48 H1FR5\H1FR5.o
                0x0000000008012944                GetPosition
 .text.GetUTC   0x000000000801298c       0x3c H1FR5\H1FR5.o
                0x000000000801298c                GetUTC
 .text.GetSpeed
                0x00000000080129c8       0x34 H1FR5\H1FR5.o
                0x00000000080129c8                GetSpeed
 .text.GetHeight
                0x00000000080129fc       0x28 H1FR5\H1FR5.o
                0x00000000080129fc                GetHeight
 .text.SamplePositionToPort
                0x0000000008012a24      0x17c H1FR5\H1FR5.o
                0x0000000008012a24                SamplePositionToPort
 .text.SampleUTCToPort
                0x0000000008012ba0       0xe0 H1FR5\H1FR5.o
                0x0000000008012ba0                SampleUTCToPort
 .text.SampleSpeedToPort
                0x0000000008012c80      0x160 H1FR5\H1FR5.o
                0x0000000008012c80                SampleSpeedToPort
 .text.SampleHeightToPort
                0x0000000008012de0       0xfc H1FR5\H1FR5.o
                0x0000000008012de0                SampleHeightToPort
 .text.SamplePositionToString
                0x0000000008012edc       0x94 H1FR5\H1FR5.o
                0x0000000008012edc                SamplePositionToString
 .text.SampleUTCToString
                0x0000000008012f70       0x48 H1FR5\H1FR5.o
                0x0000000008012f70                SampleUTCToString
 .text.SampleSpeedToString
                0x0000000008012fb8       0x54 H1FR5\H1FR5.o
                0x0000000008012fb8                SampleSpeedToString
 .text.SampleHeightToString
                0x000000000801300c       0x3c H1FR5\H1FR5.o
                0x000000000801300c                SampleHeightToString
 .text.StreamPositionToCLI
                0x0000000008013048       0x24 H1FR5\H1FR5.o
                0x0000000008013048                StreamPositionToCLI
 .text.StreamUTCToCLI
                0x000000000801306c       0x24 H1FR5\H1FR5.o
                0x000000000801306c                StreamUTCToCLI
 .text.StreamSpeedToCLI
                0x0000000008013090       0x24 H1FR5\H1FR5.o
                0x0000000008013090                StreamSpeedToCLI
 .text.StreamHeightToCLI
                0x00000000080130b4       0x24 H1FR5\H1FR5.o
                0x00000000080130b4                StreamHeightToCLI
 .text.StreamToPort
                0x00000000080130d8       0x78 H1FR5\H1FR5.o
                0x00000000080130d8                StreamToPort
 .text.StreamMemsToTerminal
                0x0000000008013150       0xdc H1FR5\H1FR5.o
 .text.SampleToPositionString
                0x000000000801322c       0x94 H1FR5\H1FR5.o
                0x000000000801322c                SampleToPositionString
 .text.SampleToUTCString
                0x00000000080132c0       0x48 H1FR5\H1FR5.o
                0x00000000080132c0                SampleToUTCString
 .text.SampleToSpeedString
                0x0000000008013308       0x54 H1FR5\H1FR5.o
                0x0000000008013308                SampleToSpeedString
 .text.SampleToHeighString
                0x000000000801335c       0x3c H1FR5\H1FR5.o
                0x000000000801335c                SampleToHeighString
 .text.stopStreamMems
                0x0000000008013398       0x14 H1FR5\H1FR5.o
                0x0000000008013398                stopStreamMems
 .text.Module_MessagingTask
                0x00000000080133ac      0x1a4 H1FR5\H1FR5.o
                0x00000000080133ac                Module_MessagingTask
 .text.SampleGPSCommand
                0x0000000008013550      0x114 H1FR5\H1FR5.o
 .text.StreamCommandParser
                0x0000000008013664      0x116 H1FR5\H1FR5.o
 *fill*         0x000000000801377a        0x2 
 .text.StreamGPSCommand
                0x000000000801377c      0x200 H1FR5\H1FR5.o
 .text.StopStreamCommand
                0x000000000801397c       0x30 H1FR5\H1FR5.o
 .text.LL_DMAMUX_SetRequestID
                0x00000000080139ac       0x3c H1FR5\H1FR5_dma.o
 .text.DMA_Init
                0x00000000080139e8       0xa8 H1FR5\H1FR5_dma.o
                0x00000000080139e8                DMA_Init
 .text.DMA_MSG_RX_CH_Init
                0x0000000008013a90       0x4c H1FR5\H1FR5_dma.o
                0x0000000008013a90                DMA_MSG_RX_CH_Init
 .text.DMA_STREAM_CH_Init
                0x0000000008013adc       0x4c H1FR5\H1FR5_dma.o
                0x0000000008013adc                DMA_STREAM_CH_Init
 .text.SetupMessagingRxDMAs
                0x0000000008013b28       0x9c H1FR5\H1FR5_dma.o
                0x0000000008013b28                SetupMessagingRxDMAs
 .text.DMA_MSG_RX_Setup
                0x0000000008013bc4       0x38 H1FR5\H1FR5_dma.o
                0x0000000008013bc4                DMA_MSG_RX_Setup
 .text.DMA_MSG_TX_UnSetup
                0x0000000008013bfc       0x28 H1FR5\H1FR5_dma.o
                0x0000000008013bfc                DMA_MSG_TX_UnSetup
 .text.DMA_STREAM_Setup
                0x0000000008013c24       0x68 H1FR5\H1FR5_dma.o
                0x0000000008013c24                DMA_STREAM_Setup
 .text.StopStreamDMA
                0x0000000008013c8c       0x70 H1FR5\H1FR5_dma.o
                0x0000000008013c8c                StopStreamDMA
 .text.StopMsgDMA
                0x0000000008013cfc       0x4c H1FR5\H1FR5_dma.o
                0x0000000008013cfc                StopMsgDMA
 .text.SwitchMsgDMAToStream
                0x0000000008013d48       0x50 H1FR5\H1FR5_dma.o
                0x0000000008013d48                SwitchMsgDMAToStream
 .text.SwitchStreamDMAToMsg
                0x0000000008013d98       0xd8 H1FR5\H1FR5_dma.o
                0x0000000008013d98                SwitchStreamDMAToMsg
 .text.UnSetupDMAInterrupts
                0x0000000008013e70       0xe4 H1FR5\H1FR5_dma.o
                0x0000000008013e70                UnSetupDMAInterrupts
 .text.RemapAndLinkDMAtoUARTRx
                0x0000000008013f54      0x134 H1FR5\H1FR5_dma.o
                0x0000000008013f54                RemapAndLinkDMAtoUARTRx
 .text.CRC_Init
                0x0000000008014088       0x44 H1FR5\H1FR5_dma.o
                0x0000000008014088                CRC_Init
 .text.HAL_CRC_MspInit
                0x00000000080140cc       0x30 H1FR5\H1FR5_dma.o
                0x00000000080140cc                HAL_CRC_MspInit
 .text.CalculateCRC8
                0x00000000080140fc      0x154 H1FR5\H1FR5_dma.o
                0x00000000080140fc                CalculateCRC8
 .text.EE_Init  0x0000000008014250      0x684 H1FR5\H1FR5_eeprom.o
                0x0000000008014250                EE_Init
 .text.EE_ReadVariable
                0x00000000080148d4       0xc0 H1FR5\H1FR5_eeprom.o
                0x00000000080148d4                EE_ReadVariable
 .text.EE_WriteVariable
                0x0000000008014994       0x64 H1FR5\H1FR5_eeprom.o
                0x0000000008014994                EE_WriteVariable
 .text.EE_Format
                0x00000000080149f8      0x14c H1FR5\H1FR5_eeprom.o
                0x00000000080149f8                EE_Format
 .text.EE_FindValidPage
                0x0000000008014b44       0x90 H1FR5\H1FR5_eeprom.o
 .text.EE_VerifyPageFullWriteVariable
                0x0000000008014bd4      0x160 H1FR5\H1FR5_eeprom.o
 .text.EE_PageTransfer
                0x0000000008014d34      0x20c H1FR5\H1FR5_eeprom.o
 .text.EraseSector
                0x0000000008014f40       0x60 H1FR5\H1FR5_eeprom.o
                0x0000000008014f40                EraseSector
 .text.GPIO_Init
                0x0000000008014fa0       0x90 H1FR5\H1FR5_gpio.o
                0x0000000008014fa0                GPIO_Init
 .text.IND_LED_Init
                0x0000000008015030       0x38 H1FR5\H1FR5_gpio.o
                0x0000000008015030                IND_LED_Init
 .text.IsFactoryReset
                0x0000000008015068      0x15c H1FR5\H1FR5_gpio.o
                0x0000000008015068                IsFactoryReset
 .text.GetPortGPIOs
                0x00000000080151c4      0x140 H1FR5\H1FR5_gpio.o
                0x00000000080151c4                GetPortGPIOs
 .text.buttonPressedCallback
                0x0000000008015304       0x14 H1FR5\H1FR5_inputs.o
                0x0000000008015304                buttonPressedCallback
 .text.CheckAttachedButtons
                0x0000000008015318      0x7a8 H1FR5\H1FR5_inputs.o
                0x0000000008015318                CheckAttachedButtons
 .text.CheckForTimedButtonPress
                0x0000000008015ac0       0xfc H1FR5\H1FR5_inputs.o
                0x0000000008015ac0                CheckForTimedButtonPress
 .text.CheckForTimedButtonRelease
                0x0000000008015bbc       0xfc H1FR5\H1FR5_inputs.o
                0x0000000008015bbc                CheckForTimedButtonRelease
 .text.AddPortButton
                0x0000000008015cb8      0x268 H1FR5\H1FR5_inputs.o
                0x0000000008015cb8                AddPortButton
 .text.RemovePortButton
                0x0000000008015f20      0x200 H1FR5\H1FR5_inputs.o
                0x0000000008015f20                RemovePortButton
 .text.SetButtonEvents
                0x0000000008016120      0x77c H1FR5\H1FR5_inputs.o
                0x0000000008016120                SetButtonEvents
 .text.MX_ADC_Init
                0x000000000801689c       0x88 H1FR5\H1FR5_inputs.o
                0x000000000801689c                MX_ADC_Init
 .text.HAL_ADC_MspInit
                0x0000000008016924       0x84 H1FR5\H1FR5_inputs.o
                0x0000000008016924                HAL_ADC_MspInit
 .text.ADCSelectChannel
                0x00000000080169a8       0xa0 H1FR5\H1FR5_inputs.o
                0x00000000080169a8                ADCSelectChannel
 .text.ReadADCChannel
                0x0000000008016a48      0x10c H1FR5\H1FR5_inputs.o
                0x0000000008016a48                ReadADCChannel
 .text.ReadTempAndVref
                0x0000000008016b54      0x1f0 H1FR5\H1FR5_inputs.o
                0x0000000008016b54                ReadTempAndVref
 .text.GetReadPrecentage
                0x0000000008016d44      0x220 H1FR5\H1FR5_inputs.o
                0x0000000008016d44                GetReadPrecentage
 .text.Get_channel
                0x0000000008016f64       0x8c H1FR5\H1FR5_inputs.o
                0x0000000008016f64                Get_channel
 .text.Error_Handler
                0x0000000008016ff0       0x10 H1FR5\H1FR5_inputs.o
                0x0000000008016ff0                Error_Handler
 .text.Get_Rank
                0x0000000008017000       0x84 H1FR5\H1FR5_inputs.o
                0x0000000008017000                Get_Rank
 .text.buttonReleasedCallback
                0x0000000008017084       0x14 H1FR5\H1FR5_inputs.o
                0x0000000008017084                buttonReleasedCallback
 .text.buttonClickedCallback
                0x0000000008017098       0x14 H1FR5\H1FR5_inputs.o
                0x0000000008017098                buttonClickedCallback
 .text.buttonDblClickedCallback
                0x00000000080170ac       0x14 H1FR5\H1FR5_inputs.o
                0x00000000080170ac                buttonDblClickedCallback
 .text.buttonPressedForXCallback
                0x00000000080170c0       0x1a H1FR5\H1FR5_inputs.o
                0x00000000080170c0                buttonPressedForXCallback
 .text.buttonReleasedForYCallback
                0x00000000080170da       0x1a H1FR5\H1FR5_inputs.o
                0x00000000080170da                buttonReleasedForYCallback
 .text.__NVIC_SystemReset
                0x00000000080170f4       0x24 H1FR5\H1FR5_it.o
 .text.SysTick_Handler
                0x0000000008017118       0x12 H1FR5\H1FR5_it.o
                0x0000000008017118                SysTick_Handler
 *fill*         0x000000000801712a        0x2 
 .text.HardFault_Handler
                0x000000000801712c       0x40 H1FR5\H1FR5_it.o
                0x000000000801712c                HardFault_Handler
 .text.USART1_IRQHandler
                0x000000000801716c       0x30 H1FR5\H1FR5_it.o
                0x000000000801716c                USART1_IRQHandler
 .text.USART2_LPUART2_IRQHandler
                0x000000000801719c       0x30 H1FR5\H1FR5_it.o
                0x000000000801719c                USART2_LPUART2_IRQHandler
 .text.USART3_4_5_6_LPUART1_IRQHandler
                0x00000000080171cc       0x54 H1FR5\H1FR5_it.o
                0x00000000080171cc                USART3_4_5_6_LPUART1_IRQHandler
 .text.HAL_UART_TxCpltCallback
                0x0000000008017220       0x48 H1FR5\H1FR5_it.o
                0x0000000008017220                HAL_UART_TxCpltCallback
 .text.HAL_UART_ErrorCallback
                0x0000000008017268       0xd4 H1FR5\H1FR5_it.o
                0x0000000008017268                HAL_UART_ErrorCallback
 .text.HAL_UART_RxCpltCallback
                0x000000000801733c       0x10 H1FR5\H1FR5_it.o
                0x000000000801733c                HAL_UART_RxCpltCallback
 .text.vApplicationStackOverflowHook
                0x000000000801734c       0x44 H1FR5\H1FR5_it.o
                0x000000000801734c                vApplicationStackOverflowHook
 .text.vApplicationMallocFailedHook
                0x0000000008017390       0x40 H1FR5\H1FR5_it.o
                0x0000000008017390                vApplicationMallocFailedHook
 .text.RTC_Init
                0x00000000080173d0       0xc4 H1FR5\H1FR5_rtc.o
                0x00000000080173d0                RTC_Init
 .text.RTC_CalendarConfig
                0x0000000008017494      0x18c H1FR5\H1FR5_rtc.o
                0x0000000008017494                RTC_CalendarConfig
 .text.BOS_CalendarConfig
                0x0000000008017620      0x128 H1FR5\H1FR5_rtc.o
                0x0000000008017620                BOS_CalendarConfig
 .text.GetTimeDate
                0x0000000008017748       0x90 H1FR5\H1FR5_rtc.o
                0x0000000008017748                GetTimeDate
 .text.TIM_USEC_Init
                0x00000000080177d8       0x74 H1FR5\H1FR5_timers.o
                0x00000000080177d8                TIM_USEC_Init
 .text.TIM_MSEC_Init
                0x000000000801784c       0x78 H1FR5\H1FR5_timers.o
                0x000000000801784c                TIM_MSEC_Init
 .text.StartMicroDelay
                0x00000000080178c4       0x48 H1FR5\H1FR5_timers.o
                0x00000000080178c4                StartMicroDelay
 .text.StartMilliDelay
                0x000000000801790c       0x48 H1FR5\H1FR5_timers.o
                0x000000000801790c                StartMilliDelay
 .text.MX_USART1_UART_Init
                0x0000000008017954       0x7c H1FR5\H1FR5_uart.o
                0x0000000008017954                MX_USART1_UART_Init
 .text.MX_USART2_UART_Init
                0x00000000080179d0       0x7c H1FR5\H1FR5_uart.o
                0x00000000080179d0                MX_USART2_UART_Init
 .text.MX_USART3_UART_Init
                0x0000000008017a4c       0x7c H1FR5\H1FR5_uart.o
                0x0000000008017a4c                MX_USART3_UART_Init
 .text.MX_USART4_UART_Init
                0x0000000008017ac8       0x60 H1FR5\H1FR5_uart.o
                0x0000000008017ac8                MX_USART4_UART_Init
 .text.MX_USART5_UART_Init
                0x0000000008017b28       0x60 H1FR5\H1FR5_uart.o
                0x0000000008017b28                MX_USART5_UART_Init
 .text.MX_USART6_UART_Init
                0x0000000008017b88       0x60 H1FR5\H1FR5_uart.o
                0x0000000008017b88                MX_USART6_UART_Init
 .text.HAL_UART_MspInit
                0x0000000008017be8      0x574 H1FR5\H1FR5_uart.o
                0x0000000008017be8                HAL_UART_MspInit
 .text.writePxMutex
                0x000000000801815c       0xac H1FR5\H1FR5_uart.o
                0x000000000801815c                writePxMutex
 .text.writePxITMutex
                0x0000000008018208       0x78 H1FR5\H1FR5_uart.o
                0x0000000008018208                writePxITMutex
 .text.UpdateBaudrate
                0x0000000008018280       0x3e H1FR5\H1FR5_uart.o
                0x0000000008018280                UpdateBaudrate
 *fill*         0x00000000080182be        0x2 
 .text.GetUart  0x00000000080182c0       0x54 H1FR5\H1FR5_uart.o
                0x00000000080182c0                GetUart
 .text.SwapUartPins
                0x0000000008018314       0xd0 H1FR5\H1FR5_uart.o
                0x0000000008018314                SwapUartPins
 .text.ReadPortsDir
                0x00000000080183e4       0xa8 H1FR5\H1FR5_uart.o
                0x00000000080183e4                ReadPortsDir
 .text.ReadPortsDirMSG
                0x000000000801848c       0x80 H1FR5\H1FR5_uart.o
                0x000000000801848c                ReadPortsDirMSG
 .text.Reset_Handler
                0x000000000801850c       0x90 H1FR5\startup_stm32g0b1ceuxn.o
                0x000000000801850c                Reset_Handler
 .text.Default_Handler
                0x000000000801859c        0x2 H1FR5\startup_stm32g0b1ceuxn.o
                0x000000000801859c                I2C2_3_IRQHandler
                0x000000000801859c                TIM1_CC_IRQHandler
                0x000000000801859c                ADC1_COMP_IRQHandler
                0x000000000801859c                NMI_Handler
                0x000000000801859c                I2C1_IRQHandler
                0x000000000801859c                TIM7_LPTIM2_IRQHandler
                0x000000000801859c                TIM17_FDCAN_IT1_IRQHandler
                0x000000000801859c                DMA1_Ch4_7_DMA2_Ch1_5_DMAMUX1_OVR_IRQHandler
                0x000000000801859c                RCC_CRS_IRQHandler
                0x000000000801859c                RTC_TAMP_IRQHandler
                0x000000000801859c                SPI1_IRQHandler
                0x000000000801859c                USB_UCPD1_2_IRQHandler
                0x000000000801859c                EXTI2_3_IRQHandler
                0x000000000801859c                PVD_VDDIO2_IRQHandler
                0x000000000801859c                EXTI4_15_IRQHandler
                0x000000000801859c                DMA1_Channel1_IRQHandler
                0x000000000801859c                Default_Handler
                0x000000000801859c                CEC_IRQHandler
                0x000000000801859c                TIM14_IRQHandler
                0x000000000801859c                TIM15_IRQHandler
                0x000000000801859c                TIM3_TIM4_IRQHandler
                0x000000000801859c                EXTI0_1_IRQHandler
                0x000000000801859c                SPI2_3_IRQHandler
                0x000000000801859c                TIM6_DAC_LPTIM1_IRQHandler
                0x000000000801859c                WWDG_IRQHandler
                0x000000000801859c                TIM2_IRQHandler
                0x000000000801859c                DMA1_Channel2_3_IRQHandler
                0x000000000801859c                FLASH_IRQHandler
                0x000000000801859c                TIM16_FDCAN_IT0_IRQHandler
                0x000000000801859c                TIM1_BRK_UP_TRG_COM_IRQHandler
 .text.SystemInit
                0x000000000801859e        0xa Thirdparty\CMSIS\STM32G0xx\Device\ST\STM32G0xx\Source\Templates\system_stm32g0xx.o
                0x000000000801859e                SystemInit
 .text.inHandlerMode
                0x00000000080185a8       0x1c Thirdparty\Middleware\STM32G0xx\FreeRTOS\Source\CMSIS_RTOS\cmsis_os.o
 .text.osKernelStart
                0x00000000080185c4       0x10 Thirdparty\Middleware\STM32G0xx\FreeRTOS\Source\CMSIS_RTOS\cmsis_os.o
                0x00000000080185c4                osKernelStart
 .text.osDelay  0x00000000080185d4       0x28 Thirdparty\Middleware\STM32G0xx\FreeRTOS\Source\CMSIS_RTOS\cmsis_os.o
                0x00000000080185d4                osDelay
 .text.osSemaphoreCreate
                0x00000000080185fc       0x4a Thirdparty\Middleware\STM32G0xx\FreeRTOS\Source\CMSIS_RTOS\cmsis_os.o
                0x00000000080185fc                osSemaphoreCreate
 *fill*         0x0000000008018646        0x2 
 .text.osSemaphoreWait
                0x0000000008018648       0x94 Thirdparty\Middleware\STM32G0xx\FreeRTOS\Source\CMSIS_RTOS\cmsis_os.o
                0x0000000008018648                osSemaphoreWait
 .text.osSemaphoreRelease
                0x00000000080186dc       0x64 Thirdparty\Middleware\STM32G0xx\FreeRTOS\Source\CMSIS_RTOS\cmsis_os.o
                0x00000000080186dc                osSemaphoreRelease
 .text.osSystickHandler
                0x0000000008018740       0x18 Thirdparty\Middleware\STM32G0xx\FreeRTOS\Source\CMSIS_RTOS\cmsis_os.o
                0x0000000008018740                osSystickHandler
 .text.FreeRTOS_CLIRegisterCommand
                0x0000000008018758       0x50 Thirdparty\Middleware\STM32G0xx\FreeRTOS\Source\FreeRTOS_CLI.o
                0x0000000008018758                FreeRTOS_CLIRegisterCommand
 .text.FreeRTOS_CLIProcessCommand
                0x00000000080187a8      0x11c Thirdparty\Middleware\STM32G0xx\FreeRTOS\Source\FreeRTOS_CLI.o
                0x00000000080187a8                FreeRTOS_CLIProcessCommand
 .text.FreeRTOS_CLIGetOutputBuffer
                0x00000000080188c4       0x10 Thirdparty\Middleware\STM32G0xx\FreeRTOS\Source\FreeRTOS_CLI.o
                0x00000000080188c4                FreeRTOS_CLIGetOutputBuffer
 .text.FreeRTOS_CLIGetParameter
                0x00000000080188d4       0xbc Thirdparty\Middleware\STM32G0xx\FreeRTOS\Source\FreeRTOS_CLI.o
                0x00000000080188d4                FreeRTOS_CLIGetParameter
 .text.prvHelpCommand
                0x0000000008018990      0x154 Thirdparty\Middleware\STM32G0xx\FreeRTOS\Source\FreeRTOS_CLI.o
 .text.prvGetNumberOfParameters
                0x0000000008018ae4       0x7a Thirdparty\Middleware\STM32G0xx\FreeRTOS\Source\FreeRTOS_CLI.o
 .text.vListInitialise
                0x0000000008018b5e       0x3c Thirdparty\Middleware\STM32G0xx\FreeRTOS\Source\list.o
                0x0000000008018b5e                vListInitialise
 .text.vListInitialiseItem
                0x0000000008018b9a       0x16 Thirdparty\Middleware\STM32G0xx\FreeRTOS\Source\list.o
                0x0000000008018b9a                vListInitialiseItem
 .text.vListInsertEnd
                0x0000000008018bb0       0x44 Thirdparty\Middleware\STM32G0xx\FreeRTOS\Source\list.o
                0x0000000008018bb0                vListInsertEnd
 .text.vListInsert
                0x0000000008018bf4       0x6c Thirdparty\Middleware\STM32G0xx\FreeRTOS\Source\list.o
                0x0000000008018bf4                vListInsert
 .text.uxListRemove
                0x0000000008018c60       0x50 Thirdparty\Middleware\STM32G0xx\FreeRTOS\Source\list.o
                0x0000000008018c60                uxListRemove
 .text.pxPortInitialiseStack
                0x0000000008018cb0       0x54 Thirdparty\Middleware\STM32G0xx\FreeRTOS\Source\portable\GCC\ARM_CM0\port.o
                0x0000000008018cb0                pxPortInitialiseStack
 .text.prvTaskExitError
                0x0000000008018d04       0x1e Thirdparty\Middleware\STM32G0xx\FreeRTOS\Source\portable\GCC\ARM_CM0\port.o
 .text.SVC_Handler
                0x0000000008018d22        0xa Thirdparty\Middleware\STM32G0xx\FreeRTOS\Source\portable\GCC\ARM_CM0\port.o
                0x0000000008018d22                SVC_Handler
 *fill*         0x0000000008018d2c        0x4 
 .text.vPortStartFirstTask
                0x0000000008018d30       0x38 Thirdparty\Middleware\STM32G0xx\FreeRTOS\Source\portable\GCC\ARM_CM0\port.o
 .text.xPortStartScheduler
                0x0000000008018d68       0x48 Thirdparty\Middleware\STM32G0xx\FreeRTOS\Source\portable\GCC\ARM_CM0\port.o
                0x0000000008018d68                xPortStartScheduler
 .text.vPortYield
                0x0000000008018db0       0x20 Thirdparty\Middleware\STM32G0xx\FreeRTOS\Source\portable\GCC\ARM_CM0\port.o
                0x0000000008018db0                vPortYield
 .text.vPortEnterCritical
                0x0000000008018dd0       0x24 Thirdparty\Middleware\STM32G0xx\FreeRTOS\Source\portable\GCC\ARM_CM0\port.o
                0x0000000008018dd0                vPortEnterCritical
 .text.vPortExitCritical
                0x0000000008018df4       0x24 Thirdparty\Middleware\STM32G0xx\FreeRTOS\Source\portable\GCC\ARM_CM0\port.o
                0x0000000008018df4                vPortExitCritical
 .text.ulSetInterruptMaskFromISR
                0x0000000008018e18        0xc Thirdparty\Middleware\STM32G0xx\FreeRTOS\Source\portable\GCC\ARM_CM0\port.o
                0x0000000008018e18                ulSetInterruptMaskFromISR
 .text.vClearInterruptMaskFromISR
                0x0000000008018e24        0x8 Thirdparty\Middleware\STM32G0xx\FreeRTOS\Source\portable\GCC\ARM_CM0\port.o
                0x0000000008018e24                vClearInterruptMaskFromISR
 *fill*         0x0000000008018e2c        0x4 
 .text.PendSV_Handler
                0x0000000008018e30       0x48 Thirdparty\Middleware\STM32G0xx\FreeRTOS\Source\portable\GCC\ARM_CM0\port.o
                0x0000000008018e30                PendSV_Handler
 .text.xPortSysTickHandler
                0x0000000008018e78       0x34 Thirdparty\Middleware\STM32G0xx\FreeRTOS\Source\portable\GCC\ARM_CM0\port.o
                0x0000000008018e78                xPortSysTickHandler
 .text.vPortSetupTimerInterrupt
                0x0000000008018eac       0x44 Thirdparty\Middleware\STM32G0xx\FreeRTOS\Source\portable\GCC\ARM_CM0\port.o
                0x0000000008018eac                vPortSetupTimerInterrupt
 .text.pvPortMalloc
                0x0000000008018ef0      0x140 Thirdparty\Middleware\STM32G0xx\FreeRTOS\Source\portable\MemMang\heap_4.o
                0x0000000008018ef0                pvPortMalloc
 .text.vPortFree
                0x0000000008019030       0x80 Thirdparty\Middleware\STM32G0xx\FreeRTOS\Source\portable\MemMang\heap_4.o
                0x0000000008019030                vPortFree
 .text.prvHeapInit
                0x00000000080190b0       0xc0 Thirdparty\Middleware\STM32G0xx\FreeRTOS\Source\portable\MemMang\heap_4.o
 .text.prvInsertBlockIntoFreeList
                0x0000000008019170       0xb0 Thirdparty\Middleware\STM32G0xx\FreeRTOS\Source\portable\MemMang\heap_4.o
 .text.xQueueGenericReset
                0x0000000008019220       0x9e Thirdparty\Middleware\STM32G0xx\FreeRTOS\Source\queue.o
                0x0000000008019220                xQueueGenericReset
 .text.xQueueGenericCreate
                0x00000000080192be       0x52 Thirdparty\Middleware\STM32G0xx\FreeRTOS\Source\queue.o
                0x00000000080192be                xQueueGenericCreate
 .text.prvInitialiseNewQueue
                0x0000000008019310       0x4e Thirdparty\Middleware\STM32G0xx\FreeRTOS\Source\queue.o
 .text.xQueueCreateCountingSemaphore
                0x000000000801935e       0x30 Thirdparty\Middleware\STM32G0xx\FreeRTOS\Source\queue.o
                0x000000000801935e                xQueueCreateCountingSemaphore
 .text.xQueueGenericSend
                0x000000000801938e      0x12a Thirdparty\Middleware\STM32G0xx\FreeRTOS\Source\queue.o
                0x000000000801938e                xQueueGenericSend
 .text.xQueueGenericSendFromISR
                0x00000000080194b8       0xa6 Thirdparty\Middleware\STM32G0xx\FreeRTOS\Source\queue.o
                0x00000000080194b8                xQueueGenericSendFromISR
 .text.xQueueGiveFromISR
                0x000000000801955e       0x96 Thirdparty\Middleware\STM32G0xx\FreeRTOS\Source\queue.o
                0x000000000801955e                xQueueGiveFromISR
 .text.xQueueReceive
                0x00000000080195f4      0x128 Thirdparty\Middleware\STM32G0xx\FreeRTOS\Source\queue.o
                0x00000000080195f4                xQueueReceive
 .text.xQueueSemaphoreTake
                0x000000000801971c      0x178 Thirdparty\Middleware\STM32G0xx\FreeRTOS\Source\queue.o
                0x000000000801971c                xQueueSemaphoreTake
 .text.xQueueReceiveFromISR
                0x0000000008019894       0xa0 Thirdparty\Middleware\STM32G0xx\FreeRTOS\Source\queue.o
                0x0000000008019894                xQueueReceiveFromISR
 .text.prvGetDisinheritPriorityAfterTimeout
                0x0000000008019934       0x2c Thirdparty\Middleware\STM32G0xx\FreeRTOS\Source\queue.o
 .text.prvCopyDataToQueue
                0x0000000008019960       0xd6 Thirdparty\Middleware\STM32G0xx\FreeRTOS\Source\queue.o
 .text.prvCopyDataFromQueue
                0x0000000008019a36       0x4c Thirdparty\Middleware\STM32G0xx\FreeRTOS\Source\queue.o
 .text.prvUnlockQueue
                0x0000000008019a82       0xbc Thirdparty\Middleware\STM32G0xx\FreeRTOS\Source\queue.o
 .text.prvIsQueueEmpty
                0x0000000008019b3e       0x2c Thirdparty\Middleware\STM32G0xx\FreeRTOS\Source\queue.o
 .text.prvIsQueueFull
                0x0000000008019b6a       0x30 Thirdparty\Middleware\STM32G0xx\FreeRTOS\Source\queue.o
 *fill*         0x0000000008019b9a        0x2 
 .text.vQueueAddToRegistry
                0x0000000008019b9c       0x50 Thirdparty\Middleware\STM32G0xx\FreeRTOS\Source\queue.o
                0x0000000008019b9c                vQueueAddToRegistry
 .text.vQueueWaitForMessageRestricted
                0x0000000008019bec       0x66 Thirdparty\Middleware\STM32G0xx\FreeRTOS\Source\queue.o
                0x0000000008019bec                vQueueWaitForMessageRestricted
 .text.xTaskCreate
                0x0000000008019c52       0x90 Thirdparty\Middleware\STM32G0xx\FreeRTOS\Source\tasks.o
                0x0000000008019c52                xTaskCreate
 *fill*         0x0000000008019ce2        0x2 
 .text.prvInitialiseNewTask
                0x0000000008019ce4      0x10c Thirdparty\Middleware\STM32G0xx\FreeRTOS\Source\tasks.o
 .text.prvAddNewTaskToReadyList
                0x0000000008019df0       0xd0 Thirdparty\Middleware\STM32G0xx\FreeRTOS\Source\tasks.o
 .text.vTaskDelay
                0x0000000008019ec0       0x3a Thirdparty\Middleware\STM32G0xx\FreeRTOS\Source\tasks.o
                0x0000000008019ec0                vTaskDelay
 *fill*         0x0000000008019efa        0x2 
 .text.eTaskGetState
                0x0000000008019efc       0xd0 Thirdparty\Middleware\STM32G0xx\FreeRTOS\Source\tasks.o
                0x0000000008019efc                eTaskGetState
 .text.uxTaskPriorityGet
                0x0000000008019fcc       0x34 Thirdparty\Middleware\STM32G0xx\FreeRTOS\Source\tasks.o
                0x0000000008019fcc                uxTaskPriorityGet
 .text.vTaskPrioritySet
                0x000000000801a000      0x110 Thirdparty\Middleware\STM32G0xx\FreeRTOS\Source\tasks.o
                0x000000000801a000                vTaskPrioritySet
 .text.vTaskStartScheduler
                0x000000000801a110       0x74 Thirdparty\Middleware\STM32G0xx\FreeRTOS\Source\tasks.o
                0x000000000801a110                vTaskStartScheduler
 .text.vTaskSuspendAll
                0x000000000801a184       0x18 Thirdparty\Middleware\STM32G0xx\FreeRTOS\Source\tasks.o
                0x000000000801a184                vTaskSuspendAll
 .text.xTaskResumeAll
                0x000000000801a19c      0x10c Thirdparty\Middleware\STM32G0xx\FreeRTOS\Source\tasks.o
                0x000000000801a19c                xTaskResumeAll
 .text.xTaskGetTickCount
                0x000000000801a2a8       0x1c Thirdparty\Middleware\STM32G0xx\FreeRTOS\Source\tasks.o
                0x000000000801a2a8                xTaskGetTickCount
 .text.xTaskGetTickCountFromISR
                0x000000000801a2c4       0x20 Thirdparty\Middleware\STM32G0xx\FreeRTOS\Source\tasks.o
                0x000000000801a2c4                xTaskGetTickCountFromISR
 .text.uxTaskGetSystemState
                0x000000000801a2e4      0x120 Thirdparty\Middleware\STM32G0xx\FreeRTOS\Source\tasks.o
                0x000000000801a2e4                uxTaskGetSystemState
 .text.xTaskIncrementTick
                0x000000000801a404      0x150 Thirdparty\Middleware\STM32G0xx\FreeRTOS\Source\tasks.o
                0x000000000801a404                xTaskIncrementTick
 .text.vTaskSwitchContext
                0x000000000801a554      0x124 Thirdparty\Middleware\STM32G0xx\FreeRTOS\Source\tasks.o
                0x000000000801a554                vTaskSwitchContext
 .text.vTaskPlaceOnEventList
                0x000000000801a678       0x34 Thirdparty\Middleware\STM32G0xx\FreeRTOS\Source\tasks.o
                0x000000000801a678                vTaskPlaceOnEventList
 .text.vTaskPlaceOnEventListRestricted
                0x000000000801a6ac       0x44 Thirdparty\Middleware\STM32G0xx\FreeRTOS\Source\tasks.o
                0x000000000801a6ac                vTaskPlaceOnEventListRestricted
 .text.xTaskRemoveFromEventList
                0x000000000801a6f0       0xb0 Thirdparty\Middleware\STM32G0xx\FreeRTOS\Source\tasks.o
                0x000000000801a6f0                xTaskRemoveFromEventList
 .text.vTaskInternalSetTimeOutState
                0x000000000801a7a0       0x28 Thirdparty\Middleware\STM32G0xx\FreeRTOS\Source\tasks.o
                0x000000000801a7a0                vTaskInternalSetTimeOutState
 .text.xTaskCheckForTimeOut
                0x000000000801a7c8       0x8c Thirdparty\Middleware\STM32G0xx\FreeRTOS\Source\tasks.o
                0x000000000801a7c8                xTaskCheckForTimeOut
 .text.vTaskMissedYield
                0x000000000801a854       0x14 Thirdparty\Middleware\STM32G0xx\FreeRTOS\Source\tasks.o
                0x000000000801a854                vTaskMissedYield
 .text.prvIdleTask
                0x000000000801a868       0x20 Thirdparty\Middleware\STM32G0xx\FreeRTOS\Source\tasks.o
 .text.prvInitialiseTaskLists
                0x000000000801a888       0x88 Thirdparty\Middleware\STM32G0xx\FreeRTOS\Source\tasks.o
 .text.prvCheckTasksWaitingTermination
                0x000000000801a910       0x5c Thirdparty\Middleware\STM32G0xx\FreeRTOS\Source\tasks.o
 .text.vTaskGetInfo
                0x000000000801a96c       0xd8 Thirdparty\Middleware\STM32G0xx\FreeRTOS\Source\tasks.o
                0x000000000801a96c                vTaskGetInfo
 .text.prvListTasksWithinSingleList
                0x000000000801aa44       0xa6 Thirdparty\Middleware\STM32G0xx\FreeRTOS\Source\tasks.o
 .text.prvTaskCheckFreeStackSpace
                0x000000000801aaea       0x34 Thirdparty\Middleware\STM32G0xx\FreeRTOS\Source\tasks.o
 .text.prvDeleteTCB
                0x000000000801ab1e       0x22 Thirdparty\Middleware\STM32G0xx\FreeRTOS\Source\tasks.o
 .text.prvResetNextTaskUnblockTime
                0x000000000801ab40       0x3c Thirdparty\Middleware\STM32G0xx\FreeRTOS\Source\tasks.o
 .text.xTaskGetSchedulerState
                0x000000000801ab7c       0x38 Thirdparty\Middleware\STM32G0xx\FreeRTOS\Source\tasks.o
                0x000000000801ab7c                xTaskGetSchedulerState
 .text.xTaskPriorityInherit
                0x000000000801abb4       0xd0 Thirdparty\Middleware\STM32G0xx\FreeRTOS\Source\tasks.o
                0x000000000801abb4                xTaskPriorityInherit
 .text.xTaskPriorityDisinherit
                0x000000000801ac84       0x98 Thirdparty\Middleware\STM32G0xx\FreeRTOS\Source\tasks.o
                0x000000000801ac84                xTaskPriorityDisinherit
 .text.vTaskPriorityDisinheritAfterTimeout
                0x000000000801ad1c       0xc0 Thirdparty\Middleware\STM32G0xx\FreeRTOS\Source\tasks.o
                0x000000000801ad1c                vTaskPriorityDisinheritAfterTimeout
 .text.prvWriteNameToBuffer
                0x000000000801addc       0x52 Thirdparty\Middleware\STM32G0xx\FreeRTOS\Source\tasks.o
 *fill*         0x000000000801ae2e        0x2 
 .text.vTaskList
                0x000000000801ae30      0x14c Thirdparty\Middleware\STM32G0xx\FreeRTOS\Source\tasks.o
                0x000000000801ae30                vTaskList
 .text.vTaskGetRunTimeStats
                0x000000000801af7c      0x118 Thirdparty\Middleware\STM32G0xx\FreeRTOS\Source\tasks.o
                0x000000000801af7c                vTaskGetRunTimeStats
 .text.pvTaskIncrementMutexHeldCount
                0x000000000801b094       0x24 Thirdparty\Middleware\STM32G0xx\FreeRTOS\Source\tasks.o
                0x000000000801b094                pvTaskIncrementMutexHeldCount
 .text.ulTaskNotifyTake
                0x000000000801b0b8       0x84 Thirdparty\Middleware\STM32G0xx\FreeRTOS\Source\tasks.o
                0x000000000801b0b8                ulTaskNotifyTake
 .text.xTaskGenericNotify
                0x000000000801b13c      0x104 Thirdparty\Middleware\STM32G0xx\FreeRTOS\Source\tasks.o
                0x000000000801b13c                xTaskGenericNotify
 .text.xTaskGenericNotifyFromISR
                0x000000000801b240      0x140 Thirdparty\Middleware\STM32G0xx\FreeRTOS\Source\tasks.o
                0x000000000801b240                xTaskGenericNotifyFromISR
 .text.prvAddCurrentTaskToDelayedList
                0x000000000801b380       0xa8 Thirdparty\Middleware\STM32G0xx\FreeRTOS\Source\tasks.o
 .text.xTimerCreateTimerTask
                0x000000000801b428       0x4c Thirdparty\Middleware\STM32G0xx\FreeRTOS\Source\timers.o
                0x000000000801b428                xTimerCreateTimerTask
 .text.xTimerCreate
                0x000000000801b474       0x46 Thirdparty\Middleware\STM32G0xx\FreeRTOS\Source\timers.o
                0x000000000801b474                xTimerCreate
 .text.prvInitialiseNewTimer
                0x000000000801b4ba       0x5a Thirdparty\Middleware\STM32G0xx\FreeRTOS\Source\timers.o
 .text.xTimerGenericCommand
                0x000000000801b514       0x8c Thirdparty\Middleware\STM32G0xx\FreeRTOS\Source\timers.o
                0x000000000801b514                xTimerGenericCommand
 .text.prvProcessExpiredTimer
                0x000000000801b5a0       0x80 Thirdparty\Middleware\STM32G0xx\FreeRTOS\Source\timers.o
 .text.prvTimerTask
                0x000000000801b620       0x28 Thirdparty\Middleware\STM32G0xx\FreeRTOS\Source\timers.o
 .text.prvProcessTimerOrBlockTask
                0x000000000801b648       0x90 Thirdparty\Middleware\STM32G0xx\FreeRTOS\Source\timers.o
 .text.prvGetNextExpireTime
                0x000000000801b6d8       0x44 Thirdparty\Middleware\STM32G0xx\FreeRTOS\Source\timers.o
 .text.prvSampleTimeNow
                0x000000000801b71c       0x40 Thirdparty\Middleware\STM32G0xx\FreeRTOS\Source\timers.o
 .text.prvInsertTimerInActiveList
                0x000000000801b75c       0x84 Thirdparty\Middleware\STM32G0xx\FreeRTOS\Source\timers.o
 .text.prvProcessReceivedCommands
                0x000000000801b7e0      0x16c Thirdparty\Middleware\STM32G0xx\FreeRTOS\Source\timers.o
 .text.prvSwitchTimerLists
                0x000000000801b94c       0xb0 Thirdparty\Middleware\STM32G0xx\FreeRTOS\Source\timers.o
 .text.prvCheckForValidListAndQueue
                0x000000000801b9fc       0x74 Thirdparty\Middleware\STM32G0xx\FreeRTOS\Source\timers.o
 .text.pvTimerGetTimerID
                0x000000000801ba70       0x24 Thirdparty\Middleware\STM32G0xx\FreeRTOS\Source\timers.o
                0x000000000801ba70                pvTimerGetTimerID
 .text.Incoming_Message_Handel
                0x000000000801ba94       0x68 Thirdparty\SAM_M10Q\SAM_M10Q.o
                0x000000000801ba94                Incoming_Message_Handel
 .text.Size_of_NMEA_Message
                0x000000000801bafc       0x58 Thirdparty\SAM_M10Q\SAM_M10Q.o
                0x000000000801bafc                Size_of_NMEA_Message
 .text.CRC_XOR  0x000000000801bb54       0xdc Thirdparty\SAM_M10Q\SAM_M10Q.o
                0x000000000801bb54                CRC_XOR
 .text.NMEA_FILL_Incoming_Message
                0x000000000801bc30       0xd8 Thirdparty\SAM_M10Q\SAM_M10Q.o
                0x000000000801bc30                NMEA_FILL_Incoming_Message
 .text.NMEA_Filter_Incoming_Messages
                0x000000000801bd08       0x9c Thirdparty\SAM_M10Q\SAM_M10Q.o
                0x000000000801bd08                NMEA_Filter_Incoming_Messages
 .text.NMEA_Field_No_INDEX
                0x000000000801bda4       0x7c Thirdparty\SAM_M10Q\SAM_M10Q.o
                0x000000000801bda4                NMEA_Field_No_INDEX
 .text.CHAR_TO_DEC
                0x000000000801be20       0x32 Thirdparty\SAM_M10Q\SAM_M10Q.o
                0x000000000801be20                CHAR_TO_DEC
 *fill*         0x000000000801be52        0x2 
 .text.Sting_TO_DEC
                0x000000000801be54       0xdc Thirdparty\SAM_M10Q\SAM_M10Q.o
                0x000000000801be54                Sting_TO_DEC
 .text.Sting_TO_Float
                0x000000000801bf30      0x144 Thirdparty\SAM_M10Q\SAM_M10Q.o
                0x000000000801bf30                Sting_TO_Float
 .text.stringToFloat
                0x000000000801c074       0xe8 Thirdparty\SAM_M10Q\SAM_M10Q.o
                0x000000000801c074                stringToFloat
 .text.Get_GPS_GLL_Information
                0x000000000801c15c      0x310 Thirdparty\SAM_M10Q\SAM_M10Q.o
                0x000000000801c15c                Get_GPS_GLL_Information
 .text.Get_GPS_ZDA_Information
                0x000000000801c46c      0x24c Thirdparty\SAM_M10Q\SAM_M10Q.o
                0x000000000801c46c                Get_GPS_ZDA_Information
 .text.Get_GPS_RMC_Information
                0x000000000801c6b8      0x344 Thirdparty\SAM_M10Q\SAM_M10Q.o
                0x000000000801c6b8                Get_GPS_RMC_Information
 .text.Get_GPS_GSV_Information
                0x000000000801c9fc      0x270 Thirdparty\SAM_M10Q\SAM_M10Q.o
                0x000000000801c9fc                Get_GPS_GSV_Information
 .text.Get_GPS_GGA_GNS_Information
                0x000000000801cc6c      0x354 Thirdparty\SAM_M10Q\SAM_M10Q.o
                0x000000000801cc6c                Get_GPS_GGA_GNS_Information
 .text.Get_GPS_VTG_Information
                0x000000000801cfc0      0x108 Thirdparty\SAM_M10Q\SAM_M10Q.o
                0x000000000801cfc0                Get_GPS_VTG_Information
 .text.GPS_Get_Talker_ID
                0x000000000801d0c8       0x90 Thirdparty\SAM_M10Q\SAM_M10Q.o
                0x000000000801d0c8                GPS_Get_Talker_ID
 .text.GPS_Get_Message_ID
                0x000000000801d158      0x308 Thirdparty\SAM_M10Q\SAM_M10Q.o
                0x000000000801d158                GPS_Get_Message_ID
 .text.GPS_IN_Action
                0x000000000801d460      0x138 Thirdparty\SAM_M10Q\SAM_M10Q.o
                0x000000000801d460                GPS_IN_Action
 .text.HAL_Init
                0x000000000801d598       0x40 Thirdparty\STM32G0xx_HAL_Driver\Src\stm32g0xx_hal.o
                0x000000000801d598                HAL_Init
 .text.HAL_InitTick
                0x000000000801d5d8       0x94 Thirdparty\STM32G0xx_HAL_Driver\Src\stm32g0xx_hal.o
                0x000000000801d5d8                HAL_InitTick
 .text.HAL_IncTick
                0x000000000801d66c       0x24 Thirdparty\STM32G0xx_HAL_Driver\Src\stm32g0xx_hal.o
                0x000000000801d66c                HAL_IncTick
 .text.HAL_GetTick
                0x000000000801d690       0x14 Thirdparty\STM32G0xx_HAL_Driver\Src\stm32g0xx_hal.o
                0x000000000801d690                HAL_GetTick
 .text.HAL_Delay
                0x000000000801d6a4       0x48 Thirdparty\STM32G0xx_HAL_Driver\Src\stm32g0xx_hal.o
                0x000000000801d6a4                HAL_Delay
 .text.HAL_GetREVID
                0x000000000801d6ec       0x18 Thirdparty\STM32G0xx_HAL_Driver\Src\stm32g0xx_hal.o
                0x000000000801d6ec                HAL_GetREVID
 .text.HAL_GetDEVID
                0x000000000801d704       0x18 Thirdparty\STM32G0xx_HAL_Driver\Src\stm32g0xx_hal.o
                0x000000000801d704                HAL_GetDEVID
 .text.LL_ADC_SetCommonPathInternalCh
                0x000000000801d71c       0x28 Thirdparty\STM32G0xx_HAL_Driver\Src\stm32g0xx_hal_adc.o
 .text.LL_ADC_GetCommonPathInternalCh
                0x000000000801d744       0x1a Thirdparty\STM32G0xx_HAL_Driver\Src\stm32g0xx_hal_adc.o
 .text.LL_ADC_SetSamplingTimeCommonChannels
                0x000000000801d75e       0x3a Thirdparty\STM32G0xx_HAL_Driver\Src\stm32g0xx_hal_adc.o
 .text.LL_ADC_GetSamplingTimeCommonChannels
                0x000000000801d798       0x2e Thirdparty\STM32G0xx_HAL_Driver\Src\stm32g0xx_hal_adc.o
 .text.LL_ADC_REG_IsTriggerSourceSWStart
                0x000000000801d7c6       0x22 Thirdparty\STM32G0xx_HAL_Driver\Src\stm32g0xx_hal_adc.o
 .text.LL_ADC_REG_SetSequencerRanks
                0x000000000801d7e8       0x40 Thirdparty\STM32G0xx_HAL_Driver\Src\stm32g0xx_hal_adc.o
 .text.LL_ADC_REG_SetSequencerChAdd
                0x000000000801d828       0x22 Thirdparty\STM32G0xx_HAL_Driver\Src\stm32g0xx_hal_adc.o
 .text.LL_ADC_REG_SetSequencerChRem
                0x000000000801d84a       0x24 Thirdparty\STM32G0xx_HAL_Driver\Src\stm32g0xx_hal_adc.o
 *fill*         0x000000000801d86e        0x2 
 .text.LL_ADC_SetChannelSamplingTime
                0x000000000801d870       0x38 Thirdparty\STM32G0xx_HAL_Driver\Src\stm32g0xx_hal_adc.o
 .text.LL_ADC_EnableInternalRegulator
                0x000000000801d8a8       0x28 Thirdparty\STM32G0xx_HAL_Driver\Src\stm32g0xx_hal_adc.o
 .text.LL_ADC_IsInternalRegulatorEnabled
                0x000000000801d8d0       0x28 Thirdparty\STM32G0xx_HAL_Driver\Src\stm32g0xx_hal_adc.o
 .text.LL_ADC_Enable
                0x000000000801d8f8       0x24 Thirdparty\STM32G0xx_HAL_Driver\Src\stm32g0xx_hal_adc.o
 .text.LL_ADC_Disable
                0x000000000801d91c       0x24 Thirdparty\STM32G0xx_HAL_Driver\Src\stm32g0xx_hal_adc.o
 .text.LL_ADC_IsEnabled
                0x000000000801d940       0x22 Thirdparty\STM32G0xx_HAL_Driver\Src\stm32g0xx_hal_adc.o
 .text.LL_ADC_IsDisableOngoing
                0x000000000801d962       0x22 Thirdparty\STM32G0xx_HAL_Driver\Src\stm32g0xx_hal_adc.o
 .text.LL_ADC_REG_StartConversion
                0x000000000801d984       0x24 Thirdparty\STM32G0xx_HAL_Driver\Src\stm32g0xx_hal_adc.o
 .text.LL_ADC_REG_StopConversion
                0x000000000801d9a8       0x24 Thirdparty\STM32G0xx_HAL_Driver\Src\stm32g0xx_hal_adc.o
 .text.LL_ADC_REG_IsConversionOngoing
                0x000000000801d9cc       0x22 Thirdparty\STM32G0xx_HAL_Driver\Src\stm32g0xx_hal_adc.o
 *fill*         0x000000000801d9ee        0x2 
 .text.HAL_ADC_Init
                0x000000000801d9f0      0x350 Thirdparty\STM32G0xx_HAL_Driver\Src\stm32g0xx_hal_adc.o
                0x000000000801d9f0                HAL_ADC_Init
 .text.HAL_ADC_Start
                0x000000000801dd40       0x9c Thirdparty\STM32G0xx_HAL_Driver\Src\stm32g0xx_hal_adc.o
                0x000000000801dd40                HAL_ADC_Start
 .text.HAL_ADC_Stop
                0x000000000801dddc       0x78 Thirdparty\STM32G0xx_HAL_Driver\Src\stm32g0xx_hal_adc.o
                0x000000000801dddc                HAL_ADC_Stop
 .text.HAL_ADC_PollForConversion
                0x000000000801de54      0x128 Thirdparty\STM32G0xx_HAL_Driver\Src\stm32g0xx_hal_adc.o
                0x000000000801de54                HAL_ADC_PollForConversion
 .text.HAL_ADC_GetValue
                0x000000000801df7c       0x16 Thirdparty\STM32G0xx_HAL_Driver\Src\stm32g0xx_hal_adc.o
                0x000000000801df7c                HAL_ADC_GetValue
 *fill*         0x000000000801df92        0x2 
 .text.HAL_ADC_ConfigChannel
                0x000000000801df94      0x3b0 Thirdparty\STM32G0xx_HAL_Driver\Src\stm32g0xx_hal_adc.o
                0x000000000801df94                HAL_ADC_ConfigChannel
 .text.ADC_ConversionStop
                0x000000000801e344       0x84 Thirdparty\STM32G0xx_HAL_Driver\Src\stm32g0xx_hal_adc.o
                0x000000000801e344                ADC_ConversionStop
 .text.ADC_Enable
                0x000000000801e3c8      0x10c Thirdparty\STM32G0xx_HAL_Driver\Src\stm32g0xx_hal_adc.o
                0x000000000801e3c8                ADC_Enable
 .text.ADC_Disable
                0x000000000801e4d4       0xbc Thirdparty\STM32G0xx_HAL_Driver\Src\stm32g0xx_hal_adc.o
                0x000000000801e4d4                ADC_Disable
 .text.__NVIC_EnableIRQ
                0x000000000801e590       0x34 Thirdparty\STM32G0xx_HAL_Driver\Src\stm32g0xx_hal_cortex.o
 .text.__NVIC_DisableIRQ
                0x000000000801e5c4       0x44 Thirdparty\STM32G0xx_HAL_Driver\Src\stm32g0xx_hal_cortex.o
 .text.__NVIC_SetPriority
                0x000000000801e608       0xdc Thirdparty\STM32G0xx_HAL_Driver\Src\stm32g0xx_hal_cortex.o
 .text.SysTick_Config
                0x000000000801e6e4       0x48 Thirdparty\STM32G0xx_HAL_Driver\Src\stm32g0xx_hal_cortex.o
 .text.HAL_NVIC_SetPriority
                0x000000000801e72c       0x2a Thirdparty\STM32G0xx_HAL_Driver\Src\stm32g0xx_hal_cortex.o
                0x000000000801e72c                HAL_NVIC_SetPriority
 .text.HAL_NVIC_EnableIRQ
                0x000000000801e756       0x20 Thirdparty\STM32G0xx_HAL_Driver\Src\stm32g0xx_hal_cortex.o
                0x000000000801e756                HAL_NVIC_EnableIRQ
 .text.HAL_NVIC_DisableIRQ
                0x000000000801e776       0x20 Thirdparty\STM32G0xx_HAL_Driver\Src\stm32g0xx_hal_cortex.o
                0x000000000801e776                HAL_NVIC_DisableIRQ
 .text.HAL_SYSTICK_Config
                0x000000000801e796       0x1a Thirdparty\STM32G0xx_HAL_Driver\Src\stm32g0xx_hal_cortex.o
                0x000000000801e796                HAL_SYSTICK_Config
 .text.HAL_CRC_Init
                0x000000000801e7b0       0xcc Thirdparty\STM32G0xx_HAL_Driver\Src\stm32g0xx_hal_crc.o
                0x000000000801e7b0                HAL_CRC_Init
 .text.HAL_CRC_Accumulate
                0x000000000801e87c       0x8e Thirdparty\STM32G0xx_HAL_Driver\Src\stm32g0xx_hal_crc.o
                0x000000000801e87c                HAL_CRC_Accumulate
 .text.HAL_CRC_Calculate
                0x000000000801e90a       0x9e Thirdparty\STM32G0xx_HAL_Driver\Src\stm32g0xx_hal_crc.o
                0x000000000801e90a                HAL_CRC_Calculate
 .text.CRC_Handle_8
                0x000000000801e9a8      0x122 Thirdparty\STM32G0xx_HAL_Driver\Src\stm32g0xx_hal_crc.o
 .text.CRC_Handle_16
                0x000000000801eaca       0x6e Thirdparty\STM32G0xx_HAL_Driver\Src\stm32g0xx_hal_crc.o
 .text.HAL_CRCEx_Polynomial_Set
                0x000000000801eb38       0xda Thirdparty\STM32G0xx_HAL_Driver\Src\stm32g0xx_hal_crc_ex.o
                0x000000000801eb38                HAL_CRCEx_Polynomial_Set
 *fill*         0x000000000801ec12        0x2 
 .text.HAL_DMA_Init
                0x000000000801ec14      0x158 Thirdparty\STM32G0xx_HAL_Driver\Src\stm32g0xx_hal_dma.o
                0x000000000801ec14                HAL_DMA_Init
 .text.HAL_DMA_Start_IT
                0x000000000801ed6c      0x10c Thirdparty\STM32G0xx_HAL_Driver\Src\stm32g0xx_hal_dma.o
                0x000000000801ed6c                HAL_DMA_Start_IT
 .text.HAL_DMA_Abort
                0x000000000801ee78       0xc0 Thirdparty\STM32G0xx_HAL_Driver\Src\stm32g0xx_hal_dma.o
                0x000000000801ee78                HAL_DMA_Abort
 .text.HAL_DMA_Abort_IT
                0x000000000801ef38       0xd0 Thirdparty\STM32G0xx_HAL_Driver\Src\stm32g0xx_hal_dma.o
                0x000000000801ef38                HAL_DMA_Abort_IT
 .text.HAL_DMA_GetError
                0x000000000801f008       0x14 Thirdparty\STM32G0xx_HAL_Driver\Src\stm32g0xx_hal_dma.o
                0x000000000801f008                HAL_DMA_GetError
 .text.DMA_SetConfig
                0x000000000801f01c       0x78 Thirdparty\STM32G0xx_HAL_Driver\Src\stm32g0xx_hal_dma.o
 .text.DMA_CalcDMAMUXChannelBaseAndMask
                0x000000000801f094       0x94 Thirdparty\STM32G0xx_HAL_Driver\Src\stm32g0xx_hal_dma.o
 .text.DMA_CalcDMAMUXRequestGenBaseAndMask
                0x000000000801f128       0x48 Thirdparty\STM32G0xx_HAL_Driver\Src\stm32g0xx_hal_dma.o
 .text.HAL_FLASH_Program
                0x000000000801f170       0x9c Thirdparty\STM32G0xx_HAL_Driver\Src\stm32g0xx_hal_flash.o
                0x000000000801f170                HAL_FLASH_Program
 .text.HAL_FLASH_Unlock
                0x000000000801f20c       0x48 Thirdparty\STM32G0xx_HAL_Driver\Src\stm32g0xx_hal_flash.o
                0x000000000801f20c                HAL_FLASH_Unlock
 .text.HAL_FLASH_Lock
                0x000000000801f254       0x38 Thirdparty\STM32G0xx_HAL_Driver\Src\stm32g0xx_hal_flash.o
                0x000000000801f254                HAL_FLASH_Lock
 .text.FLASH_WaitForLastOperation
                0x000000000801f28c       0x9c Thirdparty\STM32G0xx_HAL_Driver\Src\stm32g0xx_hal_flash.o
                0x000000000801f28c                FLASH_WaitForLastOperation
 .text.FLASH_Program_DoubleWord
                0x000000000801f328       0x40 Thirdparty\STM32G0xx_HAL_Driver\Src\stm32g0xx_hal_flash.o
 .text.HAL_FLASHEx_Erase
                0x000000000801f368       0xe0 Thirdparty\STM32G0xx_HAL_Driver\Src\stm32g0xx_hal_flash_ex.o
                0x000000000801f368                HAL_FLASHEx_Erase
 .text.FLASH_MassErase
                0x000000000801f448       0x28 Thirdparty\STM32G0xx_HAL_Driver\Src\stm32g0xx_hal_flash_ex.o
 .text.FLASH_PageErase
                0x000000000801f470      0x198 Thirdparty\STM32G0xx_HAL_Driver\Src\stm32g0xx_hal_flash_ex.o
                0x000000000801f470                FLASH_PageErase
 .text.HAL_GPIO_Init
                0x000000000801f608      0x2d8 Thirdparty\STM32G0xx_HAL_Driver\Src\stm32g0xx_hal_gpio.o
                0x000000000801f608                HAL_GPIO_Init
 .text.HAL_GPIO_DeInit
                0x000000000801f8e0      0x1b0 Thirdparty\STM32G0xx_HAL_Driver\Src\stm32g0xx_hal_gpio.o
                0x000000000801f8e0                HAL_GPIO_DeInit
 .text.HAL_GPIO_ReadPin
                0x000000000801fa90       0x3a Thirdparty\STM32G0xx_HAL_Driver\Src\stm32g0xx_hal_gpio.o
                0x000000000801fa90                HAL_GPIO_ReadPin
 .text.HAL_GPIO_WritePin
                0x000000000801faca       0x3a Thirdparty\STM32G0xx_HAL_Driver\Src\stm32g0xx_hal_gpio.o
                0x000000000801faca                HAL_GPIO_WritePin
 .text.HAL_GPIO_TogglePin
                0x000000000801fb04       0x36 Thirdparty\STM32G0xx_HAL_Driver\Src\stm32g0xx_hal_gpio.o