Archive member included to satisfy reference by file (symbol)

C:/ST/STM32CubeIDE_1.17.0/STM32CubeIDE/plugins/com.st.stm32cube.ide.mcu.externaltools.gnu-tools-for-stm32.12.3.rel1.win32_1.1.0.202410251130/tools/bin/../lib/gcc/arm-none-eabi/12.3.1/../../../../arm-none-eabi/lib/thumb/v6-m/nofp\libc.a(libc_a-atof.o)
                              BOS\BOS_CLI.o (atof)
C:/ST/STM32CubeIDE_1.17.0/STM32CubeIDE/plugins/com.st.stm32cube.ide.mcu.externaltools.gnu-tools-for-stm32.12.3.rel1.win32_1.1.0.202410251130/tools/bin/../lib/gcc/arm-none-eabi/12.3.1/../../../../arm-none-eabi/lib/thumb/v6-m/nofp\libc.a(libc_a-atoi.o)
                              BOS\BOS_CLIcommands.o (atoi)
C:/ST/STM32CubeIDE_1.17.0/STM32CubeIDE/plugins/com.st.stm32cube.ide.mcu.externaltools.gnu-tools-for-stm32.12.3.rel1.win32_1.1.0.202410251130/tools/bin/../lib/gcc/arm-none-eabi/12.3.1/../../../../arm-none-eabi/lib/thumb/v6-m/nofp\libc.a(libc_a-atol.o)
                              BOS\BOS.o (atol)
C:/ST/STM32CubeIDE_1.17.0/STM32CubeIDE/plugins/com.st.stm32cube.ide.mcu.externaltools.gnu-tools-for-stm32.12.3.rel1.win32_1.1.0.202410251130/tools/bin/../lib/gcc/arm-none-eabi/12.3.1/../../../../arm-none-eabi/lib/thumb/v6-m/nofp\libc.a(libc_a-exit.o)
                              C:/ST/STM32CubeIDE_1.17.0/STM32CubeIDE/plugins/com.st.stm32cube.ide.mcu.externaltools.gnu-tools-for-stm32.12.3.rel1.win32_1.1.0.202410251130/tools/bin/../lib/gcc/arm-none-eabi/12.3.1/../../../../arm-none-eabi/lib/thumb/v6-m/nofp/crt0.o (exit)
C:/ST/STM32CubeIDE_1.17.0/STM32CubeIDE/plugins/com.st.stm32cube.ide.mcu.externaltools.gnu-tools-for-stm32.12.3.rel1.win32_1.1.0.202410251130/tools/bin/../lib/gcc/arm-none-eabi/12.3.1/../../../../arm-none-eabi/lib/thumb/v6-m/nofp\libc.a(libc_a-malloc.o)
                              BOS\BOS.o (malloc)
C:/ST/STM32CubeIDE_1.17.0/STM32CubeIDE/plugins/com.st.stm32cube.ide.mcu.externaltools.gnu-tools-for-stm32.12.3.rel1.win32_1.1.0.202410251130/tools/bin/../lib/gcc/arm-none-eabi/12.3.1/../../../../arm-none-eabi/lib/thumb/v6-m/nofp\libc.a(libc_a-mallocr.o)
                              C:/ST/STM32CubeIDE_1.17.0/STM32CubeIDE/plugins/com.st.stm32cube.ide.mcu.externaltools.gnu-tools-for-stm32.12.3.rel1.win32_1.1.0.202410251130/tools/bin/../lib/gcc/arm-none-eabi/12.3.1/../../../../arm-none-eabi/lib/thumb/v6-m/nofp\libc.a(libc_a-malloc.o) (_malloc_r)
C:/ST/STM32CubeIDE_1.17.0/STM32CubeIDE/plugins/com.st.stm32cube.ide.mcu.externaltools.gnu-tools-for-stm32.12.3.rel1.win32_1.1.0.202410251130/tools/bin/../lib/gcc/arm-none-eabi/12.3.1/../../../../arm-none-eabi/lib/thumb/v6-m/nofp\libc.a(libc_a-mlock.o)
                              C:/ST/STM32CubeIDE_1.17.0/STM32CubeIDE/plugins/com.st.stm32cube.ide.mcu.externaltools.gnu-tools-for-stm32.12.3.rel1.win32_1.1.0.202410251130/tools/bin/../lib/gcc/arm-none-eabi/12.3.1/../../../../arm-none-eabi/lib/thumb/v6-m/nofp\libc.a(libc_a-mallocr.o) (__malloc_lock)
C:/ST/STM32CubeIDE_1.17.0/STM32CubeIDE/plugins/com.st.stm32cube.ide.mcu.externaltools.gnu-tools-for-stm32.12.3.rel1.win32_1.1.0.202410251130/tools/bin/../lib/gcc/arm-none-eabi/12.3.1/../../../../arm-none-eabi/lib/thumb/v6-m/nofp\libc.a(libc_a-rand.o)
                              BOS\BOS_CLIcommands.o (rand)
C:/ST/STM32CubeIDE_1.17.0/STM32CubeIDE/plugins/com.st.stm32cube.ide.mcu.externaltools.gnu-tools-for-stm32.12.3.rel1.win32_1.1.0.202410251130/tools/bin/../lib/gcc/arm-none-eabi/12.3.1/../../../../arm-none-eabi/lib/thumb/v6-m/nofp\libc.a(libc_a-realloc.o)
                              BOS\BOS_CLI.o (realloc)
C:/ST/STM32CubeIDE_1.17.0/STM32CubeIDE/plugins/com.st.stm32cube.ide.mcu.externaltools.gnu-tools-for-stm32.12.3.rel1.win32_1.1.0.202410251130/tools/bin/../lib/gcc/arm-none-eabi/12.3.1/../../../../arm-none-eabi/lib/thumb/v6-m/nofp\libc.a(libc_a-reallocr.o)
                              C:/ST/STM32CubeIDE_1.17.0/STM32CubeIDE/plugins/com.st.stm32cube.ide.mcu.externaltools.gnu-tools-for-stm32.12.3.rel1.win32_1.1.0.202410251130/tools/bin/../lib/gcc/arm-none-eabi/12.3.1/../../../../arm-none-eabi/lib/thumb/v6-m/nofp\libc.a(libc_a-realloc.o) (_realloc_r)
C:/ST/STM32CubeIDE_1.17.0/STM32CubeIDE/plugins/com.st.stm32cube.ide.mcu.externaltools.gnu-tools-for-stm32.12.3.rel1.win32_1.1.0.202410251130/tools/bin/../lib/gcc/arm-none-eabi/12.3.1/../../../../arm-none-eabi/lib/thumb/v6-m/nofp\libc.a(libc_a-strtod.o)
                              C:/ST/STM32CubeIDE_1.17.0/STM32CubeIDE/plugins/com.st.stm32cube.ide.mcu.externaltools.gnu-tools-for-stm32.12.3.rel1.win32_1.1.0.202410251130/tools/bin/../lib/gcc/arm-none-eabi/12.3.1/../../../../arm-none-eabi/lib/thumb/v6-m/nofp\libc.a(libc_a-atof.o) (strtod)
C:/ST/STM32CubeIDE_1.17.0/STM32CubeIDE/plugins/com.st.stm32cube.ide.mcu.externaltools.gnu-tools-for-stm32.12.3.rel1.win32_1.1.0.202410251130/tools/bin/../lib/gcc/arm-none-eabi/12.3.1/../../../../arm-none-eabi/lib/thumb/v6-m/nofp\libc.a(libc_a-strtol.o)
[...]
Memory Configuration

Name             Origin             Length             Attributes
RAM              0x20000000         0x00024000         xrw
FLASH            0x08000000         0x00080000         xr
*default*        0x00000000         0xffffffff

Linker script and memory map

LOAD C:/ST/STM32CubeIDE_1.17.0/STM32CubeIDE/plugins/com.st.stm32cube.ide.mcu.externaltools.gnu-tools-for-stm32.12.3.rel1.win32_1.1.0.202410251130/tools/bin/../lib/gcc/arm-none-eabi/12.3.1/thumb/v6-m/nofp/crti.o
LOAD C:/ST/STM32CubeIDE_1.17.0/STM32CubeIDE/plugins/com.st.stm32cube.ide.mcu.externaltools.gnu-tools-for-stm32.12.3.rel1.win32_1.1.0.202410251130/tools/bin/../lib/gcc/arm-none-eabi/12.3.1/thumb/v6-m/nofp/crtbegin.o
LOAD C:/ST/STM32CubeIDE_1.17.0/STM32CubeIDE/plugins/com.st.stm32cube.ide.mcu.externaltools.gnu-tools-for-stm32.12.3.rel1.win32_1.1.0.202410251130/tools/bin/../lib/gcc/arm-none-eabi/12.3.1/../../../../arm-none-eabi/lib/thumb/v6-m/nofp/crt0.o
LOAD BOS\BOS.o
LOAD BOS\BOS_CLI.o
LOAD BOS\BOS_CLIcommands.o
LOAD BOS\BOS_dma.o
LOAD BOS\BOS_freertos.o
LOAD BOS\BOS_messaging.o
LOAD BOS\BOS_msgparser.o
LOAD H1FR5\H1FR5.o
LOAD H1FR5\H1FR5_dma.o
LOAD H1FR5\H1FR5_eeprom.o
LOAD H1FR5\H1FR5_gpio.o
LOAD H1FR5\H1FR5_inputs.o
LOAD H1FR5\H1FR5_it.o
LOAD H1FR5\H1FR5_rtc.o
LOAD H1FR5\H1FR5_timers.o
LOAD H1FR5\H1FR5_uart.o
LOAD H1FR5\startup_stm32g0b1ceuxn.o
LOAD Thirdparty\CMSIS\STM32G0xx\Device\ST\STM32G0xx\Source\Templates\system_stm32g0xx.o
LOAD Thirdparty\EEPROM_Emul\Core\eeprom_emul.o
LOAD Thirdparty\EEPROM_Emul\Porting\STM32G0\flash_interface.o
LOAD Thirdparty\Middleware\STM32G0xx\FreeRTOS\Source\CMSIS_RTOS\cmsis_os.o
LOAD Thirdparty\Middleware\STM32G0xx\FreeRTOS\Source\FreeRTOS_CLI.o
LOAD Thirdparty\Middleware\STM32G0xx\FreeRTOS\Source\croutine.o
LOAD Thirdparty\Middleware\STM32G0xx\FreeRTOS\Source\event_groups.o
LOAD Thirdparty\Middleware\STM32G0xx\FreeRTOS\Source\list.o
LOAD Thirdparty\Middleware\STM32G0xx\FreeRTOS\Source\portable\GCC\ARM_CM0\port.o
LOAD Thirdparty\Middleware\STM32G0xx\FreeRTOS\Source\portable\MemMang\heap_4.o
LOAD Thirdparty\Middleware\STM32G0xx\FreeRTOS\Source\queue.o
LOAD Thirdparty\Middleware\STM32G0xx\FreeRTOS\Source\stream_buffer.o
LOAD Thirdparty\Middleware\STM32G0xx\FreeRTOS\Source\tasks.o
LOAD Thirdparty\Middleware\STM32G0xx\FreeRTOS\Source\timers.o
LOAD Thirdparty\SAM_M10Q\SAM_M10Q.o
LOAD Thirdparty\STM32G0xx_HAL_Driver\Src\stm32g0xx_hal.o
LOAD Thirdparty\STM32G0xx_HAL_Driver\Src\stm32g0xx_hal_adc.o
LOAD Thirdparty\STM32G0xx_HAL_Driver\Src\stm32g0xx_hal_adc_ex.o
LOAD Thirdparty\STM32G0xx_HAL_Driver\Src\stm32g0xx_hal_cec.o
LOAD Thirdparty\STM32G0xx_HAL_Driver\Src\stm32g0xx_hal_comp.o
LOAD Thirdparty\STM32G0xx_HAL_Driver\Src\stm32g0xx_hal_cortex.o
LOAD Thirdparty\STM32G0xx_HAL_Driver\Src\stm32g0xx_hal_crc.o
LOAD Thirdparty\STM32G0xx_HAL_Driver\Src\stm32g0xx_hal_crc_ex.o
LOAD Thirdparty\STM32G0xx_HAL_Driver\Src\stm32g0xx_hal_cryp.o
LOAD Thirdparty\STM32G0xx_HAL_Driver\Src\stm32g0xx_hal_cryp_ex.o
LOAD Thirdparty\STM32G0xx_HAL_Driver\Src\stm32g0xx_hal_dac.o
LOAD Thirdparty\STM32G0xx_HAL_Driver\Src\stm32g0xx_hal_dac_ex.o
LOAD Thirdparty\STM32G0xx_HAL_Driver\Src\stm32g0xx_hal_dma.o
LOAD Thirdparty\STM32G0xx_HAL_Driver\Src\stm32g0xx_hal_dma_ex.o
LOAD Thirdparty\STM32G0xx_HAL_Driver\Src\stm32g0xx_hal_exti.o
LOAD Thirdparty\STM32G0xx_HAL_Driver\Src\stm32g0xx_hal_fdcan.o
LOAD Thirdparty\STM32G0xx_HAL_Driver\Src\stm32g0xx_hal_flash.o
LOAD Thirdparty\STM32G0xx_HAL_Driver\Src\stm32g0xx_hal_flash_ex.o
LOAD Thirdparty\STM32G0xx_HAL_Driver\Src\stm32g0xx_hal_gpio.o
LOAD Thirdparty\STM32G0xx_HAL_Driver\Src\stm32g0xx_hal_hcd.o
LOAD Thirdparty\STM32G0xx_HAL_Driver\Src\stm32g0xx_hal_i2c.o
LOAD Thirdparty\STM32G0xx_HAL_Driver\Src\stm32g0xx_hal_i2c_ex.o
LOAD Thirdparty\STM32G0xx_HAL_Driver\Src\stm32g0xx_hal_i2s.o
LOAD Thirdparty\STM32G0xx_HAL_Driver\Src\stm32g0xx_hal_irda.o
LOAD Thirdparty\STM32G0xx_HAL_Driver\Src\stm32g0xx_hal_iwdg.o
LOAD Thirdparty\STM32G0xx_HAL_Driver\Src\stm32g0xx_hal_lptim.o
LOAD Thirdparty\STM32G0xx_HAL_Driver\Src\stm32g0xx_hal_msp_template.o
LOAD Thirdparty\STM32G0xx_HAL_Driver\Src\stm32g0xx_hal_pcd.o
LOAD Thirdparty\STM32G0xx_HAL_Driver\Src\stm32g0xx_hal_pcd_ex.o
LOAD Thirdparty\STM32G0xx_HAL_Driver\Src\stm32g0xx_hal_pwr.o
LOAD Thirdparty\STM32G0xx_HAL_Driver\Src\stm32g0xx_hal_pwr_ex.o
LOAD Thirdparty\STM32G0xx_HAL_Driver\Src\stm32g0xx_hal_rcc.o
LOAD Thirdparty\STM32G0xx_HAL_Driver\Src\stm32g0xx_hal_rcc_ex.o
LOAD Thirdparty\STM32G0xx_HAL_Driver\Src\stm32g0xx_hal_rng.o
LOAD Thirdparty\STM32G0xx_HAL_Driver\Src\stm32g0xx_hal_rtc.o
LOAD Thirdparty\STM32G0xx_HAL_Driver\Src\stm32g0xx_hal_rtc_ex.o
LOAD Thirdparty\STM32G0xx_HAL_Driver\Src\stm32g0xx_hal_smartcard.o
LOAD Thirdparty\STM32G0xx_HAL_Driver\Src\stm32g0xx_hal_smartcard_ex.o
LOAD Thirdparty\STM32G0xx_HAL_Driver\Src\stm32g0xx_hal_smbus.o
LOAD Thirdparty\STM32G0xx_HAL_Driver\Src\stm32g0xx_hal_smbus_ex.o
LOAD Thirdparty\STM32G0xx_HAL_Driver\Src\stm32g0xx_hal_spi.o
LOAD Thirdparty\STM32G0xx_HAL_Driver\Src\stm32g0xx_hal_spi_ex.o
LOAD Thirdparty\STM32G0xx_HAL_Driver\Src\stm32g0xx_hal_tim.o
LOAD Thirdparty\STM32G0xx_HAL_Driver\Src\stm32g0xx_hal_tim_ex.o
LOAD Thirdparty\STM32G0xx_HAL_Driver\Src\stm32g0xx_hal_uart.o
LOAD Thirdparty\STM32G0xx_HAL_Driver\Src\stm32g0xx_hal_uart_ex.o
LOAD Thirdparty\STM32G0xx_HAL_Driver\Src\stm32g0xx_hal_usart.o
LOAD Thirdparty\STM32G0xx_HAL_Driver\Src\stm32g0xx_hal_usart_ex.o
LOAD Thirdparty\STM32G0xx_HAL_Driver\Src\stm32g0xx_hal_wwdg.o
LOAD Thirdparty\STM32G0xx_HAL_Driver\Src\stm32g0xx_ll_adc.o
LOAD Thirdparty\STM32G0xx_HAL_Driver\Src\stm32g0xx_ll_comp.o
LOAD Thirdparty\STM32G0xx_HAL_Driver\Src\stm32g0xx_ll_crc.o
LOAD Thirdparty\STM32G0xx_HAL_Driver\Src\stm32g0xx_ll_crs.o
LOAD Thirdparty\STM32G0xx_HAL_Driver\Src\stm32g0xx_ll_dac.o
LOAD Thirdparty\STM32G0xx_HAL_Driver\Src\stm32g0xx_ll_dma.o
LOAD Thirdparty\STM32G0xx_HAL_Driver\Src\stm32g0xx_ll_exti.o
LOAD Thirdparty\STM32G0xx_HAL_Driver\Src\stm32g0xx_ll_gpio.o
LOAD Thirdparty\STM32G0xx_HAL_Driver\Src\stm32g0xx_ll_i2c.o
LOAD Thirdparty\STM32G0xx_HAL_Driver\Src\stm32g0xx_ll_lptim.o
LOAD Thirdparty\STM32G0xx_HAL_Driver\Src\stm32g0xx_ll_lpuart.o
LOAD Thirdparty\STM32G0xx_HAL_Driver\Src\stm32g0xx_ll_pwr.o
LOAD Thirdparty\STM32G0xx_HAL_Driver\Src\stm32g0xx_ll_rcc.o
LOAD Thirdparty\STM32G0xx_HAL_Driver\Src\stm32g0xx_ll_rng.o
LOAD Thirdparty\STM32G0xx_HAL_Driver\Src\stm32g0xx_ll_rtc.o
LOAD Thirdparty\STM32G0xx_HAL_Driver\Src\stm32g0xx_ll_spi.o
LOAD Thirdparty\STM32G0xx_HAL_Driver\Src\stm32g0xx_ll_tim.o
LOAD Thirdparty\STM32G0xx_HAL_Driver\Src\stm32g0xx_ll_ucpd.o
LOAD Thirdparty\STM32G0xx_HAL_Driver\Src\stm32g0xx_ll_usart.o
LOAD Thirdparty\STM32G0xx_HAL_Driver\Src\stm32g0xx_ll_usb.o
LOAD Thirdparty\STM32G0xx_HAL_Driver\Src\stm32g0xx_ll_utils.o
LOAD User\main.o
LOAD syscalls.o
START GROUP
LOAD C:/ST/STM32CubeIDE_1.17.0/STM32CubeIDE/plugins/com.st.stm32cube.ide.mcu.externaltools.gnu-tools-for-stm32.12.3.rel1.win32_1.1.0.202410251130/tools/bin/../lib/gcc/arm-none-eabi/12.3.1/../../../../arm-none-eabi/lib/thumb/v6-m/nofp\libc.a
LOAD C:/ST/STM32CubeIDE_1.17.0/STM32CubeIDE/plugins/com.st.stm32cube.ide.mcu.externaltools.gnu-tools-for-stm32.12.3.rel1.win32_1.1.0.202410251130/tools/bin/../lib/gcc/arm-none-eabi/12.3.1/../../../../arm-none-eabi/lib/thumb/v6-m/nofp\libm.a
END GROUP
START GROUP
LOAD C:/ST/STM32CubeIDE_1.17.0/STM32CubeIDE/plugins/com.st.stm32cube.ide.mcu.externaltools.gnu-tools-for-stm32.12.3.rel1.win32_1.1.0.202410251130/tools/bin/../lib/gcc/arm-none-eabi/12.3.1/thumb/v6-m/nofp\libgcc.a
LOAD C:/ST/STM32CubeIDE_1.17.0/STM32CubeIDE/plugins/com.st.stm32cube.ide.mcu.externaltools.gnu-tools-for-stm32.12.3.rel1.win32_1.1.0.202410251130/tools/bin/../lib/gcc/arm-none-eabi/12.3.1/../../../../arm-none-eabi/lib/thumb/v6-m/nofp\libc.a
END GROUP
START GROUP
LOAD C:/ST/STM32CubeIDE_1.17.0/STM32CubeIDE/plugins/com.st.stm32cube.ide.mcu.externaltools.gnu-tools-for-stm32.12.3.rel1.win32_1.1.0.202410251130/tools/bin/../lib/gcc/arm-none-eabi/12.3.1/thumb/v6-m/nofp\libgcc.a
LOAD C:/ST/STM32CubeIDE_1.17.0/STM32CubeIDE/plugins/com.st.stm32cube.ide.mcu.externaltools.gnu-tools-for-stm32.12.3.rel1.win32_1.1.0.202410251130/tools/bin/../lib/gcc/arm-none-eabi/12.3.1/../../../../arm-none-eabi/lib/thumb/v6-m/nofp\libc.a
LOAD C:/ST/STM32CubeIDE_1.17.0/STM32CubeIDE/plugins/com.st.stm32cube.ide.mcu.externaltools.gnu-tools-for-stm32.12.3.rel1.win32_1.1.0.202410251130/tools/bin/../lib/gcc/arm-none-eabi/12.3.1/../../../../arm-none-eabi/lib/thumb/v6-m/nofp\libnosys.a
END GROUP
LOAD C:/ST/STM32CubeIDE_1.17.0/STM32CubeIDE/plugins/com.st.stm32cube.ide.mcu.externaltools.gnu-tools-for-stm32.12.3.rel1.win32_1.1.0.202410251130/tools/bin/../lib/gcc/arm-none-eabi/12.3.1/thumb/v6-m/nofp/crtend.o
LOAD C:/ST/STM32CubeIDE_1.17.0/STM32CubeIDE/plugins/com.st.stm32cube.ide.mcu.externaltools.gnu-tools-for-stm32.12.3.rel1.win32_1.1.0.202410251130/tools/bin/../lib/gcc/arm-none-eabi/12.3.1/thumb/v6-m/nofp/crtn.o
                0x20024000                        _estack = (ORIGIN (RAM) + LENGTH (RAM))
                0x00000200                        _Min_Heap_Size = 0x200
                0x00000400                        _Min_Stack_Size = 0x400

.isr_vector     0x08000000       0xbc
                0x08000000                        . = ALIGN (0x4)
 *(.isr_vector)
 .isr_vector    0x08000000       0xbc H1FR5\startup_stm32g0b1ceuxn.o
                0x08000000                g_pfnVectors
                0x080000bc                        . = ALIGN (0x4)

.text           0x080000c0    0x2bfb8
                0x080000c0                        . = ALIGN (0x4)
 *(.text)
 .text          0x080000c0       0x48 C:/ST/STM32CubeIDE_1.17.0/STM32CubeIDE/plugins/com.st.stm32cube.ide.mcu.externaltools.gnu-tools-for-stm32.12.3.rel1.win32_1.1.0.202410251130/tools/bin/../lib/gcc/arm-none-eabi/12.3.1/thumb/v6-m/nofp/crtbegin.o
 .text          0x08000108       0x14 C:/ST/STM32CubeIDE_1.17.0/STM32CubeIDE/plugins/com.st.stm32cube.ide.mcu.externaltools.gnu-tools-for-stm32.12.3.rel1.win32_1.1.0.202410251130/tools/bin/../lib/gcc/arm-none-eabi/12.3.1/../../../../arm-none-eabi/lib/thumb/v6-m/nofp\libc.a(libc_a-strcmp.o)
                0x08000108                strcmp
 .text          0x0800011c        0xe C:/ST/STM32CubeIDE_1.17.0/STM32CubeIDE/plugins/com.st.stm32cube.ide.mcu.externaltools.gnu-tools-for-stm32.12.3.rel1.win32_1.1.0.202410251130/tools/bin/../lib/gcc/arm-none-eabi/12.3.1/../../../../arm-none-eabi/lib/thumb/v6-m/nofp\libc.a(libc_a-strlen.o)
                0x0800011c                strlen
 *fill*         0x0800012a        0x2 
 .text          0x0800012c       0x14 C:/ST/STM32CubeIDE_1.17.0/STM32CubeIDE/plugins/com.st.stm32cube.ide.mcu.externaltools.gnu-tools-for-stm32.12.3.rel1.win32_1.1.0.202410251130/tools/bin/../lib/gcc/arm-none-eabi/12.3.1/thumb/v6-m/nofp\libgcc.a(_thumb1_case_uqi.o)
                0x0800012c                __gnu_thumb1_case_uqi
 .text          0x08000140       0x14 C:/ST/STM32CubeIDE_1.17.0/STM32CubeIDE/plugins/com.st.stm32cube.ide.mcu.externaltools.gnu-tools-for-stm32.12.3.rel1.win32_1.1.0.202410251130/tools/bin/../lib/gcc/arm-none-eabi/12.3.1/thumb/v6-m/nofp\libgcc.a(_thumb1_case_uhi.o)
                0x08000140                __gnu_thumb1_case_uhi
 .text          0x08000154      0x114 C:/ST/STM32CubeIDE_1.17.0/STM32CubeIDE/plugins/com.st.stm32cube.ide.mcu.externaltools.gnu-tools-for-stm32.12.3.rel1.win32_1.1.0.202410251130/tools/bin/../lib/gcc/arm-none-eabi/12.3.1/thumb/v6-m/nofp\libgcc.a(_udivsi3.o)
                0x08000154                __aeabi_uidiv
                0x08000154                __udivsi3
                0x08000260                __aeabi_uidivmod
 .text          0x08000268      0x1d4 C:/ST/STM32CubeIDE_1.17.0/STM32CubeIDE/plugins/com.st.stm32cube.ide.mcu.externaltools.gnu-tools-for-stm32.12.3.rel1.win32_1.1.0.202410251130/tools/bin/../lib/gcc/arm-none-eabi/12.3.1/thumb/v6-m/nofp\libgcc.a(_divsi3.o)
                0x08000268                __divsi3
                0x08000268                __aeabi_idiv
                0x08000434                __aeabi_idivmod
 .text          0x0800043c        0x4 C:/ST/STM32CubeIDE_1.17.0/STM32CubeIDE/plugins/com.st.stm32cube.ide.mcu.externaltools.gnu-tools-for-stm32.12.3.rel1.win32_1.1.0.202410251130/tools/bin/../lib/gcc/arm-none-eabi/12.3.1/thumb/v6-m/nofp\libgcc.a(_dvmd_tls.o)
                0x0800043c                __aeabi_idiv0
                0x0800043c                __aeabi_ldiv0
 .text          0x08000440       0x7c C:/ST/STM32CubeIDE_1.17.0/STM32CubeIDE/plugins/com.st.stm32cube.ide.mcu.externaltools.gnu-tools-for-stm32.12.3.rel1.win32_1.1.0.202410251130/tools/bin/../lib/gcc/arm-none-eabi/12.3.1/thumb/v6-m/nofp\libgcc.a(_arm_cmpdf2.o)
                0x08000440                __aeabi_cdrcmple
                0x08000450                __aeabi_cdcmple
                0x08000450                __aeabi_cdcmpeq
                0x08000460                __aeabi_dcmpeq
                0x0800046c                __aeabi_dcmplt
                0x08000480                __aeabi_dcmple
                0x08000494                __aeabi_dcmpgt
                0x080004a8                __aeabi_dcmpge
 .text          0x080004bc       0x74 C:/ST/STM32CubeIDE_1.17.0/STM32CubeIDE/plugins/com.st.stm32cube.ide.mcu.externaltools.gnu-tools-for-stm32.12.3.rel1.win32_1.1.0.202410251130/tools/bin/../lib/gcc/arm-none-eabi/12.3.1/thumb/v6-m/nofp\libgcc.a(_arm_cmpsf2.o)
                0x080004bc                __aeabi_cfrcmple
                0x080004c4                __aeabi_cfcmpeq
                0x080004c4                __aeabi_cfcmple
                0x080004d4                __aeabi_fcmpeq
                0x080004e0                __aeabi_fcmplt
                0x080004f4                __aeabi_fcmple
                0x08000508                __aeabi_fcmpgt
                0x0800051c                __aeabi_fcmpge
 .text          0x08000530       0x40 C:/ST/STM32CubeIDE_1.17.0/STM32CubeIDE/plugins/com.st.stm32cube.ide.mcu.externaltools.gnu-tools-for-stm32.12.3.rel1.win32_1.1.0.202410251130/tools/bin/../lib/gcc/arm-none-eabi/12.3.1/thumb/v6-m/nofp\libgcc.a(_aeabi_uldivmod.o)
                0x08000530                __aeabi_uldivmod
 .text          0x08000570       0x5c C:/ST/STM32CubeIDE_1.17.0/STM32CubeIDE/plugins/com.st.stm32cube.ide.mcu.externaltools.gnu-tools-for-stm32.12.3.rel1.win32_1.1.0.202410251130/tools/bin/../lib/gcc/arm-none-eabi/12.3.1/thumb/v6-m/nofp\libgcc.a(_muldi3.o)
                0x08000570                __muldi3
                0x08000570                __aeabi_lmul
 .text          0x080005cc       0x30 C:/ST/STM32CubeIDE_1.17.0/STM32CubeIDE/plugins/com.st.stm32cube.ide.mcu.externaltools.gnu-tools-for-stm32.12.3.rel1.win32_1.1.0.202410251130/tools/bin/../lib/gcc/arm-none-eabi/12.3.1/thumb/v6-m/nofp\libgcc.a(_fixunssfsi.o)
                0x080005cc                __fixunssfsi
                0x080005cc                __aeabi_f2uiz
 .text          0x080005fc       0x3c C:/ST/STM32CubeIDE_1.17.0/STM32CubeIDE/plugins/com.st.stm32cube.ide.mcu.externaltools.gnu-tools-for-stm32.12.3.rel1.win32_1.1.0.202410251130/tools/bin/../lib/gcc/arm-none-eabi/12.3.1/thumb/v6-m/nofp\libgcc.a(_fixunsdfsi.o)
                0x080005fc                __aeabi_d2uiz
                0x080005fc                __fixunsdfsi
 .text          0x08000638       0x38 C:/ST/STM32CubeIDE_1.17.0/STM32CubeIDE/plugins/com.st.stm32cube.ide.mcu.externaltools.gnu-tools-for-stm32.12.3.rel1.win32_1.1.0.202410251130/tools/bin/../lib/gcc/arm-none-eabi/12.3.1/thumb/v6-m/nofp\libgcc.a(_fixdfdi.o)
                0x08000638                __fixdfdi
                0x08000638                __aeabi_d2lz
 .text          0x08000670       0x3c C:/ST/STM32CubeIDE_1.17.0/STM32CubeIDE/plugins/com.st.stm32cube.ide.mcu.externaltools.gnu-tools-for-stm32.12.3.rel1.win32_1.1.0.202410251130/tools/bin/../lib/gcc/arm-none-eabi/12.3.1/thumb/v6-m/nofp\libgcc.a(_fixunsdfdi.o)
                0x08000670                __fixunsdfdi
                0x08000670                __aeabi_d2ulz
 .text          0x080006ac       0x2c C:/ST/STM32CubeIDE_1.17.0/STM32CubeIDE/plugins/com.st.stm32cube.ide.mcu.externaltools.gnu-tools-for-stm32.12.3.rel1.win32_1.1.0.202410251130/tools/bin/../lib/gcc/arm-none-eabi/12.3.1/thumb/v6-m/nofp\libgcc.a(_floatdidf.o)
                0x080006ac                __aeabi_l2d
                0x080006ac                __floatdidf
 .text          0x080006d8      0x198 C:/ST/STM32CubeIDE_1.17.0/STM32CubeIDE/plugins/com.st.stm32cube.ide.mcu.externaltools.gnu-tools-for-stm32.12.3.rel1.win32_1.1.0.202410251130/tools/bin/../lib/gcc/arm-none-eabi/12.3.1/thumb/v6-m/nofp\libgcc.a(_udivmoddi4.o)
                0x080006d8                __udivmoddi4
 .text          0x08000870      0x314 C:/ST/STM32CubeIDE_1.17.0/STM32CubeIDE/plugins/com.st.stm32cube.ide.mcu.externaltools.gnu-tools-for-stm32.12.3.rel1.win32_1.1.0.202410251130/tools/bin/../lib/gcc/arm-none-eabi/12.3.1/thumb/v6-m/nofp\libgcc.a(addsf3.o)
                0x08000870                __aeabi_fadd
 .text          0x08000b84      0x240 C:/ST/STM32CubeIDE_1.17.0/STM32CubeIDE/plugins/com.st.stm32cube.ide.mcu.externaltools.gnu-tools-for-stm32.12.3.rel1.win32_1.1.0.202410251130/tools/bin/../lib/gcc/arm-none-eabi/12.3.1/thumb/v6-m/nofp\libgcc.a(divsf3.o)
                0x08000b84                __aeabi_fdiv
 .text          0x08000dc4       0x50 C:/ST/STM32CubeIDE_1.17.0/STM32CubeIDE/plugins/com.st.stm32cube.ide.mcu.externaltools.gnu-tools-for-stm32.12.3.rel1.win32_1.1.0.202410251130/tools/bin/../lib/gcc/arm-none-eabi/12.3.1/thumb/v6-m/nofp\libgcc.a(eqsf2.o)
                0x08000dc4                __eqsf2
                0x08000dc4                __nesf2
 .text          0x08000e14       0xa0 C:/ST/STM32CubeIDE_1.17.0/STM32CubeIDE/plugins/com.st.stm32cube.ide.mcu.externaltools.gnu-tools-for-stm32.12.3.rel1.win32_1.1.0.202410251130/tools/bin/../lib/gcc/arm-none-eabi/12.3.1/thumb/v6-m/nofp\libgcc.a(gesf2.o)
                0x08000e14                __gesf2
                0x08000e14                __gtsf2
 .text          0x08000eb4       0x9c C:/ST/STM32CubeIDE_1.17.0/STM32CubeIDE/plugins/com.st.stm32cube.ide.mcu.externaltools.gnu-tools-for-stm32.12.3.rel1.win32_1.1.0.202410251130/tools/bin/../lib/gcc/arm-none-eabi/12.3.1/thumb/v6-m/nofp\libgcc.a(lesf2.o)
                0x08000eb4                __ltsf2
                0x08000eb4                __lesf2
 .text          0x08000f50      0x27c C:/ST/STM32CubeIDE_1.17.0/STM32CubeIDE/plugins/com.st.stm32cube.ide.mcu.externaltools.gnu-tools-for-stm32.12.3.rel1.win32_1.1.0.202410251130/tools/bin/../lib/gcc/arm-none-eabi/12.3.1/thumb/v6-m/nofp\libgcc.a(mulsf3.o)
                0x08000f50                __aeabi_fmul
 .text          0x080011cc      0x348 C:/ST/STM32CubeIDE_1.17.0/STM32CubeIDE/plugins/com.st.stm32cube.ide.mcu.externaltools.gnu-tools-for-stm32.12.3.rel1.win32_1.1.0.202410251130/tools/bin/../lib/gcc/arm-none-eabi/12.3.1/thumb/v6-m/nofp\libgcc.a(subsf3.o)
                0x080011cc                __aeabi_fsub
 .text          0x08001514       0x40 C:/ST/STM32CubeIDE_1.17.0/STM32CubeIDE/plugins/com.st.stm32cube.ide.mcu.externaltools.gnu-tools-for-stm32.12.3.rel1.win32_1.1.0.202410251130/tools/bin/../lib/gcc/arm-none-eabi/12.3.1/thumb/v6-m/nofp\libgcc.a(fixsfsi.o)
                0x08001514                __aeabi_f2iz
 .text          0x08001554       0x98 C:/ST/STM32CubeIDE_1.17.0/STM32CubeIDE/plugins/com.st.stm32cube.ide.mcu.externaltools.gnu-tools-for-stm32.12.3.rel1.win32_1.1.0.202410251130/tools/bin/../lib/gcc/arm-none-eabi/12.3.1/thumb/v6-m/nofp\libgcc.a(floatsisf.o)
                0x08001554                __aeabi_i2f
 .text          0x080015ec       0x84 C:/ST/STM32CubeIDE_1.17.0/STM32CubeIDE/plugins/com.st.stm32cube.ide.mcu.externaltools.gnu-tools-for-stm32.12.3.rel1.win32_1.1.0.202410251130/tools/bin/../lib/gcc/arm-none-eabi/12.3.1/thumb/v6-m/nofp\libgcc.a(floatunsisf.o)
                0x080015ec                __aeabi_ui2f
 .text          0x08001670      0x6c8 C:/ST/STM32CubeIDE_1.17.0/STM32CubeIDE/plugins/com.st.stm32cube.ide.mcu.externaltools.gnu-tools-for-stm32.12.3.rel1.win32_1.1.0.202410251130/tools/bin/../lib/gcc/arm-none-eabi/12.3.1/thumb/v6-m/nofp\libgcc.a(adddf3.o)
                0x08001670                __aeabi_dadd
 .text          0x08001d38      0x634 C:/ST/STM32CubeIDE_1.17.0/STM32CubeIDE/plugins/com.st.stm32cube.ide.mcu.externaltools.gnu-tools-for-stm32.12.3.rel1.win32_1.1.0.202410251130/tools/bin/../lib/gcc/arm-none-eabi/12.3.1/thumb/v6-m/nofp\libgcc.a(divdf3.o)
                0x08001d38                __aeabi_ddiv
 .text          0x0800236c       0x88 C:/ST/STM32CubeIDE_1.17.0/STM32CubeIDE/plugins/com.st.stm32cube.ide.mcu.externaltools.gnu-tools-for-stm32.12.3.rel1.win32_1.1.0.202410251130/tools/bin/../lib/gcc/arm-none-eabi/12.3.1/thumb/v6-m/nofp\libgcc.a(eqdf2.o)
                0x0800236c                __nedf2
                0x0800236c                __eqdf2
 .text          0x080023f4       0xe8 C:/ST/STM32CubeIDE_1.17.0/STM32CubeIDE/plugins/com.st.stm32cube.ide.mcu.externaltools.gnu-tools-for-stm32.12.3.rel1.win32_1.1.0.202410251130/tools/bin/../lib/gcc/arm-none-eabi/12.3.1/thumb/v6-m/nofp\libgcc.a(gedf2.o)
                0x080023f4                __gedf2
                0x080023f4                __gtdf2
 .text          0x080024dc       0xe4 C:/ST/STM32CubeIDE_1.17.0/STM32CubeIDE/plugins/com.st.stm32cube.ide.mcu.externaltools.gnu-tools-for-stm32.12.3.rel1.win32_1.1.0.202410251130/tools/bin/../lib/gcc/arm-none-eabi/12.3.1/thumb/v6-m/nofp\libgcc.a(ledf2.o)
                0x080024dc                __ledf2
                0x080024dc                __ltdf2
 .text          0x080025c0      0x590 C:/ST/STM32CubeIDE_1.17.0/STM32CubeIDE/plugins/com.st.stm32cube.ide.mcu.externaltools.gnu-tools-for-stm32.12.3.rel1.win32_1.1.0.202410251130/tools/bin/../lib/gcc/arm-none-eabi/12.3.1/thumb/v6-m/nofp\libgcc.a(muldf3.o)
                0x080025c0                __aeabi_dmul
 .text          0x08002b50      0x738 C:/ST/STM32CubeIDE_1.17.0/STM32CubeIDE/plugins/com.st.stm32cube.ide.mcu.externaltools.gnu-tools-for-stm32.12.3.rel1.win32_1.1.0.202410251130/tools/bin/../lib/gcc/arm-none-eabi/12.3.1/thumb/v6-m/nofp\libgcc.a(subdf3.o)
                0x08002b50                __aeabi_dsub
 .text          0x08003288       0x44 C:/ST/STM32CubeIDE_1.17.0/STM32CubeIDE/plugins/com.st.stm32cube.ide.mcu.externaltools.gnu-tools-for-stm32.12.3.rel1.win32_1.1.0.202410251130/tools/bin/../lib/gcc/arm-none-eabi/12.3.1/thumb/v6-m/nofp\libgcc.a(unorddf2.o)
                0x08003288                __aeabi_dcmpun
 .text          0x080032cc       0x78 C:/ST/STM32CubeIDE_1.17.0/STM32CubeIDE/plugins/com.st.stm32cube.ide.mcu.externaltools.gnu-tools-for-stm32.12.3.rel1.win32_1.1.0.202410251130/tools/bin/../lib/gcc/arm-none-eabi/12.3.1/thumb/v6-m/nofp\libgcc.a(fixdfsi.o)
                0x080032cc                __aeabi_d2iz
 .text          0x08003344       0x5c C:/ST/STM32CubeIDE_1.17.0/STM32CubeIDE/plugins/com.st.stm32cube.ide.mcu.externaltools.gnu-tools-for-stm32.12.3.rel1.win32_1.1.0.202410251130/tools/bin/../lib/gcc/arm-none-eabi/12.3.1/thumb/v6-m/nofp\libgcc.a(floatsidf.o)
                0x08003344                __aeabi_i2d
 .text          0x080033a0       0x48 C:/ST/STM32CubeIDE_1.17.0/STM32CubeIDE/plugins/com.st.stm32cube.ide.mcu.externaltools.gnu-tools-for-stm32.12.3.rel1.win32_1.1.0.202410251130/tools/bin/../lib/gcc/arm-none-eabi/12.3.1/thumb/v6-m/nofp\libgcc.a(floatunsidf.o)
                0x080033a0                __aeabi_ui2d
 .text          0x080033e8       0x90 C:/ST/STM32CubeIDE_1.17.0/STM32CubeIDE/plugins/com.st.stm32cube.ide.mcu.externaltools.gnu-tools-for-stm32.12.3.rel1.win32_1.1.0.202410251130/tools/bin/../lib/gcc/arm-none-eabi/12.3.1/thumb/v6-m/nofp\libgcc.a(extendsfdf2.o)
                0x080033e8                __aeabi_f2d
 .text          0x08003478      0x108 C:/ST/STM32CubeIDE_1.17.0/STM32CubeIDE/plugins/com.st.stm32cube.ide.mcu.externaltools.gnu-tools-for-stm32.12.3.rel1.win32_1.1.0.202410251130/tools/bin/../lib/gcc/arm-none-eabi/12.3.1/thumb/v6-m/nofp\libgcc.a(truncdfsf2.o)
                0x08003478                __aeabi_d2f
 .text          0x08003580       0x3c C:/ST/STM32CubeIDE_1.17.0/STM32CubeIDE/plugins/com.st.stm32cube.ide.mcu.externaltools.gnu-tools-for-stm32.12.3.rel1.win32_1.1.0.202410251130/tools/bin/../lib/gcc/arm-none-eabi/12.3.1/thumb/v6-m/nofp\libgcc.a(_clzsi2.o)
                0x08003580                __clzsi2
 .text          0x080035bc       0x18 C:/ST/STM32CubeIDE_1.17.0/STM32CubeIDE/plugins/com.st.stm32cube.ide.mcu.externaltools.gnu-tools-for-stm32.12.3.rel1.win32_1.1.0.202410251130/tools/bin/../lib/gcc/arm-none-eabi/12.3.1/thumb/v6-m/nofp\libgcc.a(_clzdi2.o)
                0x080035bc                __clzdi2
 *(.text*)
 .text.__NVIC_SystemReset
                0x080035d4       0x24 BOS\BOS.o
 .text.LoadEEvars
                0x080035f8       0x2a BOS\BOS.o
                0x080035f8                LoadEEvars
 *fill*         0x08003622        0x2 
 .text.LoadROtopology
                0x08003624       0xfc BOS\BOS.o
                0x08003624                LoadROtopology
 .text.LoadEEportsDir
                0x08003720       0x68 BOS\BOS.o
                0x08003720                LoadEEportsDir
 .text.LoadEEalias
                0x08003788       0xd8 BOS\BOS.o
                0x08003788                LoadEEalias
 .text.LoadEEgroup
                0x08003860      0x120 BOS\BOS.o
                0x08003860                LoadEEgroup
 .text.LoadEEstreams
                0x08003980      0x228 BOS\BOS.o
                0x08003980                LoadEEstreams
 .text.LoadEEparams
                0x08003ba8      0x2e4 BOS\BOS.o
                0x08003ba8                LoadEEparams
 .text.LoadEEbuttons
                0x08003e8c      0x124 BOS\BOS.o
                0x08003e8c                LoadEEbuttons
 .text.LoadROsnippets
                0x08003fb0      0x1d8 BOS\BOS.o
                0x08003fb0                LoadROsnippets
 .text.SaveEEportsDir
                0x08004188       0x78 BOS\BOS.o
                0x08004188                SaveEEportsDir
 .text.SaveEEalias
                0x08004200       0xd0 BOS\BOS.o
                0x08004200                SaveEEalias
 .text.SaveEEstreams
                0x080042d0       0xdc BOS\BOS.o
                0x080042d0                SaveEEstreams
 .text.SaveEEparams
                0x080043ac       0xb4 BOS\BOS.o
                0x080043ac                SaveEEparams
 .text.ClearEEportsDir
                0x08004460       0x84 BOS\BOS.o
                0x08004460                ClearEEportsDir
 .text.IsLowerCLIbaud
                0x080044e4       0xe8 BOS\BOS.o
                0x080044e4                IsLowerCLIbaud
 .text.IsModuleParameter
                0x080045cc       0x64 BOS\BOS.o
                0x080045cc                IsModuleParameter
 .text.IsMathOperator
                0x08004630       0xc4 BOS\BOS.o
                0x08004630                IsMathOperator
 .text.BOS_Init
                0x080046f4      0x130 BOS\BOS.o
                0x080046f4                BOS_Init
 .text.Module_Init
                0x08004824       0x1e BOS\BOS.o
                0x08004824                Module_Init
 *fill*         0x08004842        0x2 
 .text.Explore  0x08004844      0x9b0 BOS\BOS.o
                0x08004844                Explore
 .text.ExploreNeighbors
                0x080051f4       0x90 BOS\BOS.o
                0x080051f4                ExploreNeighbors
 .text.FindBroadcastRoutes
                0x08005284      0x3b0 BOS\BOS.o
                0x08005284                FindBroadcastRoutes
 .text.FindRoute
                0x08005634      0x2d8 BOS\BOS.o
                0x08005634                FindRoute
 .text.minArr   0x0800590c       0x88 BOS\BOS.o
                0x0800590c                minArr
 .text.QnotEmpty
                0x08005994       0x50 BOS\BOS.o
                0x08005994                QnotEmpty
 .text.DisplayTopology
                0x080059e4      0x258 BOS\BOS.o
                0x080059e4                DisplayTopology
 .text.DisplayPortsDir
                0x08005c3c      0x118 BOS\BOS.o
                0x08005c3c                DisplayPortsDir
 .text.DisplayModuleStatus
                0x08005d54      0x3b4 BOS\BOS.o
                0x08005d54                DisplayModuleStatus
 .text.GetID    0x08006108      0x15c BOS\BOS.o
                0x08006108                GetID
 .text.NameModule
                0x08006264      0x140 BOS\BOS.o
                0x08006264                NameModule
 .text.AddModuleToGroup
                0x080063a4      0x1b8 BOS\BOS.o
                0x080063a4                AddModuleToGroup
 .text.WriteToRemote
                0x0800655c      0x418 BOS\BOS.o
                0x0800655c                WriteToRemote
 .text.GetDateString
                0x08006974       0x5c BOS\BOS.o
                0x08006974                GetDateString
 .text.Bridge   0x080069d0       0x4c BOS\BOS.o
                0x080069d0                Bridge
 .text.Unbridge
                0x08006a1c       0xbc BOS\BOS.o
                0x08006a1c                Unbridge
 .text.prvCLITask
                0x08006ad8      0x254 BOS\BOS_CLI.o
                0x08006ad8                prvCLITask
 .text.CLI_CommandParser
                0x08006d2c      0x57c BOS\BOS_CLI.o
                0x08006d2c                CLI_CommandParser
 .text.StringToLowerCase
                0x080072a8       0x6c BOS\BOS_CLI.o
                0x080072a8                StringToLowerCase
 .text.AddSnippet
                0x08007314      0x118 BOS\BOS_CLI.o
                0x08007314                AddSnippet
 .text.ParseSnippetCondition
                0x0800742c      0x298 BOS\BOS_CLI.o
                0x0800742c                ParseSnippetCondition
 .text.CheckSnippetCondition
                0x080076c4      0x1cc BOS\BOS_CLI.o
                0x080076c4                CheckSnippetCondition
 .text.ExecuteSnippet
                0x08007890       0xdc BOS\BOS_CLI.o
                0x08007890                ExecuteSnippet
 .text.ParseSnippetCommand
                0x0800796c       0xe0 BOS\BOS_CLI.o
                0x0800796c                ParseSnippetCommand
 .text.__NVIC_SystemReset
                0x08007a4c       0x24 BOS\BOS_CLIcommands.o
 .text.RegisterUserCLICommands
                0x08007a70        0xa BOS\BOS_CLIcommands.o
                0x08007a70                RegisterUserCLICommands
 *fill*         0x08007a7a        0x2 
 .text.vRegisterCLICommands
                0x08007a7c      0x1a4 BOS\BOS_CLIcommands.o
                0x08007a7c                vRegisterCLICommands
 .text.prvTaskStatsCommand
                0x08007c20       0x40 BOS\BOS_CLIcommands.o
 .text.prvRunTimeStatsCommand
                0x08007c60       0x40 BOS\BOS_CLIcommands.o
 .text.pingCommand
                0x08007ca0       0x98 BOS\BOS_CLIcommands.o
 .text.bootloaderUpdateCommand
                0x08007d38      0x200 BOS\BOS_CLIcommands.o
 .text.exploreCommand
                0x08007f38       0xf8 BOS\BOS_CLIcommands.o
 .text.resetCommand
                0x08008030       0x10 BOS\BOS_CLIcommands.o
 .text.nameCommand
                0x08008040       0xe8 BOS\BOS_CLIcommands.o
 .text.groupCommand
                0x08008128      0x2fc BOS\BOS_CLIcommands.o
 .text.statusCommand
                0x08008424       0x1c BOS\BOS_CLIcommands.o
 .text.infoCommand
                0x08008440       0xfc BOS\BOS_CLIcommands.o
 .text.addbuttonCommand
                0x0800853c      0x150 BOS\BOS_CLIcommands.o
 .text.removebuttonCommand
                0x0800868c       0x94 BOS\BOS_CLIcommands.o
 .text.setCommand
                0x08008720      0xba8 BOS\BOS_CLIcommands.o
 .text.getCommand
                0x080092c8      0x39c BOS\BOS_CLIcommands.o
 .text.defaultCommand
                0x08009664       0xf8 BOS\BOS_CLIcommands.o
 .text.timeCommand
                0x0800975c       0xd8 BOS\BOS_CLIcommands.o
 .text.dateCommand
                0x08009834       0x34 BOS\BOS_CLIcommands.o
 .text.setBaudrateCommand
                0x08009868       0xc0 BOS\BOS_CLIcommands.o
 .text.uuidCommand
                0x08009928       0x90 BOS\BOS_CLIcommands.o
 .text.idcodeCommand
                0x080099b8       0x7c BOS\BOS_CLIcommands.o
 .text.flashsizeCommand
                0x08009a34       0x34 BOS\BOS_CLIcommands.o
 .text.snipCommand
                0x08009a68      0x2dc BOS\BOS_CLIcommands.o
 .text.actSnipCommand
                0x08009d44       0xb8 BOS\BOS_CLIcommands.o
 .text.pauseSnipCommand
                0x08009dfc       0xb8 BOS\BOS_CLIcommands.o
 .text.delSnipCommand
                0x08009eb4      0x1d4 BOS\BOS_CLIcommands.o
 .text.bridgeCommand
                0x0800a088      0x11c BOS\BOS_CLIcommands.o
 .text.unbridgeCommand
                0x0800a1a4      0x11c BOS\BOS_CLIcommands.o
 .text.testportCommand
                0x0800a2c0      0x2d8 BOS\BOS_CLIcommands.o
 .text.ADCReadCommand
                0x0800a598      0x12c BOS\BOS_CLIcommands.o
 .text.ReadTempCommand
                0x0800a6c4       0x54 BOS\BOS_CLIcommands.o
 .text.ReadVrefCommand
                0x0800a718       0x54 BOS\BOS_CLIcommands.o
 .text.GetReadPercentageCommand
                0x0800a76c      0x104 BOS\BOS_CLIcommands.o
 .text.StartDMAstream
                0x0800a870       0xb0 BOS\BOS_dma.o
                0x0800a870                StartDMAstream
 .text.DMA_IRQHandler
                0x0800a920      0x118 BOS\BOS_dma.o
                0x0800a920                DMA_IRQHandler
 .text.ResetUartORE
                0x0800aa38       0x48 BOS\BOS_dma.o
                0x0800aa38                ResetUartORE
 .text.MX_FREERTOS_Init
                0x0800aa80      0x214 BOS\BOS_freertos.o
                0x0800aa80                MX_FREERTOS_Init
 .text.StartDefaultTask
                0x0800ac94       0xf8 BOS\BOS_freertos.o
                0x0800ac94                StartDefaultTask
 .text.vMainConfigureTimerForRunTimeStats
                0x0800ad8c       0x2c BOS\BOS_freertos.o
                0x0800ad8c                vMainConfigureTimerForRunTimeStats
 .text.ulMainGetRunTimeCounterValue
                0x0800adb8       0x9c BOS\BOS_freertos.o
                0x0800adb8                ulMainGetRunTimeCounterValue
 .text.SetupDMAStreams
                0x0800ae54      0x3c8 BOS\BOS_messaging.o
                0x0800ae54                SetupDMAStreams
 .text.StreamTimerCallback
                0x0800b21c       0xa4 BOS\BOS_messaging.o
                0x0800b21c                StreamTimerCallback
 .text.ForwardReceivedMessage
                0x0800b2c0       0x8c BOS\BOS_messaging.o
                0x0800b2c0                ForwardReceivedMessage
 .text.BroadcastReceivedMessage
                0x0800b34c       0x70 BOS\BOS_messaging.o
                0x0800b34c                BroadcastReceivedMessage
 .text.NotifyMessagingTask
                0x0800b3bc       0x90 BOS\BOS_messaging.o
                0x0800b3bc                NotifyMessagingTask
 .text.BroadcastMessage
                0x0800b44c       0x94 BOS\BOS_messaging.o
                0x0800b44c                BroadcastMessage
 .text.SendMessageToModule
                0x0800b4e0       0xa4 BOS\BOS_messaging.o
                0x0800b4e0                SendMessageToModule
 .text.SendLargeMessageToModule
                0x0800b584      0x10c BOS\BOS_messaging.o
                0x0800b584                SendLargeMessageToModule
 .text.SendMessageFromPort
                0x0800b690      0x4e0 BOS\BOS_messaging.o
                0x0800b690                SendMessageFromPort
 .text.StartScastDMAStream
                0x0800bb70      0x314 BOS\BOS_messaging.o
                0x0800bb70                StartScastDMAStream
 .text.__NVIC_SystemReset
                0x0800be84       0x24 BOS\BOS_msgparser.o
 .text.BackEndTask
                0x0800bea8      0xbb8 BOS\BOS_msgparser.o
                0x0800bea8                BackEndTask
 .text.PxMessagingTask
                0x0800ca60     0x47f4 BOS\BOS_msgparser.o
                0x0800ca60                PxMessagingTask
 .text.User_MessagingParser
                0x08011254       0x3a BOS\BOS_msgparser.o
                0x08011254                User_MessagingParser
 .text.SystemClock_Config
                0x0801128e       0xb4 H1FR5\H1FR5.o
                0x0801128e                SystemClock_Config
 *fill*         0x08011342        0x2 
 .text.EnableStopModebyUARTx
                0x08011344       0xb8 H1FR5\H1FR5.o
                0x08011344                EnableStopModebyUARTx
 .text.EnableStandbyModebyWakeupPinx
                0x080113fc       0x64 H1FR5\H1FR5.o
                0x080113fc                EnableStandbyModebyWakeupPinx
 .text.DisableStandbyModeWakeupPinx
                0x08011460       0x98 H1FR5\H1FR5.o
                0x08011460                DisableStandbyModeWakeupPinx
 .text.SaveTopologyToRO
                0x080114f8      0x1bc H1FR5\H1FR5.o
                0x080114f8                SaveTopologyToRO
 .text.SaveSnippetsToRO
                0x080116b4      0x1f8 H1FR5\H1FR5.o
                0x080116b4                SaveSnippetsToRO
 .text.ClearROtopology
                0x080118ac       0x38 H1FR5\H1FR5.o
                0x080118ac                ClearROtopology
 .text.RemoteBootloaderUpdate
                0x080118e4      0x178 H1FR5\H1FR5.o
                0x080118e4                RemoteBootloaderUpdate
 .text.SetupPortForRemoteBootloaderUpdate
                0x08011a5c       0x52 H1FR5\H1FR5.o
                0x08011a5c                SetupPortForRemoteBootloaderUpdate
 *fill*         0x08011aae        0x2 
 .text.Module_Peripheral_Init
                0x08011ab0      0x174 H1FR5\H1FR5.o
                0x08011ab0                Module_Peripheral_Init
 .text.Module_MessagingTask
                0x08011c24      0x1ac H1FR5\H1FR5.o
                0x08011c24                Module_MessagingTask
 .text.GetPort  0x08011dd0       0x6c H1FR5\H1FR5.o
                0x08011dd0                GetPort
 .text.RegisterModuleCLICommands
                0x08011e3c       0x30 H1FR5\H1FR5.o
                0x08011e3c                RegisterModuleCLICommands
 .text.GetModuleParameter
                0x08011e6c      0x1b4 H1FR5\H1FR5.o
                0x08011e6c                GetModuleParameter
 .text.GPS      0x08012020      0x140 H1FR5\H1FR5.o
                0x08012020                GPS
 .text.PollingSleepCLISafe
                0x08012160      0x100 H1FR5\H1FR5.o
 .text.GPSHandel
                0x08012260        0xe H1FR5\H1FR5.o
                0x08012260                GPSHandel
 *fill*         0x0801226e        0x2 
 .text.SampleToPort
                0x08012270      0x4a0 H1FR5\H1FR5.o
                0x08012270                SampleToPort
 .text.SampleToTerminal
                0x08012710      0x314 H1FR5\H1FR5.o
                0x08012710                SampleToTerminal
 .text.StreamtoPort
                0x08012a24       0xfc H1FR5\H1FR5.o
                0x08012a24                StreamtoPort
 .text.StreamToTerminal
                0x08012b20       0xf0 H1FR5\H1FR5.o
                0x08012b20                StreamToTerminal
 .text.StreamTimeCallback
                0x08012c10       0xcc H1FR5\H1FR5.o
                0x08012c10                StreamTimeCallback
 .text.StreamToCLI
                0x08012cdc      0x178 H1FR5\H1FR5.o
 .text.SamplePositionToString
                0x08012e54       0x94 H1FR5\H1FR5.o
                0x08012e54                SamplePositionToString
 .text.SampleUtcToString
                0x08012ee8       0x48 H1FR5\H1FR5.o
                0x08012ee8                SampleUtcToString
 .text.SampleSpeedToString
                0x08012f30       0x54 H1FR5\H1FR5.o
                0x08012f30                SampleSpeedToString
 .text.SampleHeightToString
                0x08012f84       0x3c H1FR5\H1FR5.o
                0x08012f84                SampleHeightToString
 .text.stopStreamMems
                0x08012fc0       0x14 H1FR5\H1FR5.o
                0x08012fc0                stopStreamMems
 .text.GetPosition
                0x08012fd4       0x48 H1FR5\H1FR5.o
                0x08012fd4                GetPosition
 .text.GetUTC   0x0801301c       0x3c H1FR5\H1FR5.o
                0x0801301c                GetUTC
 .text.GetSpeed
                0x08013058       0x34 H1FR5\H1FR5.o
                0x08013058                GetSpeed
 .text.GetHeight
                0x0801308c       0x28 H1FR5\H1FR5.o
                0x0801308c                GetHeight
 .text.SampleGPSCommand
                0x080130b4      0x118 H1FR5\H1FR5.o
 .text.StreamCommandParser
                0x080131cc      0x116 H1FR5\H1FR5.o
 *fill*         0x080132e2        0x2 
 .text.StreamGPSCommand
                0x080132e4      0x210 H1FR5\H1FR5.o
 .text.StopStreamCommand
                0x080134f4       0x30 H1FR5\H1FR5.o
 .text.DMA_Init
                0x08013524       0x74 H1FR5\H1FR5_dma.o
                0x08013524                DMA_Init
 .text.SetupMessagingRxDMAs
                0x08013598       0xf4 H1FR5\H1FR5_dma.o
                0x08013598                SetupMessagingRxDMAs
 .text.DMA_MSG_RX_Setup
                0x0801368c       0x68 H1FR5\H1FR5_dma.o
                0x0801368c                DMA_MSG_RX_Setup
 .text.DMA_STREAM_Setup
                0x080136f4       0xf0 H1FR5\H1FR5_dma.o
                0x080136f4                DMA_STREAM_Setup
 .text.StopDMA  0x080137e4       0x98 H1FR5\H1FR5_dma.o
                0x080137e4                StopDMA
 .text.SwitchMsgDMAToStream
                0x0801387c       0x52 H1FR5\H1FR5_dma.o
                0x0801387c                SwitchMsgDMAToStream
 *fill*         0x080138ce        0x2 
 .text.SwitchStreamDMAToMsg
                0x080138d0       0xc8 H1FR5\H1FR5_dma.o
                0x080138d0                SwitchStreamDMAToMsg
 .text.CRC_Init
                0x08013998       0x44 H1FR5\H1FR5_dma.o
                0x08013998                CRC_Init
 .text.HAL_CRC_MspInit
                0x080139dc       0x30 H1FR5\H1FR5_dma.o
                0x080139dc                HAL_CRC_MspInit
 .text.CalculateCRC8
                0x08013a0c      0x154 H1FR5\H1FR5_dma.o
                0x08013a0c                CalculateCRC8
 .text.__NVIC_SystemReset
                0x08013b60       0x24 H1FR5\H1FR5_eeprom.o
 .text.EE_Init  0x08013b84       0x56 H1FR5\H1FR5_eeprom.o
                0x08013b84                EE_Init
 .text.EE_ReadVariable
                0x08013bda       0x42 H1FR5\H1FR5_eeprom.o
                0x08013bda                EE_ReadVariable
 .text.EE_WriteVariable
                0x08013c1c       0x72 H1FR5\H1FR5_eeprom.o
                0x08013c1c                EE_WriteVariable
 .text.EE_Format
                0x08013c8e       0x3a H1FR5\H1FR5_eeprom.o
                0x08013c8e                EE_Format
 .text.EE_FormatForFactoryReset
                0x08013cc8       0x2c H1FR5\H1FR5_eeprom.o
                0x08013cc8                EE_FormatForFactoryReset
 .text.GPIO_Init
                0x08013cf4       0x90 H1FR5\H1FR5_gpio.o
                0x08013cf4                GPIO_Init
 .text.IND_LED_Init
                0x08013d84       0x38 H1FR5\H1FR5_gpio.o
                0x08013d84                IND_LED_Init
 .text.IsFactoryReset
                0x08013dbc      0x15c H1FR5\H1FR5_gpio.o
                0x08013dbc                IsFactoryReset
 .text.GetPortGPIOs
                0x08013f18      0x11c H1FR5\H1FR5_gpio.o
                0x08013f18                GetPortGPIOs
 .text.MX_ADC_Init
                0x08014034       0x88 H1FR5\H1FR5_inputs.o
                0x08014034                MX_ADC_Init
 .text.HAL_ADC_MspInit
                0x080140bc       0xa8 H1FR5\H1FR5_inputs.o
                0x080140bc                HAL_ADC_MspInit
 .text.Error_Handler
                0x08014164       0x10 H1FR5\H1FR5_inputs.o
                0x08014164                Error_Handler
 .text.GetChannel
                0x08014174       0xa8 H1FR5\H1FR5_inputs.o
                0x08014174                GetChannel
 .text.GetRank  0x0801421c       0xa4 H1FR5\H1FR5_inputs.o
                0x0801421c                GetRank
 .text.CheckAttachedButtons
                0x080142c0      0x580 H1FR5\H1FR5_inputs.o
                0x080142c0                CheckAttachedButtons
 .text.AddPortButton
                0x08014840      0x268 H1FR5\H1FR5_inputs.o
                0x08014840                AddPortButton
 .text.RemovePortButton
                0x08014aa8      0x194 H1FR5\H1FR5_inputs.o
                0x08014aa8                RemovePortButton
 .text.SetButtonEvents
                0x08014c3c      0x174 H1FR5\H1FR5_inputs.o
                0x08014c3c                SetButtonEvents
 .text.ADCSelectPort
                0x08014db0       0x98 H1FR5\H1FR5_inputs.o
                0x08014db0                ADCSelectPort
 .text.ReadADCChannel
                0x08014e48      0x154 H1FR5\H1FR5_inputs.o
                0x08014e48                ReadADCChannel
 .text.ReadTempAndVref
                0x08014f9c      0x1dc H1FR5\H1FR5_inputs.o
                0x08014f9c                ReadTempAndVref
 .text.GetReadPercentage
                0x08015178       0x7c H1FR5\H1FR5_inputs.o
                0x08015178                GetReadPercentage
 .text.buttonReleasedCallback
                0x080151f4       0x14 H1FR5\H1FR5_inputs.o
                0x080151f4                buttonReleasedCallback
 .text.buttonClickedCallback
                0x08015208       0x14 H1FR5\H1FR5_inputs.o
                0x08015208                buttonClickedCallback
 .text.buttonDblClickedCallback
                0x0801521c       0x14 H1FR5\H1FR5_inputs.o
                0x0801521c                buttonDblClickedCallback
 .text.__NVIC_SystemReset
                0x08015230       0x24 H1FR5\H1FR5_it.o
 .text.SysTick_Handler
                0x08015254       0x12 H1FR5\H1FR5_it.o
                0x08015254                SysTick_Handler
 *fill*         0x08015266        0x2 
 .text.HardFault_Handler
                0x08015268       0x40 H1FR5\H1FR5_it.o
                0x08015268                HardFault_Handler
 .text.HAL_UARTEx_RxEventCallback
                0x080152a8       0x74 H1FR5\H1FR5_it.o
                0x080152a8                HAL_UARTEx_RxEventCallback
 .text.USART1_IRQHandler
                0x0801531c       0xac H1FR5\H1FR5_it.o
                0x0801531c                USART1_IRQHandler
 .text.USART2_LPUART2_IRQHandler
                0x080153c8       0xac H1FR5\H1FR5_it.o
                0x080153c8                USART2_LPUART2_IRQHandler
 .text.USART3_4_5_6_LPUART1_IRQHandler
                0x08015474      0x1c8 H1FR5\H1FR5_it.o
                0x08015474                USART3_4_5_6_LPUART1_IRQHandler
 .text.DMA1_Channel1_IRQHandler
                0x0801563c       0x20 H1FR5\H1FR5_it.o
                0x0801563c                DMA1_Channel1_IRQHandler
 .text.DMA1_Channel2_3_IRQHandler
                0x0801565c       0x54 H1FR5\H1FR5_it.o
                0x0801565c                DMA1_Channel2_3_IRQHandler
 .text.DMA1_Ch4_7_DMA2_Ch1_5_DMAMUX1_OVR_IRQHandler
                0x080156b0       0x68 H1FR5\H1FR5_it.o
                0x080156b0                DMA1_Ch4_7_DMA2_Ch1_5_DMAMUX1_OVR_IRQHandler
 .text.HAL_UART_TxCpltCallback
                0x08015718       0x38 H1FR5\H1FR5_it.o
                0x08015718                HAL_UART_TxCpltCallback
 .text.HAL_UART_ErrorCallback
                0x08015750       0xd4 H1FR5\H1FR5_it.o
                0x08015750                HAL_UART_ErrorCallback
 .text.HAL_UART_RxCpltCallback
                0x08015824       0x10 H1FR5\H1FR5_it.o
                0x08015824                HAL_UART_RxCpltCallback
 .text.HAL_UARTEx_WakeupCallback
                0x08015834       0x5c H1FR5\H1FR5_it.o
                0x08015834                HAL_UARTEx_WakeupCallback
 .text.vApplicationStackOverflowHook
                0x08015890       0x44 H1FR5\H1FR5_it.o
                0x08015890                vApplicationStackOverflowHook
 .text.vApplicationMallocFailedHook
                0x080158d4       0x40 H1FR5\H1FR5_it.o
                0x080158d4                vApplicationMallocFailedHook
 .text.RTC_Init
                0x08015914       0xd8 H1FR5\H1FR5_rtc.o
                0x08015914                RTC_Init
 .text.RTC_CalendarConfig
                0x080159ec      0x18c H1FR5\H1FR5_rtc.o
                0x080159ec                RTC_CalendarConfig
 .text.BOS_CalendarConfig
                0x08015b78      0x194 H1FR5\H1FR5_rtc.o
                0x08015b78                BOS_CalendarConfig
 .text.GetTimeDate
                0x08015d0c       0x90 H1FR5\H1FR5_rtc.o
                0x08015d0c                GetTimeDate
 .text.HAL_RTC_MspInit
                0x08015d9c       0x74 H1FR5\H1FR5_rtc.o
                0x08015d9c                HAL_RTC_MspInit
 .text.HAL_RTC_MspDeInit
                0x08015e10       0x44 H1FR5\H1FR5_rtc.o
                0x08015e10                HAL_RTC_MspDeInit
 .text.TIM_USEC_Init
                0x08015e54       0x74 H1FR5\H1FR5_timers.o
                0x08015e54                TIM_USEC_Init
 .text.TIM_MSEC_Init
                0x08015ec8       0x78 H1FR5\H1FR5_timers.o
                0x08015ec8                TIM_MSEC_Init
 .text.StartMicroDelay
                0x08015f40       0x48 H1FR5\H1FR5_timers.o
                0x08015f40                StartMicroDelay
 .text.StartMilliDelay
                0x08015f88       0x48 H1FR5\H1FR5_timers.o
                0x08015f88                StartMilliDelay
 .text.UARTInitGPS
                0x08015fd0       0x60 H1FR5\H1FR5_uart.o
                0x08015fd0                UARTInitGPS
 .text.MX_USART1_UART_Init
                0x08016030       0x7c H1FR5\H1FR5_uart.o
                0x08016030                MX_USART1_UART_Init
 .text.MX_USART2_UART_Init
                0x080160ac       0x7c H1FR5\H1FR5_uart.o
                0x080160ac                MX_USART2_UART_Init
 .text.MX_USART3_UART_Init
                0x08016128       0x7c H1FR5\H1FR5_uart.o
                0x08016128                MX_USART3_UART_Init
 .text.MX_USART4_UART_Init
                0x080161a4       0x60 H1FR5\H1FR5_uart.o
                0x080161a4                MX_USART4_UART_Init
 .text.MX_USART6_UART_Init
                0x08016204       0x60 H1FR5\H1FR5_uart.o
                0x08016204                MX_USART6_UART_Init
 .text.HAL_UART_MspInit
                0x08016264      0x5f0 H1FR5\H1FR5_uart.o
                0x08016264                HAL_UART_MspInit
 .text.writePxMutex
                0x08016854       0xac H1FR5\H1FR5_uart.o
                0x08016854                writePxMutex
 .text.writePxITMutex
                0x08016900       0x80 H1FR5\H1FR5_uart.o
                0x08016900                writePxITMutex
 .text.UpdateBaudrate
                0x08016980       0x3e H1FR5\H1FR5_uart.o
                0x08016980                UpdateBaudrate
 *fill*         0x080169be        0x2 
 .text.GetUart  0x080169c0       0x54 H1FR5\H1FR5_uart.o
                0x080169c0                GetUart
 .text.SwapUartPins
                0x08016a14      0x118 H1FR5\H1FR5_uart.o
                0x08016a14                SwapUartPins
 .text.ReadPortsDir
                0x08016b2c       0xa8 H1FR5\H1FR5_uart.o
                0x08016b2c                ReadPortsDir
 .text.ReadPortsDirMSG
                0x08016bd4       0x80 H1FR5\H1FR5_uart.o
                0x08016bd4                ReadPortsDirMSG
 .text.UpdateMyPortsDir
                0x08016c54       0x84 H1FR5\H1FR5_uart.o
                0x08016c54                UpdateMyPortsDir
 .text.Reset_Handler
                0x08016cd8       0x90 H1FR5\startup_stm32g0b1ceuxn.o
                0x08016cd8                Reset_Handler
 .text.Default_Handler
                0x08016d68        0x2 H1FR5\startup_stm32g0b1ceuxn.o
                0x08016d68                I2C2_3_IRQHandler
                0x08016d68                TIM1_CC_IRQHandler
                0x08016d68                ADC1_COMP_IRQHandler
                0x08016d68                NMI_Handler
                0x08016d68                I2C1_IRQHandler
                0x08016d68                TIM7_LPTIM2_IRQHandler
                0x08016d68                TIM17_FDCAN_IT1_IRQHandler
                0x08016d68                RCC_CRS_IRQHandler
                0x08016d68                RTC_TAMP_IRQHandler
                0x08016d68                SPI1_IRQHandler
                0x08016d68                USB_UCPD1_2_IRQHandler
                0x08016d68                EXTI2_3_IRQHandler
                0x08016d68                PVD_VDDIO2_IRQHandler
                0x08016d68                EXTI4_15_IRQHandler
                0x08016d68                Default_Handler
                0x08016d68                CEC_IRQHandler
                0x08016d68                TIM14_IRQHandler
                0x08016d68                TIM15_IRQHandler
                0x08016d68                TIM3_TIM4_IRQHandler
                0x08016d68                EXTI0_1_IRQHandler
                0x08016d68                SPI2_3_IRQHandler
                0x08016d68                TIM6_DAC_LPTIM1_IRQHandler
                0x08016d68                WWDG_IRQHandler
                0x08016d68                TIM2_IRQHandler
                0x08016d68                FLASH_IRQHandler
                0x08016d68                TIM16_FDCAN_IT0_IRQHandler
                0x08016d68                TIM1_BRK_UP_TRG_COM_IRQHandler
 .text.SystemInit
                0x08016d6a        0xa Thirdparty\CMSIS\STM32G0xx\Device\ST\STM32G0xx\Source\Templates\system_stm32g0xx.o
                0x08016d6a                SystemInit
 .text.LL_CRC_ResetCRCCalculationUnit
                0x08016d74       0x1c Thirdparty\EEPROM_Emul\Core\eeprom_emul.o
 .text.LL_CRC_SetPolynomialSize
                0x08016d90       0x24 Thirdparty\EEPROM_Emul\Core\eeprom_emul.o
 .text.LL_CRC_SetPolynomialCoef
                0x08016db4       0x18 Thirdparty\EEPROM_Emul\Core\eeprom_emul.o
 .text.LL_CRC_FeedData32
                0x08016dcc       0x18 Thirdparty\EEPROM_Emul\Core\eeprom_emul.o
 .text.LL_CRC_FeedData16
                0x08016de4       0x22 Thirdparty\EEPROM_Emul\Core\eeprom_emul.o
 .text.LL_CRC_ReadData16
                0x08016e06       0x16 Thirdparty\EEPROM_Emul\Core\eeprom_emul.o
 .text.LL_AHB1_GRP1_EnableClock
                0x08016e1c       0x2c Thirdparty\EEPROM_Emul\Core\eeprom_emul.o
 .text.EEPROM_Init
                0x08016e48     0x1874 Thirdparty\EEPROM_Emul\Core\eeprom_emul.o
                0x08016e48                EEPROM_Init
 .text.EEPROM_Format
                0x080186bc      0x2a8 Thirdparty\EEPROM_Emul\Core\eeprom_emul.o
                0x080186bc                EEPROM_Format
 .text.EE_ReadVariable16bits
                0x08018964       0x60 Thirdparty\EEPROM_Emul\Core\eeprom_emul.o
                0x08018964                EE_ReadVariable16bits
 .text.EE_WriteVariable16bits
                0x080189c4       0x48 Thirdparty\EEPROM_Emul\Core\eeprom_emul.o
                0x080189c4                EE_WriteVariable16bits
 .text.EE_CleanUp
                0x08018a0c      0x2a4 Thirdparty\EEPROM_Emul\Core\eeprom_emul.o
                0x08018a0c                EE_CleanUp
 .text.ReadVariable
                0x08018cb0      0x340 Thirdparty\EEPROM_Emul\Core\eeprom_emul.o
 .text.WriteVariable
                0x08018ff0       0x52 Thirdparty\EEPROM_Emul\Core\eeprom_emul.o
 .text.VerifyPageFullyErased
                0x08019042       0x4e Thirdparty\EEPROM_Emul\Core\eeprom_emul.o
 .text.FindPage
                0x08019090      0x444 Thirdparty\EEPROM_Emul\Core\eeprom_emul.o
 .text.PagesTransfer
                0x080194d4      0x8ec Thirdparty\EEPROM_Emul\Core\eeprom_emul.o
 .text.VerifyPagesFullWriteVariable
                0x08019dc0      0x1ac Thirdparty\EEPROM_Emul\Core\eeprom_emul.o
 .text.SetPageState
                0x08019f6c      0x364 Thirdparty\EEPROM_Emul\Core\eeprom_emul.o
 .text.GetPageState
                0x0801a2d0       0xa0 Thirdparty\EEPROM_Emul\Core\eeprom_emul.o
 .text.ConfigureCrc
                0x0801a370       0x34 Thirdparty\EEPROM_Emul\Core\eeprom_emul.o
                0x0801a370                ConfigureCrc
 .text.CalculateCrc
                0x0801a3a4       0x48 Thirdparty\EEPROM_Emul\Core\eeprom_emul.o
                0x0801a3a4                CalculateCrc
 .text.FI_WriteDoubleWord
                0x0801a3ec       0x22 Thirdparty\EEPROM_Emul\Porting\STM32G0\flash_interface.o
                0x0801a3ec                FI_WriteDoubleWord
 *fill*         0x0801a40e        0x2 
 .text.FI_PageErase
                0x0801a410      0x120 Thirdparty\EEPROM_Emul\Porting\STM32G0\flash_interface.o
                0x0801a410                FI_PageErase
 .text.FI_CacheFlush
                0x0801a530        0xa Thirdparty\EEPROM_Emul\Porting\STM32G0\flash_interface.o
                0x0801a530                FI_CacheFlush
 *fill*         0x0801a53a        0x2 
 .text.GetBankNumber
                0x0801a53c       0x90 Thirdparty\EEPROM_Emul\Porting\STM32G0\flash_interface.o
 .text.FI_CheckBankConfig
                0x0801a5cc       0x18 Thirdparty\EEPROM_Emul\Porting\STM32G0\flash_interface.o
                0x0801a5cc                FI_CheckBankConfig
 .text.inHandlerMode
                0x0801a5e4       0x1c Thirdparty\Middleware\STM32G0xx\FreeRTOS\Source\CMSIS_RTOS\cmsis_os.o
 .text.osKernelStart
                0x0801a600       0x10 Thirdparty\Middleware\STM32G0xx\FreeRTOS\Source\CMSIS_RTOS\cmsis_os.o
                0x0801a600                osKernelStart
 .text.osDelay  0x0801a610       0x28 Thirdparty\Middleware\STM32G0xx\FreeRTOS\Source\CMSIS_RTOS\cmsis_os.o
                0x0801a610                osDelay
 .text.osSemaphoreCreate
                0x0801a638       0x4a Thirdparty\Middleware\STM32G0xx\FreeRTOS\Source\CMSIS_RTOS\cmsis_os.o
                0x0801a638                osSemaphoreCreate
 *fill*         0x0801a682        0x2 
 .text.osSemaphoreWait
                0x0801a684       0x94 Thirdparty\Middleware\STM32G0xx\FreeRTOS\Source\CMSIS_RTOS\cmsis_os.o
                0x0801a684                osSemaphoreWait
 .text.osSemaphoreRelease
                0x0801a718       0x64 Thirdparty\Middleware\STM32G0xx\FreeRTOS\Source\CMSIS_RTOS\cmsis_os.o
                0x0801a718                osSemaphoreRelease
 .text.osSystickHandler
                0x0801a77c       0x18 Thirdparty\Middleware\STM32G0xx\FreeRTOS\Source\CMSIS_RTOS\cmsis_os.o
                0x0801a77c                osSystickHandler
 .text.FreeRTOS_CLIRegisterCommand
                0x0801a794       0x50 Thirdparty\Middleware\STM32G0xx\FreeRTOS\Source\FreeRTOS_CLI.o
                0x0801a794                FreeRTOS_CLIRegisterCommand
 .text.FreeRTOS_CLIProcessCommand
                0x0801a7e4      0x11c Thirdparty\Middleware\STM32G0xx\FreeRTOS\Source\FreeRTOS_CLI.o
                0x0801a7e4                FreeRTOS_CLIProcessCommand
 .text.FreeRTOS_CLIGetOutputBuffer
                0x0801a900       0x10 Thirdparty\Middleware\STM32G0xx\FreeRTOS\Source\FreeRTOS_CLI.o
                0x0801a900                FreeRTOS_CLIGetOutputBuffer
 .text.FreeRTOS_CLIGetParameter
                0x0801a910       0xbc Thirdparty\Middleware\STM32G0xx\FreeRTOS\Source\FreeRTOS_CLI.o
                0x0801a910                FreeRTOS_CLIGetParameter
 .text.prvHelpCommand
                0x0801a9cc      0x154 Thirdparty\Middleware\STM32G0xx\FreeRTOS\Source\FreeRTOS_CLI.o
 .text.prvGetNumberOfParameters
                0x0801ab20       0x7a Thirdparty\Middleware\STM32G0xx\FreeRTOS\Source\FreeRTOS_CLI.o
 .text.vListInitialise
                0x0801ab9a       0x3c Thirdparty\Middleware\STM32G0xx\FreeRTOS\Source\list.o
                0x0801ab9a                vListInitialise
 .text.vListInitialiseItem
                0x0801abd6       0x16 Thirdparty\Middleware\STM32G0xx\FreeRTOS\Source\list.o
                0x0801abd6                vListInitialiseItem
 .text.vListInsertEnd
                0x0801abec       0x44 Thirdparty\Middleware\STM32G0xx\FreeRTOS\Source\list.o
                0x0801abec                vListInsertEnd
 .text.vListInsert
                0x0801ac30       0x6c Thirdparty\Middleware\STM32G0xx\FreeRTOS\Source\list.o
                0x0801ac30                vListInsert
 .text.uxListRemove
                0x0801ac9c       0x50 Thirdparty\Middleware\STM32G0xx\FreeRTOS\Source\list.o
                0x0801ac9c                uxListRemove
 .text.pxPortInitialiseStack
                0x0801acec       0x54 Thirdparty\Middleware\STM32G0xx\FreeRTOS\Source\portable\GCC\ARM_CM0\port.o
                0x0801acec                pxPortInitialiseStack
 .text.prvTaskExitError
                0x0801ad40       0x1e Thirdparty\Middleware\STM32G0xx\FreeRTOS\Source\portable\GCC\ARM_CM0\port.o
 .text.SVC_Handler
                0x0801ad5e        0xa Thirdparty\Middleware\STM32G0xx\FreeRTOS\Source\portable\GCC\ARM_CM0\port.o
                0x0801ad5e                SVC_Handler
 *fill*         0x0801ad68        0x8 
 .text.vPortStartFirstTask
                0x0801ad70       0x38 Thirdparty\Middleware\STM32G0xx\FreeRTOS\Source\portable\GCC\ARM_CM0\port.o
 .text.xPortStartScheduler
                0x0801ada8       0x48 Thirdparty\Middleware\STM32G0xx\FreeRTOS\Source\portable\GCC\ARM_CM0\port.o
                0x0801ada8                xPortStartScheduler
 .text.vPortYield
                0x0801adf0       0x20 Thirdparty\Middleware\STM32G0xx\FreeRTOS\Source\portable\GCC\ARM_CM0\port.o
                0x0801adf0                vPortYield
 .text.vPortEnterCritical
                0x0801ae10       0x24 Thirdparty\Middleware\STM32G0xx\FreeRTOS\Source\portable\GCC\ARM_CM0\port.o
                0x0801ae10                vPortEnterCritical
 .text.vPortExitCritical
                0x0801ae34       0x24 Thirdparty\Middleware\STM32G0xx\FreeRTOS\Source\portable\GCC\ARM_CM0\port.o
                0x0801ae34                vPortExitCritical
 .text.ulSetInterruptMaskFromISR
                0x0801ae58        0xc Thirdparty\Middleware\STM32G0xx\FreeRTOS\Source\portable\GCC\ARM_CM0\port.o
                0x0801ae58                ulSetInterruptMaskFromISR
 .text.vClearInterruptMaskFromISR
                0x0801ae64        0x8 Thirdparty\Middleware\STM32G0xx\FreeRTOS\Source\portable\GCC\ARM_CM0\port.o
                0x0801ae64                vClearInterruptMaskFromISR
 *fill*         0x0801ae6c        0x4 
 .text.PendSV_Handler
                0x0801ae70       0x48 Thirdparty\Middleware\STM32G0xx\FreeRTOS\Source\portable\GCC\ARM_CM0\port.o
                0x0801ae70                PendSV_Handler
 .text.xPortSysTickHandler
                0x0801aeb8       0x34 Thirdparty\Middleware\STM32G0xx\FreeRTOS\Source\portable\GCC\ARM_CM0\port.o
                0x0801aeb8                xPortSysTickHandler
 .text.vPortSetupTimerInterrupt
                0x0801aeec       0x44 Thirdparty\Middleware\STM32G0xx\FreeRTOS\Source\portable\GCC\ARM_CM0\port.o
                0x0801aeec                vPortSetupTimerInterrupt
 .text.pvPortMalloc
                0x0801af30      0x140 Thirdparty\Middleware\STM32G0xx\FreeRTOS\Source\portable\MemMang\heap_4.o
                0x0801af30                pvPortMalloc
 .text.vPortFree
                0x0801b070       0x80 Thirdparty\Middleware\STM32G0xx\FreeRTOS\Source\portable\MemMang\heap_4.o
                0x0801b070                vPortFree
 .text.prvHeapInit
                0x0801b0f0       0xc0 Thirdparty\Middleware\STM32G0xx\FreeRTOS\Source\portable\MemMang\heap_4.o
 .text.prvInsertBlockIntoFreeList
                0x0801b1b0       0xb0 Thirdparty\Middleware\STM32G0xx\FreeRTOS\Source\portable\MemMang\heap_4.o
 .text.xQueueGenericReset
                0x0801b260       0x9e Thirdparty\Middleware\STM32G0xx\FreeRTOS\Source\queue.o
                0x0801b260                xQueueGenericReset
 .text.xQueueGenericCreate
                0x0801b2fe       0x52 Thirdparty\Middleware\STM32G0xx\FreeRTOS\Source\queue.o
                0x0801b2fe                xQueueGenericCreate
 .text.prvInitialiseNewQueue
                0x0801b350       0x4e Thirdparty\Middleware\STM32G0xx\FreeRTOS\Source\queue.o
 .text.xQueueCreateCountingSemaphore
                0x0801b39e       0x30 Thirdparty\Middleware\STM32G0xx\FreeRTOS\Source\queue.o
                0x0801b39e                xQueueCreateCountingSemaphore
 .text.xQueueGenericSend
                0x0801b3ce      0x12a Thirdparty\Middleware\STM32G0xx\FreeRTOS\Source\queue.o
                0x0801b3ce                xQueueGenericSend
 .text.xQueueGenericSendFromISR
                0x0801b4f8       0xa6 Thirdparty\Middleware\STM32G0xx\FreeRTOS\Source\queue.o
                0x0801b4f8                xQueueGenericSendFromISR
 .text.xQueueGiveFromISR
                0x0801b59e       0x96 Thirdparty\Middleware\STM32G0xx\FreeRTOS\Source\queue.o
                0x0801b59e                xQueueGiveFromISR
 .text.xQueueReceive
                0x0801b634      0x128 Thirdparty\Middleware\STM32G0xx\FreeRTOS\Source\queue.o
                0x0801b634                xQueueReceive
 .text.xQueueSemaphoreTake
                0x0801b75c      0x178 Thirdparty\Middleware\STM32G0xx\FreeRTOS\Source\queue.o
                0x0801b75c                xQueueSemaphoreTake
 .text.xQueueReceiveFromISR
                0x0801b8d4       0xa0 Thirdparty\Middleware\STM32G0xx\FreeRTOS\Source\queue.o
                0x0801b8d4                xQueueReceiveFromISR
 .text.prvGetDisinheritPriorityAfterTimeout
                0x0801b974       0x2c Thirdparty\Middleware\STM32G0xx\FreeRTOS\Source\queue.o
 .text.prvCopyDataToQueue
                0x0801b9a0       0xd6 Thirdparty\Middleware\STM32G0xx\FreeRTOS\Source\queue.o
 .text.prvCopyDataFromQueue
                0x0801ba76       0x4c Thirdparty\Middleware\STM32G0xx\FreeRTOS\Source\queue.o
 .text.prvUnlockQueue
                0x0801bac2       0xbc Thirdparty\Middleware\STM32G0xx\FreeRTOS\Source\queue.o
 .text.prvIsQueueEmpty
                0x0801bb7e       0x2c Thirdparty\Middleware\STM32G0xx\FreeRTOS\Source\queue.o
 .text.prvIsQueueFull
                0x0801bbaa       0x30 Thirdparty\Middleware\STM32G0xx\FreeRTOS\Source\queue.o
 *fill*         0x0801bbda        0x2 
 .text.vQueueAddToRegistry
                0x0801bbdc       0x50 Thirdparty\Middleware\STM32G0xx\FreeRTOS\Source\queue.o
                0x0801bbdc                vQueueAddToRegistry
 .text.vQueueWaitForMessageRestricted
                0x0801bc2c       0x66 Thirdparty\Middleware\STM32G0xx\FreeRTOS\Source\queue.o
                0x0801bc2c                vQueueWaitForMessageRestricted
 .text.xTaskCreate
                0x0801bc92       0x90 Thirdparty\Middleware\STM32G0xx\FreeRTOS\Source\tasks.o
                0x0801bc92                xTaskCreate
 *fill*         0x0801bd22        0x2 
 .text.prvInitialiseNewTask
                0x0801bd24      0x10c Thirdparty\Middleware\STM32G0xx\FreeRTOS\Source\tasks.o
 .text.prvAddNewTaskToReadyList
                0x0801be30       0xd0 Thirdparty\Middleware\STM32G0xx\FreeRTOS\Source\tasks.o
 .text.vTaskDelay
                0x0801bf00       0x3a Thirdparty\Middleware\STM32G0xx\FreeRTOS\Source\tasks.o
                0x0801bf00                vTaskDelay
 *fill*         0x0801bf3a        0x2 
 .text.eTaskGetState
                0x0801bf3c       0xd0 Thirdparty\Middleware\STM32G0xx\FreeRTOS\Source\tasks.o
                0x0801bf3c                eTaskGetState
 .text.uxTaskPriorityGet
                0x0801c00c       0x34 Thirdparty\Middleware\STM32G0xx\FreeRTOS\Source\tasks.o
                0x0801c00c                uxTaskPriorityGet
 .text.vTaskPrioritySet
                0x0801c040      0x110 Thirdparty\Middleware\STM32G0xx\FreeRTOS\Source\tasks.o
                0x0801c040                vTaskPrioritySet
 .text.vTaskStartScheduler
                0x0801c150       0x74 Thirdparty\Middleware\STM32G0xx\FreeRTOS\Source\tasks.o
                0x0801c150                vTaskStartScheduler
 .text.vTaskSuspendAll
                0x0801c1c4       0x18 Thirdparty\Middleware\STM32G0xx\FreeRTOS\Source\tasks.o
                0x0801c1c4                vTaskSuspendAll
 .text.xTaskResumeAll
                0x0801c1dc      0x10c Thirdparty\Middleware\STM32G0xx\FreeRTOS\Source\tasks.o
                0x0801c1dc                xTaskResumeAll
 .text.xTaskGetTickCount
                0x0801c2e8       0x1c Thirdparty\Middleware\STM32G0xx\FreeRTOS\Source\tasks.o
                0x0801c2e8                xTaskGetTickCount
 .text.xTaskGetTickCountFromISR
                0x0801c304       0x20 Thirdparty\Middleware\STM32G0xx\FreeRTOS\Source\tasks.o
                0x0801c304                xTaskGetTickCountFromISR
 .text.uxTaskGetSystemState
                0x0801c324      0x120 Thirdparty\Middleware\STM32G0xx\FreeRTOS\Source\tasks.o
                0x0801c324                uxTaskGetSystemState
 .text.xTaskIncrementTick
                0x0801c444      0x150 Thirdparty\Middleware\STM32G0xx\FreeRTOS\Source\tasks.o
                0x0801c444                xTaskIncrementTick
 .text.vTaskSwitchContext
                0x0801c594      0x124 Thirdparty\Middleware\STM32G0xx\FreeRTOS\Source\tasks.o
                0x0801c594                vTaskSwitchContext
 .text.vTaskPlaceOnEventList
                0x0801c6b8       0x34 Thirdparty\Middleware\STM32G0xx\FreeRTOS\Source\tasks.o
                0x0801c6b8                vTaskPlaceOnEventList
 .text.vTaskPlaceOnEventListRestricted
                0x0801c6ec       0x44 Thirdparty\Middleware\STM32G0xx\FreeRTOS\Source\tasks.o
                0x0801c6ec                vTaskPlaceOnEventListRestricted
 .text.xTaskRemoveFromEventList
                0x0801c730       0xb0 Thirdparty\Middleware\STM32G0xx\FreeRTOS\Source\tasks.o
                0x0801c730                xTaskRemoveFromEventList
 .text.vTaskInternalSetTimeOutState
                0x0801c7e0       0x28 Thirdparty\Middleware\STM32G0xx\FreeRTOS\Source\tasks.o
                0x0801c7e0                vTaskInternalSetTimeOutState
 .text.xTaskCheckForTimeOut
                0x0801c808       0x8c Thirdparty\Middleware\STM32G0xx\FreeRTOS\Source\tasks.o
                0x0801c808                xTaskCheckForTimeOut
 .text.vTaskMissedYield
                0x0801c894       0x14 Thirdparty\Middleware\STM32G0xx\FreeRTOS\Source\tasks.o
                0x0801c894                vTaskMissedYield
 .text.prvIdleTask
                0x0801c8a8       0x20 Thirdparty\Middleware\STM32G0xx\FreeRTOS\Source\tasks.o
 .text.prvInitialiseTaskLists
                0x0801c8c8       0x88 Thirdparty\Middleware\STM32G0xx\FreeRTOS\Source\tasks.o
 .text.prvCheckTasksWaitingTermination
                0x0801c950       0x5c Thirdparty\Middleware\STM32G0xx\FreeRTOS\Source\tasks.o
 .text.vTaskGetInfo
                0x0801c9ac       0xd8 Thirdparty\Middleware\STM32G0xx\FreeRTOS\Source\tasks.o
                0x0801c9ac                vTaskGetInfo
 .text.prvListTasksWithinSingleList
                0x0801ca84       0xa6 Thirdparty\Middleware\STM32G0xx\FreeRTOS\Source\tasks.o
 .text.prvTaskCheckFreeStackSpace
                0x0801cb2a       0x34 Thirdparty\Middleware\STM32G0xx\FreeRTOS\Source\tasks.o
 .text.prvDeleteTCB
                0x0801cb5e       0x22 Thirdparty\Middleware\STM32G0xx\FreeRTOS\Source\tasks.o
 .text.prvResetNextTaskUnblockTime
                0x0801cb80       0x3c Thirdparty\Middleware\STM32G0xx\FreeRTOS\Source\tasks.o
 .text.xTaskGetSchedulerState
                0x0801cbbc       0x38 Thirdparty\Middleware\STM32G0xx\FreeRTOS\Source\tasks.o
                0x0801cbbc                xTaskGetSchedulerState
 .text.xTaskPriorityInherit
                0x0801cbf4       0xd0 Thirdparty\Middleware\STM32G0xx\FreeRTOS\Source\tasks.o
                0x0801cbf4                xTaskPriorityInherit
 .text.xTaskPriorityDisinherit
                0x0801ccc4       0x98 Thirdparty\Middleware\STM32G0xx\FreeRTOS\Source\tasks.o
                0x0801ccc4                xTaskPriorityDisinherit
 .text.vTaskPriorityDisinheritAfterTimeout
                0x0801cd5c       0xc0 Thirdparty\Middleware\STM32G0xx\FreeRTOS\Source\tasks.o
                0x0801cd5c                vTaskPriorityDisinheritAfterTimeout
 .text.prvWriteNameToBuffer
                0x0801ce1c       0x52 Thirdparty\Middleware\STM32G0xx\FreeRTOS\Source\tasks.o
 *fill*         0x0801ce6e        0x2 
 .text.vTaskList
                0x0801ce70      0x14c Thirdparty\Middleware\STM32G0xx\FreeRTOS\Source\tasks.o
                0x0801ce70                vTaskList
 .text.vTaskGetRunTimeStats
                0x0801cfbc      0x118 Thirdparty\Middleware\STM32G0xx\FreeRTOS\Source\tasks.o
                0x0801cfbc                vTaskGetRunTimeStats
 .text.pvTaskIncrementMutexHeldCount
                0x0801d0d4       0x24 Thirdparty\Middleware\STM32G0xx\FreeRTOS\Source\tasks.o
                0x0801d0d4                pvTaskIncrementMutexHeldCount
 .text.ulTaskNotifyTake
                0x0801d0f8       0x84 Thirdparty\Middleware\STM32G0xx\FreeRTOS\Source\tasks.o
                0x0801d0f8                ulTaskNotifyTake
 .text.xTaskGenericNotify
                0x0801d17c      0x104 Thirdparty\Middleware\STM32G0xx\FreeRTOS\Source\tasks.o
                0x0801d17c                xTaskGenericNotify
 .text.xTaskGenericNotifyFromISR
                0x0801d280      0x140 Thirdparty\Middleware\STM32G0xx\FreeRTOS\Source\tasks.o
                0x0801d280                xTaskGenericNotifyFromISR
 .text.vTaskNotifyGiveFromISR
                0x0801d3c0       0xd8 Thirdparty\Middleware\STM32G0xx\FreeRTOS\Source\tasks.o
                0x0801d3c0                vTaskNotifyGiveFromISR
 .text.prvAddCurrentTaskToDelayedList
                0x0801d498       0xa8 Thirdparty\Middleware\STM32G0xx\FreeRTOS\Source\tasks.o
 .text.xTimerCreateTimerTask
                0x0801d540       0x4c Thirdparty\Middleware\STM32G0xx\FreeRTOS\Source\timers.o
                0x0801d540                xTimerCreateTimerTask
 .text.xTimerCreate
                0x0801d58c       0x46 Thirdparty\Middleware\STM32G0xx\FreeRTOS\Source\timers.o
                0x0801d58c                xTimerCreate
 .text.prvInitialiseNewTimer
                0x0801d5d2       0x5a Thirdparty\Middleware\STM32G0xx\FreeRTOS\Source\timers.o
 .text.xTimerGenericCommand
                0x0801d62c       0x8c Thirdparty\Middleware\STM32G0xx\FreeRTOS\Source\timers.o
                0x0801d62c                xTimerGenericCommand
 .text.prvProcessExpiredTimer
                0x0801d6b8       0x80 Thirdparty\Middleware\STM32G0xx\FreeRTOS\Source\timers.o
 .text.prvTimerTask
                0x0801d738       0x28 Thirdparty\Middleware\STM32G0xx\FreeRTOS\Source\timers.o
 .text.prvProcessTimerOrBlockTask
                0x0801d760       0x90 Thirdparty\Middleware\STM32G0xx\FreeRTOS\Source\timers.o
 .text.prvGetNextExpireTime
                0x0801d7f0       0x44 Thirdparty\Middleware\STM32G0xx\FreeRTOS\Source\timers.o
 .text.prvSampleTimeNow
                0x0801d834       0x40 Thirdparty\Middleware\STM32G0xx\FreeRTOS\Source\timers.o
 .text.prvInsertTimerInActiveList
                0x0801d874       0x84 Thirdparty\Middleware\STM32G0xx\FreeRTOS\Source\timers.o
 .text.prvProcessReceivedCommands
                0x0801d8f8      0x16c Thirdparty\Middleware\STM32G0xx\FreeRTOS\Source\timers.o
 .text.prvSwitchTimerLists
                0x0801da64       0xb0 Thirdparty\Middleware\STM32G0xx\FreeRTOS\Source\timers.o
 .text.prvCheckForValidListAndQueue
                0x0801db14       0x74 Thirdparty\Middleware\STM32G0xx\FreeRTOS\Source\timers.o
 .text.xTimerIsTimerActive
                0x0801db88       0x36 Thirdparty\Middleware\STM32G0xx\FreeRTOS\Source\timers.o
                0x0801db88                xTimerIsTimerActive
 *fill*         0x0801dbbe        0x2 
 .text.Incoming_Message_Handel
                0x0801dbc0       0x68 Thirdparty\SAM_M10Q\SAM_M10Q.o
                0x0801dbc0                Incoming_Message_Handel
 .text.Size_of_NMEA_Message
                0x0801dc28       0x58 Thirdparty\SAM_M10Q\SAM_M10Q.o
                0x0801dc28                Size_of_NMEA_Message
 .text.CRC_XOR  0x0801dc80       0xdc Thirdparty\SAM_M10Q\SAM_M10Q.o
                0x0801dc80                CRC_XOR
 .text.NMEA_FILL_Incoming_Message
                0x0801dd5c       0xd8 Thirdparty\SAM_M10Q\SAM_M10Q.o
                0x0801dd5c                NMEA_FILL_Incoming_Message
 .text.NMEA_Filter_Incoming_Messages
                0x0801de34       0x9c Thirdparty\SAM_M10Q\SAM_M10Q.o
                0x0801de34                NMEA_Filter_Incoming_Messages
 .text.NMEA_Field_No_INDEX
                0x0801ded0       0x7c Thirdparty\SAM_M10Q\SAM_M10Q.o
                0x0801ded0                NMEA_Field_No_INDEX
 .text.CHAR_TO_DEC
                0x0801df4c       0x32 Thirdparty\SAM_M10Q\SAM_M10Q.o
                0x0801df4c                CHAR_TO_DEC
 *fill*         0x0801df7e        0x2 
 .text.Sting_TO_DEC
                0x0801df80       0xdc Thirdparty\SAM_M10Q\SAM_M10Q.o
                0x0801df80                Sting_TO_DEC
 .text.Sting_TO_Float
                0x0801e05c      0x144 Thirdparty\SAM_M10Q\SAM_M10Q.o
                0x0801e05c                Sting_TO_Float
 .text.stringToFloat
                0x0801e1a0       0xe8 Thirdparty\SAM_M10Q\SAM_M10Q.o
                0x0801e1a0                stringToFloat
 .text.Get_GPS_GLL_Information
                0x0801e288      0x310 Thirdparty\SAM_M10Q\SAM_M10Q.o
                0x0801e288                Get_GPS_GLL_Information
 .text.Get_GPS_ZDA_Information
                0x0801e598      0x248 Thirdparty\SAM_M10Q\SAM_M10Q.o
                0x0801e598                Get_GPS_ZDA_Information
 .text.Get_GPS_RMC_Information
                0x0801e7e0      0x344 Thirdparty\SAM_M10Q\SAM_M10Q.o
                0x0801e7e0                Get_GPS_RMC_Information
 .text.Get_GPS_GSV_Information
                0x0801eb24      0x270 Thirdparty\SAM_M10Q\SAM_M10Q.o
                0x0801eb24                Get_GPS_GSV_Information
 .text.Get_GPS_GGA_GNS_Information
                0x0801ed94      0x354 Thirdparty\SAM_M10Q\SAM_M10Q.o
                0x0801ed94                Get_GPS_GGA_GNS_Information
 .text.Get_GPS_VTG_Information
                0x0801f0e8      0x108 Thirdparty\SAM_M10Q\SAM_M10Q.o
                0x0801f0e8                Get_GPS_VTG_Information
 .text.GPS_Get_Talker_ID
                0x0801f1f0       0x90 Thirdparty\SAM_M10Q\SAM_M10Q.o
                0x0801f1f0                GPS_Get_Talker_ID
 .text.GPS_Get_Message_ID
                0x0801f280      0x308 Thirdparty\SAM_M10Q\SAM_M10Q.o
                0x0801f280                GPS_Get_Message_ID
 .text.GPS_IN_Action
                0x0801f588      0x138 Thirdparty\SAM_M10Q\SAM_M10Q.o
                0x0801f588                GPS_IN_Action
 .text.HAL_Init
                0x0801f6c0       0x40 Thirdparty\STM32G0xx_HAL_Driver\Src\stm32g0xx_hal.o
                0x0801f6c0                HAL_Init
 .text.HAL_InitTick
                0x0801f700       0x94 Thirdparty\STM32G0xx_HAL_Driver\Src\stm32g0xx_hal.o
                0x0801f700                HAL_InitTick
 .text.HAL_IncTick
                0x0801f794       0x24 Thirdparty\STM32G0xx_HAL_Driver\Src\stm32g0xx_hal.o
                0x0801f794                HAL_IncTick
 .text.HAL_GetTick
                0x0801f7b8       0x14 Thirdparty\STM32G0xx_HAL_Driver\Src\stm32g0xx_hal.o
                0x0801f7b8                HAL_GetTick
 .text.HAL_Delay
                0x0801f7cc       0x48 Thirdparty\STM32G0xx_HAL_Driver\Src\stm32g0xx_hal.o
                0x0801f7cc                HAL_Delay
 .text.HAL_GetREVID
                0x0801f814       0x18 Thirdparty\STM32G0xx_HAL_Driver\Src\stm32g0xx_hal.o
                0x0801f814                HAL_GetREVID
 .text.HAL_GetDEVID
                0x0801f82c       0x18 Thirdparty\STM32G0xx_HAL_Driver\Src\stm32g0xx_hal.o
                0x0801f82c                HAL_GetDEVID
 .text.LL_ADC_SetCommonPathInternalCh
                0x0801f844       0x28 Thirdparty\STM32G0xx_HAL_Driver\Src\stm32g0xx_hal_adc.o
 .text.LL_ADC_GetCommonPathInternalCh
                0x0801f86c       0x1a Thirdparty\STM32G0xx_HAL_Driver\Src\stm32g0xx_hal_adc.o
 .text.LL_ADC_SetSamplingTimeCommonChannels
                0x0801f886       0x3a Thirdparty\STM32G0xx_HAL_Driver\Src\stm32g0xx_hal_adc.o
 .text.LL_ADC_GetSamplingTimeCommonChannels
                0x0801f8c0       0x2e Thirdparty\STM32G0xx_HAL_Driver\Src\stm32g0xx_hal_adc.o
 .text.LL_ADC_REG_IsTriggerSourceSWStart
                0x0801f8ee       0x22 Thirdparty\STM32G0xx_HAL_Driver\Src\stm32g0xx_hal_adc.o
 .text.LL_ADC_REG_SetSequencerRanks
                0x0801f910       0x40 Thirdparty\STM32G0xx_HAL_Driver\Src\stm32g0xx_hal_adc.o
 .text.LL_ADC_REG_SetSequencerChAdd
                0x0801f950       0x22 Thirdparty\STM32G0xx_HAL_Driver\Src\stm32g0xx_hal_adc.o
 .text.LL_ADC_REG_SetSequencerChRem
                0x0801f972       0x24 Thirdparty\STM32G0xx_HAL_Driver\Src\stm32g0xx_hal_adc.o
 *fill*         0x0801f996        0x2 
 .text.LL_ADC_SetChannelSamplingTime
                0x0801f998       0x38 Thirdparty\STM32G0xx_HAL_Driver\Src\stm32g0xx_hal_adc.o
 .text.LL_ADC_EnableInternalRegulator
                0x0801f9d0       0x28 Thirdparty\STM32G0xx_HAL_Driver\Src\stm32g0xx_hal_adc.o
 .text.LL_ADC_IsInternalRegulatorEnabled
                0x0801f9f8       0x28 Thirdparty\STM32G0xx_HAL_Driver\Src\stm32g0xx_hal_adc.o
 .text.LL_ADC_Enable
                0x0801fa20       0x24 Thirdparty\STM32G0xx_HAL_Driver\Src\stm32g0xx_hal_adc.o
 .text.LL_ADC_Disable
                0x0801fa44       0x24 Thirdparty\STM32G0xx_HAL_Driver\Src\stm32g0xx_hal_adc.o
 .text.LL_ADC_IsEnabled
                0x0801fa68       0x22 Thirdparty\STM32G0xx_HAL_Driver\Src\stm32g0xx_hal_adc.o
 .text.LL_ADC_IsDisableOngoing
                0x0801fa8a       0x22 Thirdparty\STM32G0xx_HAL_Driver\Src\stm32g0xx_hal_adc.o
 .text.LL_ADC_REG_StartConversion
                0x0801faac       0x24 Thirdparty\STM32G0xx_HAL_Driver\Src\stm32g0xx_hal_adc.o
 .text.LL_ADC_REG_StopConversion
                0x0801fad0       0x24 Thirdparty\STM32G0xx_HAL_Driver\Src\stm32g0xx_hal_adc.o
 .text.LL_ADC_REG_IsConversionOngoing
                0x0801faf4       0x22 Thirdparty\STM32G0xx_HAL_Driver\Src\stm32g0xx_hal_adc.o
 *fill*         0x0801fb16        0x2 
 .text.HAL_ADC_Init
                0x0801fb18      0x350 Thirdparty\STM32G0xx_HAL_Driver\Src\stm32g0xx_hal_adc.o
                0x0801fb18                HAL_ADC_Init
 .text.HAL_ADC_Start
                0x0801fe68       0x9c Thirdparty\STM32G0xx_HAL_Driver\Src\stm32g0xx_hal_adc.o
                0x0801fe68                HAL_ADC_Start
 .text.HAL_ADC_Stop
                0x0801ff04       0x78 Thirdparty\STM32G0xx_HAL_Driver\Src\stm32g0xx_hal_adc.o
                0x0801ff04                HAL_ADC_Stop
 .text.HAL_ADC_PollForConversion
                0x0801ff7c      0x128 Thirdparty\STM32G0xx_HAL_Driver\Src\stm32g0xx_hal_adc.o
                0x0801ff7c                HAL_ADC_PollForConversion
 .text.HAL_ADC_GetValue
                0x080200a4       0x16 Thirdparty\STM32G0xx_HAL_Driver\Src\stm32g0xx_hal_adc.o
                0x080200a4                HAL_ADC_GetValue
 *fill*         0x080200ba        0x2 
 .text.HAL_ADC_ConfigChannel
                0x080200bc      0x3b0 Thirdparty\STM32G0xx_HAL_Driver\Src\stm32g0xx_hal_adc.o
                0x080200bc                HAL_ADC_ConfigChannel
 .text.ADC_ConversionStop
                0x0802046c       0x84 Thirdparty\STM32G0xx_HAL_Driver\Src\stm32g0xx_hal_adc.o
                0x0802046c                ADC_ConversionStop
 .text.ADC_Enable
                0x080204f0      0x10c Thirdparty\STM32G0xx_HAL_Driver\Src\stm32g0xx_hal_adc.o
                0x080204f0                ADC_Enable
 .text.ADC_Disable
                0x080205fc       0xbc Thirdparty\STM32G0xx_HAL_Driver\Src\stm32g0xx_hal_adc.o
                0x080205fc                ADC_Disable
 .text.__NVIC_EnableIRQ
                0x080206b8       0x34 Thirdparty\STM32G0xx_HAL_Driver\Src\stm32g0xx_hal_cortex.o
 .text.__NVIC_SetPriority
                0x080206ec       0xdc Thirdparty\STM32G0xx_HAL_Driver\Src\stm32g0xx_hal_cortex.o
 .text.SysTick_Config
                0x080207c8       0x48 Thirdparty\STM32G0xx_HAL_Driver\Src\stm32g0xx_hal_cortex.o
 .text.HAL_NVIC_SetPriority
                0x08020810       0x2a Thirdparty\STM32G0xx_HAL_Driver\Src\stm32g0xx_hal_cortex.o
                0x08020810                HAL_NVIC_SetPriority
 .text.HAL_NVIC_EnableIRQ
                0x0802083a       0x20 Thirdparty\STM32G0xx_HAL_Driver\Src\stm32g0xx_hal_cortex.o
                0x0802083a                HAL_NVIC_EnableIRQ
 .text.HAL_SYSTICK_Config
                0x0802085a       0x1a Thirdparty\STM32G0xx_HAL_Driver\Src\stm32g0xx_hal_cortex.o
                0x0802085a                HAL_SYSTICK_Config
 .text.HAL_CRC_Init
                0x08020874       0xcc Thirdparty\STM32G0xx_HAL_Driver\Src\stm32g0xx_hal_crc.o
                0x08020874                HAL_CRC_Init
 .text.HAL_CRC_Accumulate
                0x08020940       0x8e Thirdparty\STM32G0xx_HAL_Driver\Src\stm32g0xx_hal_crc.o
                0x08020940                HAL_CRC_Accumulate
 .text.HAL_CRC_Calculate
                0x080209ce       0x9e Thirdparty\STM32G0xx_HAL_Driver\Src\stm32g0xx_hal_crc.o
                0x080209ce                HAL_CRC_Calculate
 .text.CRC_Handle_8
                0x08020a6c      0x122 Thirdparty\STM32G0xx_HAL_Driver\Src\stm32g0xx_hal_crc.o
 .text.CRC_Handle_16
                0x08020b8e       0x6e Thirdparty\STM32G0xx_HAL_Driver\Src\stm32g0xx_hal_crc.o
 .text.HAL_CRCEx_Polynomial_Set
                0x08020bfc       0xea Thirdparty\STM32G0xx_HAL_Driver\Src\stm32g0xx_hal_crc_ex.o
                0x08020bfc                HAL_CRCEx_Polynomial_Set
 *fill*         0x08020ce6        0x2 
 .text.HAL_DMA_Init
                0x08020ce8      0x158 Thirdparty\STM32G0xx_HAL_Driver\Src\stm32g0xx_hal_dma.o
                0x08020ce8                HAL_DMA_Init
 .text.HAL_DMA_Start_IT
                0x08020e40      0x10c Thirdparty\STM32G0xx_HAL_Driver\Src\stm32g0xx_hal_dma.o
                0x08020e40                HAL_DMA_Start_IT
 .text.HAL_DMA_Abort
                0x08020f4c       0xc0 Thirdparty\STM32G0xx_HAL_Driver\Src\stm32g0xx_hal_dma.o
                0x08020f4c                HAL_DMA_Abort
 .text.HAL_DMA_Abort_IT
                0x0802100c       0xd0 Thirdparty\STM32G0xx_HAL_Driver\Src\stm32g0xx_hal_dma.o
                0x0802100c                HAL_DMA_Abort_IT
 .text.HAL_DMA_IRQHandler
                0x080210dc      0x188 Thirdparty\STM32G0xx_HAL_Driver\Src\stm32g0xx_hal_dma.o
                0x080210dc                HAL_DMA_IRQHandler
 .text.HAL_DMA_GetError
                0x08021264       0x14 Thirdparty\STM32G0xx_HAL_Driver\Src\stm32g0xx_hal_dma.o
                0x08021264                HAL_DMA_GetError
 .text.DMA_SetConfig
                0x08021278       0x78 Thirdparty\STM32G0xx_HAL_Driver\Src\stm32g0xx_hal_dma.o
 .text.DMA_CalcDMAMUXChannelBaseAndMask
                0x080212f0       0x94 Thirdparty\STM32G0xx_HAL_Driver\Src\stm32g0xx_hal_dma.o
 .text.DMA_CalcDMAMUXRequestGenBaseAndMask
                0x08021384       0x48 Thirdparty\STM32G0xx_HAL_Driver\Src\stm32g0xx_hal_dma.o
 .text.HAL_FLASH_Program
                0x080213cc       0x9c Thirdparty\STM32G0xx_HAL_Driver\Src\stm32g0xx_hal_flash.o
                0x080213cc                HAL_FLASH_Program
 .text.HAL_FLASH_Unlock
                0x08021468       0x48 Thirdparty\STM32G0xx_HAL_Driver\Src\stm32g0xx_hal_flash.o
                0x08021468                HAL_FLASH_Unlock
 .text.HAL_FLASH_Lock
                0x080214b0       0x44 Thirdparty\STM32G0xx_HAL_Driver\Src\stm32g0xx_hal_flash.o
                0x080214b0                HAL_FLASH_Lock
 .text.FLASH_WaitForLastOperation
                0x080214f4       0x9c Thirdparty\STM32G0xx_HAL_Driver\Src\stm32g0xx_hal_flash.o
                0x080214f4                FLASH_WaitForLastOperation
 .text.FLASH_Program_DoubleWord
                0x08021590       0x40 Thirdparty\STM32G0xx_HAL_Driver\Src\stm32g0xx_hal_flash.o
 .text.HAL_FLASHEx_Erase
                0x080215d0       0xe0 Thirdparty\STM32G0xx_HAL_Driver\Src\stm32g0xx_hal_flash_ex.o
                0x080215d0                HAL_FLASHEx_Erase
 .text.FLASH_MassErase
                0x080216b0       0x28 Thirdparty\STM32G0xx_HAL_Driver\Src\stm32g0xx_hal_flash_ex.o
 .text.FLASH_PageErase
                0x080216d8       0x58 Thirdparty\STM32G0xx_HAL_Driver\Src\stm32g0xx_hal_flash_ex.o
                0x080216d8                FLASH_PageErase
 .text.HAL_GPIO_Init
                0x08021730      0x2d8 Thirdparty\STM32G0xx_HAL_Driver\Src\stm32g0xx_hal_gpio.o
                0x08021730                HAL_GPIO_Init
 .text.HAL_GPIO_ReadPin
                0x08021a08       0x3a Thirdparty\STM32G0xx_HAL_Driver\Src\stm32g0xx_hal_gpio.o
                0x08021a08                HAL_GPIO_ReadPin
 .text.HAL_GPIO_WritePin
                0x08021a42       0x3a Thirdparty\STM32G0xx_HAL_Driver\Src\stm32g0xx_hal_gpio.o
                0x08021a42                HAL_GPIO_WritePin
 .text.HAL_GPIO_TogglePin
                0x08021a7c       0x36 Thirdparty\STM32G0xx_HAL_Driver\Src\stm32g0xx_hal_gpio.o
                0x08021a7c                HAL_GPIO_TogglePin
 .text.HAL_MspInit
                0x08021ab2        0xa Thirdparty\STM32G0xx_HAL_Driver\Src\stm32g0xx_hal_msp_template.o
                0x08021ab2                HAL_MspInit
 .text.HAL_PWR_EnableWakeUpPin
                0x08021abc       0x40 Thirdparty\STM32G0xx_HAL_Driver\Src\stm32g0xx_hal_pwr.o
                0x08021abc                HAL_PWR_EnableWakeUpPin
 .text.HAL_PWR_DisableWakeUpPin
                0x08021afc       0x28 Thirdparty\STM32G0xx_HAL_Driver\Src\stm32g0xx_hal_pwr.o
                0x08021afc                HAL_PWR_DisableWakeUpPin
 .text.HAL_PWR_EnterSTOPMode
                0x08021b24       0x70 Thirdparty\STM32G0xx_HAL_Driver\Src\stm32g0xx_hal_pwr.o
                0x08021b24                HAL_PWR_EnterSTOPMode
 .text.HAL_PWR_EnterSTANDBYMode
                0x08021b94       0x34 Thirdparty\STM32G0xx_HAL_Driver\Src\stm32g0xx_hal_pwr.o
                0x08021b94                HAL_PWR_EnterSTANDBYMode
 .text.HAL_PWREx_EnableSRAMRetention
                0x08021bc8       0x1c Thirdparty\STM32G0xx_HAL_Driver\Src\stm32g0xx_hal_pwr_ex.o
                0x08021bc8                HAL_PWREx_EnableSRAMRetention
 .text.HAL_PWREx_ControlVoltageScaling
                0x08021be4       0x80 Thirdparty\STM32G0xx_HAL_Driver\Src\stm32g0xx_hal_pwr_ex.o
                0x08021be4                HAL_PWREx_ControlVoltageScaling
 .text.LL_RCC_GetAPB1Prescaler
                0x08021c64       0x18 Thirdparty\STM32G0xx_HAL_Driver\Src\stm32g0xx_hal_rcc.o
 .text.HAL_RCC_OscConfig
                0x08021c7c      0x6c0 Thirdparty\STM32G0xx_HAL_Driver\Src\stm32g0xx_hal_rcc.o
                0x08021c7c                HAL_RCC_OscConfig
 .text.HAL_RCC_ClockConfig
                0x0802233c      0x210 Thirdparty\STM32G0xx_HAL_Driver\Src\stm32g0xx_hal_rcc.o
                0x0802233c                HAL_RCC_ClockConfig
 .text.HAL_RCC_GetSysClockFreq
                0x0802254c      0x104 Thirdparty\STM32G0xx_HAL_Driver\Src\stm32g0xx_hal_rcc.o
                0x0802254c                HAL_RCC_GetSysClockFreq
 .text.HAL_RCC_GetHCLKFreq
                0x08022650       0x14 Thirdparty\STM32G0xx_HAL_Driver\Src\stm32g0xx_hal_rcc.o
                0x08022650                HAL_RCC_GetHCLKFreq
 .text.HAL_RCC_GetPCLK1Freq
                0x08022664       0x2c Thirdparty\STM32G0xx_HAL_Driver\Src\stm32g0xx_hal_rcc.o
                0x08022664                HAL_RCC_GetPCLK1Freq
 .text.HAL_RCCEx_PeriphCLKConfig
                0x08022690      0x478 Thirdparty\STM32G0xx_HAL_Driver\Src\stm32g0xx_hal_rcc_ex.o
                0x08022690                HAL_RCCEx_PeriphCLKConfig
 .text.HAL_RTC_Init
                0x08022b08      0x144 Thirdparty\STM32G0xx_HAL_Driver\Src\stm32g0xx_hal_rtc.o
                0x08022b08                HAL_RTC_Init
 .text.HAL_RTC_DeInit
                0x08022c4c      0x138 Thirdparty\STM32G0xx_HAL_Driver\Src\stm32g0xx_hal_rtc.o
                0x08022c4c                HAL_RTC_DeInit
 .text.HAL_RTC_SetTime
                0x08022d84      0x150 Thirdparty\STM32G0xx_HAL_Driver\Src\stm32g0xx_hal_rtc.o
                0x08022d84                HAL_RTC_SetTime
 .text.HAL_RTC_GetTime
                0x08022ed4       0xb8 Thirdparty\STM32G0xx_HAL_Driver\Src\stm32g0xx_hal_rtc.o
                0x08022ed4                HAL_RTC_GetTime
 .text.HAL_RTC_SetDate
                0x08022f8c      0x124 Thirdparty\STM32G0xx_HAL_Driver\Src\stm32g0xx_hal_rtc.o
                0x08022f8c                HAL_RTC_SetDate
 .text.HAL_RTC_GetDate
                0x080230b0       0x9c Thirdparty\STM32G0xx_HAL_Driver\Src\stm32g0xx_hal_rtc.o
                0x080230b0                HAL_RTC_GetDate
 .text.HAL_RTC_WaitForSynchro
                0x0802314c       0x4c Thirdparty\STM32G0xx_HAL_Driver\Src\stm32g0xx_hal_rtc.o
                0x0802314c                HAL_RTC_WaitForSynchro
 .text.RTC_EnterInitMode
                0x08023198       0x84 Thirdparty\STM32G0xx_HAL_Driver\Src\stm32g0xx_hal_rtc.o
                0x08023198                RTC_EnterInitMode
 .text.RTC_ExitInitMode
                0x0802321c       0x88 Thirdparty\STM32G0xx_HAL_Driver\Src\stm32g0xx_hal_rtc.o
                0x0802321c                RTC_ExitInitMode
 .text.RTC_ByteToBcd2
                0x080232a4       0x50 Thirdparty\STM32G0xx_HAL_Driver\Src\stm32g0xx_hal_rtc.o
                0x080232a4                RTC_ByteToBcd2
 .text.RTC_Bcd2ToByte
                0x080232f4       0x3a Thirdparty\STM32G0xx_HAL_Driver\Src\stm32g0xx_hal_rtc.o
                0x080232f4                RTC_Bcd2ToByte
 .text.HAL_RTCEx_BKUPWrite
                0x0802332e       0x3a Thirdparty\STM32G0xx_HAL_Driver\Src\stm32g0xx_hal_rtc_ex.o
                0x0802332e                HAL_RTCEx_BKUPWrite
 .text.HAL_RTCEx_BKUPRead
                0x08023368       0x36 Thirdparty\STM32G0xx_HAL_Driver\Src\stm32g0xx_hal_rtc_ex.o
                0x08023368                HAL_RTCEx_BKUPRead
 .text.HAL_TIM_Base_Init
                0x0802339e       0xb0 Thirdparty\STM32G0xx_HAL_Driver\Src\stm32g0xx_hal_tim.o
                0x0802339e                HAL_TIM_Base_Init
 .text.HAL_TIM_Base_MspInit
                0x0802344e       0x10 Thirdparty\STM32G0xx_HAL_Driver\Src\stm32g0xx_hal_tim.o
                0x0802344e                HAL_TIM_Base_MspInit
 *fill*         0x0802345e        0x2 
 .text.HAL_TIM_Base_Start